Component: Arm Compiler for Embedded 6.18 Tool: armlink [5e4cc100]

==============================================================================

Section Cross References

    main.o(.text) refers (Special) to _printf_percent.o(.ARM.Collect$$_printf_percent$$00000000) for _printf_percent
    main.o(.text) refers (Special) to _printf_u.o(.ARM.Collect$$_printf_percent$$0000000A) for _printf_u
    main.o(.text) refers (Special) to _printf_dec.o(.text) for _printf_int_dec
    main.o(.text.PortM_Init) refers (Special) to _printf_percent.o(.ARM.Collect$$_printf_percent$$00000000) for _printf_percent
    main.o(.text.PortM_Init) refers (Special) to _printf_u.o(.ARM.Collect$$_printf_percent$$0000000A) for _printf_u
    main.o(.text.PortM_Init) refers (Special) to _printf_dec.o(.text) for _printf_int_dec
    main.o(.ARM.exidx.text.PortM_Init) refers (Special) to _printf_percent.o(.ARM.Collect$$_printf_percent$$00000000) for _printf_percent
    main.o(.ARM.exidx.text.PortM_Init) refers (Special) to _printf_u.o(.ARM.Collect$$_printf_percent$$0000000A) for _printf_u
    main.o(.ARM.exidx.text.PortM_Init) refers (Special) to _printf_dec.o(.text) for _printf_int_dec
    main.o(.ARM.exidx.text.PortM_Init) refers to main.o(.text.PortM_Init) for [Anonymous Symbol]
    main.o(.text.step) refers (Special) to _printf_percent.o(.ARM.Collect$$_printf_percent$$00000000) for _printf_percent
    main.o(.text.step) refers (Special) to _printf_u.o(.ARM.Collect$$_printf_percent$$0000000A) for _printf_u
    main.o(.text.step) refers (Special) to _printf_dec.o(.text) for _printf_int_dec
    main.o(.text.step) refers to main.o(.rodata.cst4) for .L__const.step.cw_sequence
    main.o(.text.step) refers to main.o(.data.motor) for motor
    main.o(.text.step) refers to systick.o(.text.SysTick_Wait1ms) for SysTick_Wait1ms
    main.o(.ARM.exidx.text.step) refers (Special) to _printf_percent.o(.ARM.Collect$$_printf_percent$$00000000) for _printf_percent
    main.o(.ARM.exidx.text.step) refers (Special) to _printf_u.o(.ARM.Collect$$_printf_percent$$0000000A) for _printf_u
    main.o(.ARM.exidx.text.step) refers (Special) to _printf_dec.o(.text) for _printf_int_dec
    main.o(.ARM.exidx.text.step) refers to main.o(.text.step) for [Anonymous Symbol]
    main.o(.text.I2C_Init) refers (Special) to _printf_percent.o(.ARM.Collect$$_printf_percent$$00000000) for _printf_percent
    main.o(.text.I2C_Init) refers (Special) to _printf_u.o(.ARM.Collect$$_printf_percent$$0000000A) for _printf_u
    main.o(.text.I2C_Init) refers (Special) to _printf_dec.o(.text) for _printf_int_dec
    main.o(.ARM.exidx.text.I2C_Init) refers (Special) to _printf_percent.o(.ARM.Collect$$_printf_percent$$00000000) for _printf_percent
    main.o(.ARM.exidx.text.I2C_Init) refers (Special) to _printf_u.o(.ARM.Collect$$_printf_percent$$0000000A) for _printf_u
    main.o(.ARM.exidx.text.I2C_Init) refers (Special) to _printf_dec.o(.text) for _printf_int_dec
    main.o(.ARM.exidx.text.I2C_Init) refers to main.o(.text.I2C_Init) for [Anonymous Symbol]
    main.o(.text.EnableInt) refers (Special) to _printf_percent.o(.ARM.Collect$$_printf_percent$$00000000) for _printf_percent
    main.o(.text.EnableInt) refers (Special) to _printf_u.o(.ARM.Collect$$_printf_percent$$0000000A) for _printf_u
    main.o(.text.EnableInt) refers (Special) to _printf_dec.o(.text) for _printf_int_dec
    main.o(.ARM.exidx.text.EnableInt) refers (Special) to _printf_percent.o(.ARM.Collect$$_printf_percent$$00000000) for _printf_percent
    main.o(.ARM.exidx.text.EnableInt) refers (Special) to _printf_u.o(.ARM.Collect$$_printf_percent$$0000000A) for _printf_u
    main.o(.ARM.exidx.text.EnableInt) refers (Special) to _printf_dec.o(.text) for _printf_int_dec
    main.o(.ARM.exidx.text.EnableInt) refers to main.o(.text.EnableInt) for [Anonymous Symbol]
    main.o(.text.DisableInt) refers (Special) to _printf_percent.o(.ARM.Collect$$_printf_percent$$00000000) for _printf_percent
    main.o(.text.DisableInt) refers (Special) to _printf_u.o(.ARM.Collect$$_printf_percent$$0000000A) for _printf_u
    main.o(.text.DisableInt) refers (Special) to _printf_dec.o(.text) for _printf_int_dec
    main.o(.ARM.exidx.text.DisableInt) refers (Special) to _printf_percent.o(.ARM.Collect$$_printf_percent$$00000000) for _printf_percent
    main.o(.ARM.exidx.text.DisableInt) refers (Special) to _printf_u.o(.ARM.Collect$$_printf_percent$$0000000A) for _printf_u
    main.o(.ARM.exidx.text.DisableInt) refers (Special) to _printf_dec.o(.text) for _printf_int_dec
    main.o(.ARM.exidx.text.DisableInt) refers to main.o(.text.DisableInt) for [Anonymous Symbol]
    main.o(.text.WaitForInt) refers (Special) to _printf_percent.o(.ARM.Collect$$_printf_percent$$00000000) for _printf_percent
    main.o(.text.WaitForInt) refers (Special) to _printf_u.o(.ARM.Collect$$_printf_percent$$0000000A) for _printf_u
    main.o(.text.WaitForInt) refers (Special) to _printf_dec.o(.text) for _printf_int_dec
[...]
    __rtentry2.o(.ARM.exidx) refers to __rtentry2.o(.ARM.Collect$$rtentry$$0000000A) for .ARM.Collect$$rtentry$$0000000A
    __rtentry2.o(.ARM.exidx) refers to __rtentry2.o(.ARM.Collect$$rtentry$$0000000B) for .ARM.Collect$$rtentry$$0000000B
    __rtentry2.o(.ARM.exidx) refers to __rtentry2.o(.ARM.Collect$$rtentry$$0000000D) for .ARM.Collect$$rtentry$$0000000D
    __rtentry4.o(.ARM.Collect$$rtentry$$00000004) refers to sys_stackheap_outer.o(.text) for __user_setup_stackheap
    __rtentry4.o(.ARM.exidx) refers to __rtentry4.o(.ARM.Collect$$rtentry$$00000004) for .ARM.Collect$$rtentry$$00000004
    sys_stackheap_outer.o(.text) refers to libspace.o(.text) for __user_perproc_libspace
    sys_stackheap_outer.o(.text) refers to startup_msp432e401y_uvision.o(.text) for __user_initial_stackheap
    exit.o(.text) refers to rtexit.o(.ARM.Collect$$rtexit$$00000000) for __rt_exit
    libinit.o(.ARM.Collect$$libinit$$00000000) refers (Special) to libinit2.o(.ARM.Collect$$libinit$$00000030) for __rt_lib_init_alloca_1
    libinit.o(.ARM.Collect$$libinit$$00000000) refers (Special) to libinit2.o(.ARM.Collect$$libinit$$0000002E) for __rt_lib_init_argv_1
    libinit.o(.ARM.Collect$$libinit$$00000000) refers (Special) to libinit2.o(.ARM.Collect$$libinit$$0000001D) for __rt_lib_init_atexit_1
    libinit.o(.ARM.Collect$$libinit$$00000000) refers (Special) to libinit2.o(.ARM.Collect$$libinit$$00000023) for __rt_lib_init_clock_1
    libinit.o(.ARM.Collect$$libinit$$00000000) refers (Special) to libinit2.o(.ARM.Collect$$libinit$$00000034) for __rt_lib_init_cpp_1
    libinit.o(.ARM.Collect$$libinit$$00000000) refers (Special) to libinit2.o(.ARM.Collect$$libinit$$00000032) for __rt_lib_init_exceptions_1
    libinit.o(.ARM.Collect$$libinit$$00000000) refers (Special) to libinit2.o(.ARM.Collect$$libinit$$00000001) for __rt_lib_init_fp_1
    libinit.o(.ARM.Collect$$libinit$$00000000) refers (Special) to libinit2.o(.ARM.Collect$$libinit$$00000021) for __rt_lib_init_fp_trap_1
    libinit.o(.ARM.Collect$$libinit$$00000000) refers (Special) to libinit2.o(.ARM.Collect$$libinit$$00000025) for __rt_lib_init_getenv_1
    libinit.o(.ARM.Collect$$libinit$$00000000) refers (Special) to libinit2.o(.ARM.Collect$$libinit$$0000000C) for __rt_lib_init_heap_1
    libinit.o(.ARM.Collect$$libinit$$00000000) refers (Special) to libinit2.o(.ARM.Collect$$libinit$$00000013) for __rt_lib_init_lc_collate_1
    libinit.o(.ARM.Collect$$libinit$$00000000) refers (Special) to libinit2.o(.ARM.Collect$$libinit$$00000015) for __rt_lib_init_lc_ctype_1
    libinit.o(.ARM.Collect$$libinit$$00000000) refers (Special) to libinit2.o(.ARM.Collect$$libinit$$00000017) for __rt_lib_init_lc_monetary_1
    libinit.o(.ARM.Collect$$libinit$$00000000) refers (Special) to libinit2.o(.ARM.Collect$$libinit$$00000019) for __rt_lib_init_lc_numeric_1
    libinit.o(.ARM.Collect$$libinit$$00000000) refers (Special) to libinit2.o(.ARM.Collect$$libinit$$0000001B) for __rt_lib_init_lc_time_1
    libinit.o(.ARM.Collect$$libinit$$00000000) refers (Special) to libinit2.o(.ARM.Collect$$libinit$$00000006) for __rt_lib_init_preinit_1
    libinit.o(.ARM.Collect$$libinit$$00000000) refers (Special) to libinit2.o(.ARM.Collect$$libinit$$00000010) for __rt_lib_init_rand_1
    libinit.o(.ARM.Collect$$libinit$$00000000) refers (Special) to libinit2.o(.ARM.Collect$$libinit$$00000004) for __rt_lib_init_relocate_pie_1
    libinit.o(.ARM.Collect$$libinit$$00000000) refers (Special) to libinit2.o(.ARM.Collect$$libinit$$00000035) for __rt_lib_init_return
    libinit.o(.ARM.Collect$$libinit$$00000000) refers (Special) to libinit2.o(.ARM.Collect$$libinit$$0000001F) for __rt_lib_init_signal_1
    libinit.o(.ARM.Collect$$libinit$$00000000) refers (Special) to libinit2.o(.ARM.Collect$$libinit$$00000027) for __rt_lib_init_stdio_1
    libinit.o(.ARM.Collect$$libinit$$00000000) refers (Special) to libinit2.o(.ARM.Collect$$libinit$$0000000E) for __rt_lib_init_user_alloc_1
    libspace.o(.text) refers to libspace.o(.bss) for __libspace_start
    rtexit.o(.ARM.Collect$$rtexit$$00000000) refers (Special) to rtexit2.o(.ARM.Collect$$rtexit$$00000004) for __rt_exit_exit
    rtexit.o(.ARM.Collect$$rtexit$$00000000) refers (Special) to rtexit2.o(.ARM.Collect$$rtexit$$00000003) for __rt_exit_ls
    rtexit.o(.ARM.Collect$$rtexit$$00000000) refers (Special) to rtexit2.o(.ARM.Collect$$rtexit$$00000002) for __rt_exit_prels_1
    rtexit.o(.ARM.exidx) refers (Special) to rtexit2.o(.ARM.Collect$$rtexit$$00000004) for __rt_exit_exit
    rtexit.o(.ARM.exidx) refers (Special) to rtexit2.o(.ARM.Collect$$rtexit$$00000003) for __rt_exit_ls
    rtexit.o(.ARM.exidx) refers (Special) to rtexit2.o(.ARM.Collect$$rtexit$$00000002) for __rt_exit_prels_1
    rtexit.o(.ARM.exidx) refers to rtexit.o(.ARM.Collect$$rtexit$$00000000) for .ARM.Collect$$rtexit$$00000000
    libinit2.o(.ARM.Collect$$libinit$$00000001) refers to fpinit.o(x$fpl$fpinit) for _fp_init
    libinit2.o(.ARM.Collect$$libinit$$00000012) refers to libinit2.o(.ARM.Collect$$libinit$$00000011) for .ARM.Collect$$libinit$$00000011
    libinit2.o(.ARM.Collect$$libinit$$00000014) refers to libinit2.o(.ARM.Collect$$libinit$$00000011) for .ARM.Collect$$libinit$$00000011
    libinit2.o(.ARM.Collect$$libinit$$00000016) refers to libinit2.o(.ARM.Collect$$libinit$$00000011) for .ARM.Collect$$libinit$$00000011
    libinit2.o(.ARM.Collect$$libinit$$00000018) refers to libinit2.o(.ARM.Collect$$libinit$$00000011) for .ARM.Collect$$libinit$$00000011
    libinit2.o(.ARM.Collect$$libinit$$0000001A) refers to libinit2.o(.ARM.Collect$$libinit$$00000011) for .ARM.Collect$$libinit$$00000011
    libinit2.o(.ARM.Collect$$libinit$$00000028) refers to argv_veneer.o(.emb_text) for __ARM_argv_veneer
    libinit2.o(.ARM.Collect$$libinit$$00000029) refers to argv_veneer.o(.emb_text) for __ARM_argv_veneer
    rtexit2.o(.ARM.Collect$$rtexit$$00000003) refers to libshutdown.o(.ARM.Collect$$libshutdown$$00000000) for __rt_lib_shutdown
    rtexit2.o(.ARM.Collect$$rtexit$$00000004) refers to sys_exit.o(.text) for _sys_exit
    rtexit2.o(.ARM.exidx) refers to rtexit2.o(.ARM.Collect$$rtexit$$00000001) for .ARM.Collect$$rtexit$$00000001
    rtexit2.o(.ARM.exidx) refers to rtexit2.o(.ARM.Collect$$rtexit$$00000003) for .ARM.Collect$$rtexit$$00000003
    rtexit2.o(.ARM.exidx) refers to rtexit2.o(.ARM.Collect$$rtexit$$00000004) for .ARM.Collect$$rtexit$$00000004
    argv_veneer.o(.emb_text) refers to no_argv.o(.text) for __ARM_get_argv
    sys_exit.o(.text) refers (Special) to use_no_semi.o(.text) for __I$use$semihosting
    sys_exit.o(.text) refers (Special) to indicate_semi.o(.text) for __semihosting_library_function
    sys_exit_hlt.o(.text) refers (Special) to use_no_semi.o(.text) for __I$use$semihosting
    sys_exit_hlt.o(.text) refers (Special) to indicate_semi.o(.text) for __semihosting_library_function
    _get_argv_nomalloc.o(.text) refers (Special) to hrguard.o(.text) for __heap_region$guard
    _get_argv_nomalloc.o(.text) refers to defsig_rtmem_outer.o(.text) for __rt_SIGRTMEM
    _get_argv_nomalloc.o(.text) refers to sys_command.o(.text) for _sys_command_string
    libshutdown.o(.ARM.Collect$$libshutdown$$00000000) refers (Special) to libshutdown2.o(.ARM.Collect$$libshutdown$$00000002) for __rt_lib_shutdown_cpp_1
    libshutdown.o(.ARM.Collect$$libshutdown$$00000000) refers (Special) to libshutdown2.o(.ARM.Collect$$libshutdown$$00000007) for __rt_lib_shutdown_fp_trap_1
    libshutdown.o(.ARM.Collect$$libshutdown$$00000000) refers (Special) to libshutdown2.o(.ARM.Collect$$libshutdown$$0000000F) for __rt_lib_shutdown_heap_1
    libshutdown.o(.ARM.Collect$$libshutdown$$00000000) refers (Special) to libshutdown2.o(.ARM.Collect$$libshutdown$$00000010) for __rt_lib_shutdown_return
    libshutdown.o(.ARM.Collect$$libshutdown$$00000000) refers (Special) to libshutdown2.o(.ARM.Collect$$libshutdown$$0000000A) for __rt_lib_shutdown_signal_1
    libshutdown.o(.ARM.Collect$$libshutdown$$00000000) refers (Special) to libshutdown2.o(.ARM.Collect$$libshutdown$$00000004) for __rt_lib_shutdown_stdio_1
    libshutdown.o(.ARM.Collect$$libshutdown$$00000000) refers (Special) to libshutdown2.o(.ARM.Collect$$libshutdown$$0000000C) for __rt_lib_shutdown_user_alloc_1
    sys_command.o(.text) refers (Special) to use_no_semi.o(.text) for __I$use$semihosting
    sys_command.o(.text) refers (Special) to indicate_semi.o(.text) for __semihosting_library_function
    sys_command_hlt.o(.text) refers (Special) to use_no_semi.o(.text) for __I$use$semihosting
    sys_command_hlt.o(.text) refers (Special) to indicate_semi.o(.text) for __semihosting_library_function
    defsig_rtmem_outer.o(.text) refers to defsig_rtmem_inner.o(.text) for __rt_SIGRTMEM_inner
    defsig_rtmem_outer.o(.text) refers to defsig_exit.o(.text) for __sig_exit
    defsig_rtmem_formal.o(.text) refers to rt_raise.o(.text) for __rt_raise
    rt_raise.o(.text) refers to __raise.o(.text) for __raise
    rt_raise.o(.text) refers to sys_exit.o(.text) for _sys_exit
    defsig_exit.o(.text) refers to sys_exit.o(.text) for _sys_exit
    defsig_rtmem_inner.o(.text) refers to defsig_general.o(.text) for __default_signal_display
    __raise.o(.text) refers to defsig.o(CL$$defsig) for __default_signal_handler
    defsig_general.o(.text) refers to sys_wrch.o(.text) for _ttywrch
    sys_wrch.o(.text) refers (Special) to use_no_semi.o(.text) for __I$use$semihosting
    sys_wrch.o(.text) refers (Special) to indicate_semi.o(.text) for __semihosting_library_function
    sys_wrch_hlt.o(.text) refers (Special) to use_no_semi.o(.text) for __I$use$semihosting
    sys_wrch_hlt.o(.text) refers (Special) to indicate_semi.o(.text) for __semihosting_library_function
    defsig.o(CL$$defsig) refers to defsig_rtmem_inner.o(.text) for __rt_SIGRTMEM_inner
    defsig_abrt_inner.o(.text) refers to defsig_general.o(.text) for __default_signal_display
    defsig_fpe_inner.o(.text) refers to defsig_general.o(.text) for __default_signal_display
    defsig_rtred_inner.o(.text) refers to defsig_general.o(.text) for __default_signal_display
    defsig_stak_inner.o(.text) refers to defsig_general.o(.text) for __default_signal_display
    defsig_pvfn_inner.o(.text) refers to defsig_general.o(.text) for __default_signal_display
    defsig_cppl_inner.o(.text) refers to defsig_general.o(.text) for __default_signal_display
    defsig_segv_inner.o(.text) refers to defsig_general.o(.text) for __default_signal_display
    defsig_other.o(.text) refers to defsig_general.o(.text) for __default_signal_display


==============================================================================

Removing Unused input sections from the image.

    Removing main.o(.text), (0 bytes).
    Removing main.o(.text.PortM_Init), (70 bytes).
    Removing main.o(.ARM.exidx.text.PortM_Init), (8 bytes).
    Removing main.o(.text.step), (134 bytes).
    Removing main.o(.ARM.exidx.text.step), (8 bytes).
    Removing main.o(.text.I2C_Init), (102 bytes).
    Removing main.o(.ARM.exidx.text.I2C_Init), (8 bytes).
    Removing main.o(.text.EnableInt), (4 bytes).
    Removing main.o(.ARM.exidx.text.EnableInt), (8 bytes).
    Removing main.o(.text.DisableInt), (4 bytes).
    Removing main.o(.ARM.exidx.text.DisableInt), (8 bytes).
    Removing main.o(.text.WaitForInt), (4 bytes).
    Removing main.o(.ARM.exidx.text.WaitForInt), (8 bytes).
    Removing main.o(.text.bootVL53L1X), (76 bytes).
    Removing main.o(.ARM.exidx.text.bootVL53L1X), (8 bytes).
    Removing main.o(.ARM.exidx.text.scanYZ), (8 bytes).
    Removing main.o(.ARM.exidx.text.transmitDistanceSerial), (8 bytes).
    Removing main.o(.text.PortJ_Init), (90 bytes).
    Removing main.o(.ARM.exidx.text.PortJ_Init), (8 bytes).
    Removing main.o(.text.PortJ_Interrupt_Init), (48 bytes).
    Removing main.o(.ARM.exidx.text.PortJ_Interrupt_Init), (8 bytes).
    Removing main.o(.ARM.exidx.text.GPIOJ_IRQHandler), (8 bytes).
    Removing main.o(.ARM.exidx.text.scanner_Init), (8 bytes).
    Removing main.o(.ARM.exidx.text.main), (8 bytes).
    Removing main.o(.bss.dataReady), (1 bytes).
    Removing main.o(.bss.wordData), (2 bytes).
    Removing main.o(.ARM.use_no_argv), (4 bytes).
    Removing pll.o(.text), (0 bytes).
    Removing pll.o(.ARM.exidx.text.PLL_Init), (8 bytes).
    Removing systick.o(.text), (0 bytes).
    Removing systick.o(.ARM.exidx.text.SysTick_Init), (8 bytes).
    Removing systick.o(.ARM.exidx.text.SysTick_Wait), (8 bytes).
    Removing systick.o(.ARM.exidx.text.SysTick_Wait10ms), (8 bytes).
    Removing systick.o(.ARM.exidx.text.SysTick_Wait1ms), (8 bytes).
    Removing uart.o(.text), (0 bytes).
    Removing uart.o(.ARM.exidx.text.UART_Init), (8 bytes).
    Removing uart.o(.ARM.exidx.text.UART_InChar), (8 bytes).
    Removing uart.o(.ARM.exidx.text.UART_OutChar), (8 bytes).
    Removing uart.o(.ARM.exidx.text.UART_printf), (8 bytes).
    Removing uart.o(.ARM.exidx.text.Status_Check), (8 bytes).
    Removing onboardleds.o(.text), (0 bytes).
    Removing onboardleds.o(.text.FlashLED1), (56 bytes).
    Removing onboardleds.o(.ARM.exidx.text.FlashLED1), (8 bytes).
    Removing onboardleds.o(.text.FlashLED2), (56 bytes).
    Removing onboardleds.o(.ARM.exidx.text.FlashLED2), (8 bytes).
    Removing onboardleds.o(.text.FlashLED3), (56 bytes).
    Removing onboardleds.o(.ARM.exidx.text.FlashLED3), (8 bytes).
    Removing onboardleds.o(.text.FlashLED4), (56 bytes).
    Removing onboardleds.o(.ARM.exidx.text.FlashLED4), (8 bytes).
    Removing onboardleds.o(.text.FlashAllLEDs), (64 bytes).
    Removing onboardleds.o(.ARM.exidx.text.FlashAllLEDs), (8 bytes).
    Removing onboardleds.o(.ARM.exidx.text.FlashI2CTx), (8 bytes).
    Removing onboardleds.o(.ARM.exidx.text.FlashI2CRx), (8 bytes).
    Removing onboardleds.o(.ARM.exidx.text.SetLED1), (8 bytes).
    Removing onboardleds.o(.ARM.exidx.text.SetLED2), (8 bytes).
    Removing onboardleds.o(.ARM.exidx.text.ResetLED2), (8 bytes).
    Removing onboardleds.o(.ARM.exidx.text.ResetLED1), (8 bytes).
    Removing onboardleds.o(.ARM.exidx.text.FlipLED2), (8 bytes).
    Removing onboardleds.o(.ARM.exidx.text.FlashI2CError), (8 bytes).
    Removing onboardleds.o(.ARM.exidx.text.onboardLEDs_Init), (8 bytes).
    Removing vl53l1_platform_2dx4.o(.text), (0 bytes).
    Removing vl53l1_platform_2dx4.o(.text.beginTxI2C), (24 bytes).
    Removing vl53l1_platform_2dx4.o(.ARM.exidx.text.beginTxI2C), (8 bytes).
    Removing vl53l1_platform_2dx4.o(.text.beginRxI2C), (24 bytes).
    Removing vl53l1_platform_2dx4.o(.ARM.exidx.text.beginRxI2C), (8 bytes).
    Removing vl53l1_platform_2dx4.o(.ARM.exidx.text.writeRegisterIndex), (8 bytes).
    Removing vl53l1_platform_2dx4.o(.ARM.exidx.text.writeRegisterIndex_nostop), (8 bytes).
    Removing vl53l1_platform_2dx4.o(.text.writeI2C), (180 bytes).
    Removing vl53l1_platform_2dx4.o(.ARM.exidx.text.writeI2C), (8 bytes).
    Removing vl53l1_platform_2dx4.o(.text.readI2C), (64 bytes).
    Removing vl53l1_platform_2dx4.o(.ARM.exidx.text.readI2C), (8 bytes).
    Removing vl53l1_platform_2dx4.o(.text.VL53L1_WriteMulti), (44 bytes).
    Removing vl53l1_platform_2dx4.o(.ARM.exidx.text.VL53L1_WriteMulti), (8 bytes).
    Removing vl53l1_platform_2dx4.o(.text.VL53L1_ReadMulti), (122 bytes).
    Removing vl53l1_platform_2dx4.o(.ARM.exidx.text.VL53L1_ReadMulti), (8 bytes).
    Removing vl53l1_platform_2dx4.o(.ARM.exidx.text.VL53L1_WrByte), (8 bytes).
    Removing vl53l1_platform_2dx4.o(.text.VL53L1_WrWord), (130 bytes).
    Removing vl53l1_platform_2dx4.o(.ARM.exidx.text.VL53L1_WrWord), (8 bytes).
    Removing vl53l1_platform_2dx4.o(.text.VL53L1_WrDWord), (32 bytes).
    Removing vl53l1_platform_2dx4.o(.ARM.exidx.text.VL53L1_WrDWord), (8 bytes).
    Removing vl53l1_platform_2dx4.o(.ARM.exidx.text.VL53L1_RdByte), (8 bytes).
    Removing vl53l1_platform_2dx4.o(.ARM.exidx.text.VL53L1_RdWord), (8 bytes).
    Removing vl53l1_platform_2dx4.o(.text.VL53L1_RdDWord), (260 bytes).
    Removing vl53l1_platform_2dx4.o(.ARM.exidx.text.VL53L1_RdDWord), (8 bytes).
    Removing vl53l1_platform_2dx4.o(.text.VL53L1_WaitMs), (24 bytes).
    Removing vl53l1_platform_2dx4.o(.ARM.exidx.text.VL53L1_WaitMs), (8 bytes).
    Removing vl53l1_platform_2dx4.o(.bss._I2CBuffer), (256 bytes).
    Removing vl53l1x_api.o(.text), (0 bytes).
    Removing vl53l1x_api.o(.text.VL53L1X_GetSWVersion), (18 bytes).
    Removing vl53l1x_api.o(.ARM.exidx.text.VL53L1X_GetSWVersion), (8 bytes).
    Removing vl53l1x_api.o(.text.VL53L1X_SetI2CAddress), (12 bytes).
    Removing vl53l1x_api.o(.ARM.exidx.text.VL53L1X_SetI2CAddress), (8 bytes).
    Removing vl53l1x_api.o(.ARM.exidx.text.VL53L1X_SensorInit), (8 bytes).
    Removing vl53l1x_api.o(.ARM.exidx.text.VL53L1X_ClearInterrupt), (8 bytes).
    Removing vl53l1x_api.o(.ARM.exidx.text.VL53L1X_StartRanging), (8 bytes).
    Removing vl53l1x_api.o(.text.VL53L1X_CheckForDataReady), (62 bytes).
    Removing vl53l1x_api.o(.ARM.exidx.text.VL53L1X_CheckForDataReady), (8 bytes).
    Removing vl53l1x_api.o(.ARM.exidx.text.VL53L1X_StopRanging), (8 bytes).
    Removing vl53l1x_api.o(.text.VL53L1X_SetInterruptPolarity), (56 bytes).
    Removing vl53l1x_api.o(.ARM.exidx.text.VL53L1X_SetInterruptPolarity), (8 bytes).
    Removing vl53l1x_api.o(.text.VL53L1X_GetInterruptPolarity), (36 bytes).
    Removing vl53l1x_api.o(.ARM.exidx.text.VL53L1X_GetInterruptPolarity), (8 bytes).
    Removing vl53l1x_api.o(.text.VL53L1X_SetTimingBudgetInMs), (260 bytes).
    Removing vl53l1x_api.o(.ARM.exidx.text.VL53L1X_SetTimingBudgetInMs), (8 bytes).
    Removing vl53l1x_api.o(.text.VL53L1X_GetDistanceMode), (40 bytes).
    Removing vl53l1x_api.o(.ARM.exidx.text.VL53L1X_GetDistanceMode), (8 bytes).
    Removing vl53l1x_api.o(.text.VL53L1X_GetTimingBudgetInMs), (158 bytes).
    Removing vl53l1x_api.o(.ARM.exidx.text.VL53L1X_GetTimingBudgetInMs), (8 bytes).
    Removing vl53l1x_api.o(.text.VL53L1X_SetDistanceMode), (312 bytes).
    Removing vl53l1x_api.o(.ARM.exidx.text.VL53L1X_SetDistanceMode), (8 bytes).
    Removing vl53l1x_api.o(.text.VL53L1X_SetInterMeasurementInMs), (80 bytes).
    Removing vl53l1x_api.o(.ARM.exidx.text.VL53L1X_SetInterMeasurementInMs), (8 bytes).
    Removing vl53l1x_api.o(.text.VL53L1X_GetInterMeasurementInMs), (112 bytes).
    Removing vl53l1x_api.o(.ARM.exidx.text.VL53L1X_GetInterMeasurementInMs), (8 bytes).
    Removing vl53l1x_api.o(.ARM.exidx.text.VL53L1X_BootState), (8 bytes).
    Removing vl53l1x_api.o(.text.VL53L1X_GetSensorId), (34 bytes).
    Removing vl53l1x_api.o(.ARM.exidx.text.VL53L1X_GetSensorId), (8 bytes).
    Removing vl53l1x_api.o(.ARM.exidx.text.VL53L1X_GetDistance), (8 bytes).
    Removing vl53l1x_api.o(.text.VL53L1X_GetSignalPerSpad), (112 bytes).
    Removing vl53l1x_api.o(.ARM.exidx.text.VL53L1X_GetSignalPerSpad), (8 bytes).
    Removing vl53l1x_api.o(.text.VL53L1X_GetAmbientPerSpad), (112 bytes).
    Removing vl53l1x_api.o(.ARM.exidx.text.VL53L1X_GetAmbientPerSpad), (8 bytes).
    Removing vl53l1x_api.o(.text.VL53L1X_GetSignalRate), (28 bytes).
    Removing vl53l1x_api.o(.ARM.exidx.text.VL53L1X_GetSignalRate), (8 bytes).
    Removing vl53l1x_api.o(.text.VL53L1X_GetSpadNb), (26 bytes).
    Removing vl53l1x_api.o(.ARM.exidx.text.VL53L1X_GetSpadNb), (8 bytes).
    Removing vl53l1x_api.o(.text.VL53L1X_GetAmbientRate), (28 bytes).
    Removing vl53l1x_api.o(.ARM.exidx.text.VL53L1X_GetAmbientRate), (8 bytes).
    Removing vl53l1x_api.o(.text.VL53L1X_GetRangeStatus), (52 bytes).
    Removing vl53l1x_api.o(.ARM.exidx.text.VL53L1X_GetRangeStatus), (8 bytes).
    Removing vl53l1x_api.o(.text.VL53L1X_GetResult), (96 bytes).
    Removing vl53l1x_api.o(.ARM.exidx.text.VL53L1X_GetResult), (8 bytes).
    Removing vl53l1x_api.o(.text.VL53L1X_SetOffset), (40 bytes).
    Removing vl53l1x_api.o(.ARM.exidx.text.VL53L1X_SetOffset), (8 bytes).
    Removing vl53l1x_api.o(.text.VL53L1X_GetOffset), (30 bytes).
    Removing vl53l1x_api.o(.ARM.exidx.text.VL53L1X_GetOffset), (8 bytes).
    Removing vl53l1x_api.o(.text.VL53L1X_SetXtalk), (50 bytes).
    Removing vl53l1x_api.o(.ARM.exidx.text.VL53L1X_SetXtalk), (8 bytes).
    Removing vl53l1x_api.o(.text.VL53L1X_GetXtalk), (34 bytes).
    Removing vl53l1x_api.o(.ARM.exidx.text.VL53L1X_GetXtalk), (8 bytes).
    Removing vl53l1x_api.o(.text.VL53L1X_SetDistanceThreshold), (100 bytes).
    Removing vl53l1x_api.o(.ARM.exidx.text.VL53L1X_SetDistanceThreshold), (8 bytes).
    Removing vl53l1x_api.o(.text.VL53L1X_GetDistanceThresholdWindow), (30 bytes).
    Removing vl53l1x_api.o(.ARM.exidx.text.VL53L1X_GetDistanceThresholdWindow), (8 bytes).
    Removing vl53l1x_api.o(.text.VL53L1X_GetDistanceThresholdLow), (26 bytes).
    Removing vl53l1x_api.o(.ARM.exidx.text.VL53L1X_GetDistanceThresholdLow), (8 bytes).
    Removing vl53l1x_api.o(.text.VL53L1X_GetDistanceThresholdHigh), (26 bytes).
    Removing vl53l1x_api.o(.ARM.exidx.text.VL53L1X_GetDistanceThresholdHigh), (8 bytes).
    Removing vl53l1x_api.o(.text.VL53L1X_SetROICenter), (12 bytes).
    Removing vl53l1x_api.o(.ARM.exidx.text.VL53L1X_SetROICenter), (8 bytes).
    Removing vl53l1x_api.o(.text.VL53L1X_GetROICenter), (26 bytes).
    Removing vl53l1x_api.o(.ARM.exidx.text.VL53L1X_GetROICenter), (8 bytes).
    Removing vl53l1x_api.o(.text.VL53L1X_SetROI), (90 bytes).
    Removing vl53l1x_api.o(.ARM.exidx.text.VL53L1X_SetROI), (8 bytes).
    Removing vl53l1x_api.o(.text.VL53L1X_GetROI_XY), (42 bytes).
    Removing vl53l1x_api.o(.ARM.exidx.text.VL53L1X_GetROI_XY), (8 bytes).
    Removing vl53l1x_api.o(.text.VL53L1X_SetSignalThreshold), (14 bytes).
    Removing vl53l1x_api.o(.ARM.exidx.text.VL53L1X_SetSignalThreshold), (8 bytes).
    Removing vl53l1x_api.o(.text.VL53L1X_GetSignalThreshold), (28 bytes).
    Removing vl53l1x_api.o(.ARM.exidx.text.VL53L1X_GetSignalThreshold), (8 bytes).
    Removing vl53l1x_api.o(.text.VL53L1X_SetSigmaThreshold), (26 bytes).
    Removing vl53l1x_api.o(.ARM.exidx.text.VL53L1X_SetSigmaThreshold), (8 bytes).
    Removing vl53l1x_api.o(.text.VL53L1X_GetSigmaThreshold), (28 bytes).
    Removing vl53l1x_api.o(.ARM.exidx.text.VL53L1X_GetSigmaThreshold), (8 bytes).
    Removing vl53l1x_api.o(.text.VL53L1X_StartTemperatureUpdate), (142 bytes).
    Removing vl53l1x_api.o(.ARM.exidx.text.VL53L1X_StartTemperatureUpdate), (8 bytes).
    Removing vl53l1x_api.o(.rodata.status_rtn), (24 bytes).
    Removing system_msp432e401y.o(.text), (0 bytes).
    Removing system_msp432e401y.o(.text.SystemCoreClockUpdate), (152 bytes).
    Removing system_msp432e401y.o(.ARM.exidx.text.SystemCoreClockUpdate), (8 bytes).
    Removing system_msp432e401y.o(.ARM.exidx.text.SystemInit), (8 bytes).

171 unused section(s) (total 5317 bytes) removed from the image.

==============================================================================

Image Symbol Table

    Local Symbols

    Symbol Name                              Value     Ov Type        Size  Object(Section)

    ../clib/angel/boardlib.s                 0x00000000   Number         0  boardinit1.o ABSOLUTE
    ../clib/angel/boardlib.s                 0x00000000   Number         0  boardinit2.o ABSOLUTE
    ../clib/angel/boardlib.s                 0x00000000   Number         0  boardinit3.o ABSOLUTE
    ../clib/angel/boardlib.s                 0x00000000   Number         0  boardshut.o ABSOLUTE
    ../clib/angel/handlers.s                 0x00000000   Number         0  __scatter_copy.o ABSOLUTE
    ../clib/angel/handlers.s                 0x00000000   Number         0  __scatter_zi.o ABSOLUTE
    ../clib/angel/kernel.s                   0x00000000   Number         0  __rtentry.o ABSOLUTE
    ../clib/angel/kernel.s                   0x00000000   Number         0  __rtentry2.o ABSOLUTE
    ../clib/angel/kernel.s                   0x00000000   Number         0  __rtentry4.o ABSOLUTE
    ../clib/angel/kernel.s                   0x00000000   Number         0  rtexit.o ABSOLUTE
    ../clib/angel/kernel.s                   0x00000000   Number         0  rtexit2.o ABSOLUTE
    ../clib/angel/rt.s                       0x00000000   Number         0  rt_raise.o ABSOLUTE
    ../clib/angel/scatter.s                  0x00000000   Number         0  __scatter.o ABSOLUTE
    ../clib/angel/startup.s                  0x00000000   Number         0  __main.o ABSOLUTE
    ../clib/angel/sys.s                      0x00000000   Number         0  sys_stackheap_outer.o ABSOLUTE
    ../clib/angel/sys.s                      0x00000000   Number         0  libspace.o ABSOLUTE
    ../clib/angel/sys.s                      0x00000000   Number         0  use_no_semi.o ABSOLUTE
    ../clib/angel/sys.s                      0x00000000   Number         0  indicate_semi.o ABSOLUTE
    ../clib/angel/sysapp.c                   0x00000000   Number         0  sys_exit.o ABSOLUTE
    ../clib/angel/sysapp.c                   0x00000000   Number         0  sys_exit_hlt.o ABSOLUTE
    ../clib/angel/sysapp.c                   0x00000000   Number         0  sys_command.o ABSOLUTE
    ../clib/angel/sysapp.c                   0x00000000   Number         0  sys_command_hlt.o ABSOLUTE
    ../clib/angel/sysapp.c                   0x00000000   Number         0  sys_wrch.o ABSOLUTE
    ../clib/angel/sysapp.c                   0x00000000   Number         0  sys_wrch_hlt.o ABSOLUTE
    ../clib/armsys.c                         0x00000000   Number         0  argv_veneer.o ABSOLUTE
    ../clib/armsys.c                         0x00000000   Number         0  argv_veneer.o ABSOLUTE
    ../clib/armsys.c                         0x00000000   Number         0  _get_argv_nomalloc.o ABSOLUTE
    ../clib/armsys.c                         0x00000000   Number         0  no_argv.o ABSOLUTE
    ../clib/heapalloc.c                      0x00000000   Number         0  hrguard.o ABSOLUTE
    ../clib/heapaux.c                        0x00000000   Number         0  heapauxi.o ABSOLUTE
    ../clib/libinit.s                        0x00000000   Number         0  libinit.o ABSOLUTE
    ../clib/libinit.s                        0x00000000   Number         0  libinit2.o ABSOLUTE
    ../clib/libinit.s                        0x00000000   Number         0  libshutdown.o ABSOLUTE
    ../clib/libinit.s                        0x00000000   Number         0  libshutdown2.o ABSOLUTE
    ../clib/printf.c                         0x00000000   Number         0  __2sprintf.o ABSOLUTE
    ../clib/printf.c                         0x00000000   Number         0  noretval__2sprintf.o ABSOLUTE
    ../clib/printf.c                         0x00000000   Number         0  __printf.o ABSOLUTE
    ../clib/printf.c                         0x00000000   Number         0  _printf_dec.o ABSOLUTE
    ../clib/printf.c                         0x00000000   Number         0  __printf_flags.o ABSOLUTE
    ../clib/printf.c                         0x00000000   Number         0  __printf_ss.o ABSOLUTE
    ../clib/printf.c                         0x00000000   Number         0  __printf_flags_ss.o ABSOLUTE
    ../clib/printf.c                         0x00000000   Number         0  __printf_wp.o ABSOLUTE
    ../clib/printf.c                         0x00000000   Number         0  __printf_flags_wp.o ABSOLUTE
    ../clib/printf.c                         0x00000000   Number         0  __printf_ss_wp.o ABSOLUTE
    ../clib/printf.c                         0x00000000   Number         0  __printf_flags_ss_wp.o ABSOLUTE
    ../clib/printf.c                         0x00000000   Number         0  _printf_intcommon.o ABSOLUTE
    ../clib/printf.c                         0x00000000   Number         0  _printf_char_common.o ABSOLUTE
    ../clib/printf.c                         0x00000000   Number         0  _sputc.o ABSOLUTE
    ../clib/printf.c                         0x00000000   Number         0  __printf_nopercent.o ABSOLUTE
    ../clib/printf_percent.s                 0x00000000   Number         0  _printf_d.o ABSOLUTE
    ../clib/printf_percent.s                 0x00000000   Number         0  _printf_u.o ABSOLUTE
    ../clib/printf_percent.s                 0x00000000   Number         0  _printf_percent.o ABSOLUTE
    ../clib/printf_percent.s                 0x00000000   Number         0  _printf_percent_end.o ABSOLUTE
    ../clib/signal.c                         0x00000000   Number         0  defsig_rtmem_outer.o ABSOLUTE
    ../clib/signal.c                         0x00000000   Number         0  defsig_rtmem_formal.o ABSOLUTE
    ../clib/signal.c                         0x00000000   Number         0  defsig_exit.o ABSOLUTE
    ../clib/signal.c                         0x00000000   Number         0  defsig_rtmem_inner.o ABSOLUTE
    ../clib/signal.c                         0x00000000   Number         0  __raise.o ABSOLUTE
    ../clib/signal.c                         0x00000000   Number         0  defsig_general.o ABSOLUTE
    ../clib/signal.c                         0x00000000   Number         0  defsig_abrt_inner.o ABSOLUTE
    ../clib/signal.c                         0x00000000   Number         0  defsig_fpe_inner.o ABSOLUTE
    ../clib/signal.c                         0x00000000   Number         0  defsig_rtred_inner.o ABSOLUTE
    ../clib/signal.c                         0x00000000   Number         0  defsig_stak_inner.o ABSOLUTE
    ../clib/signal.c                         0x00000000   Number         0  defsig_pvfn_inner.o ABSOLUTE
    ../clib/signal.c                         0x00000000   Number         0  defsig_cppl_inner.o ABSOLUTE
    ../clib/signal.c                         0x00000000   Number         0  defsig_segv_inner.o ABSOLUTE
    ../clib/signal.c                         0x00000000   Number         0  defsig_other.o ABSOLUTE
    ../clib/signal.s                         0x00000000   Number         0  defsig.o ABSOLUTE
    ../clib/stdlib.c                         0x00000000   Number         0  exit.o ABSOLUTE
    ../fplib/ddiv.s                          0x00000000   Number         0  ddiv.o ABSOLUTE
    ../fplib/dfix.s                          0x00000000   Number         0  dfix.o ABSOLUTE
    ../fplib/dfixu.s                         0x00000000   Number         0  dfixu.o ABSOLUTE
    ../fplib/dflt.s                          0x00000000   Number         0  dflt_clz.o ABSOLUTE
    ../fplib/dmul.s                          0x00000000   Number         0  dmul.o ABSOLUTE
    ../fplib/dnaninf.s                       0x00000000   Number         0  dnaninf.o ABSOLUTE
    ../fplib/dretinf.s                       0x00000000   Number         0  dretinf.o ABSOLUTE
    ../fplib/fpinit.s                        0x00000000   Number         0  fpinit.o ABSOLUTE
    ../fplib/usenofp.s                       0x00000000   Number         0  usenofp.o ABSOLUTE
    PLL.c                                    0x00000000   Number         0  pll.o ABSOLUTE
    RTE/Device/MSP432E401Y/startup_msp432e401y_uvision.s 0x00000000   Number         0  startup_msp432e401y_uvision.o ABSOLUTE
    SysTick.c                                0x00000000   Number         0  systick.o ABSOLUTE
    VL53L1X_api.c                            0x00000000   Number         0  vl53l1x_api.o ABSOLUTE
    dc.s                                     0x00000000   Number         0  dc.o ABSOLUTE
    main.c                                   0x00000000   Number         0  main.o ABSOLUTE
    onboardLEDs.c                            0x00000000   Number         0  onboardleds.o ABSOLUTE
    system_msp432e401y.c                     0x00000000   Number         0  system_msp432e401y.o ABSOLUTE
    uart.c                                   0x00000000   Number         0  uart.o ABSOLUTE
    vl53l1_platform_2dx4.c                   0x00000000   Number         0  vl53l1_platform_2dx4.o ABSOLUTE
    RESET                                    0x00000000   Section      508  startup_msp432e401y_uvision.o(RESET)
    !!!main                                  0x000001fc   Section        8  __main.o(!!!main)
    !!!scatter                               0x00000204   Section       52  __scatter.o(!!!scatter)
    !!handler_copy                           0x00000238   Section       26  __scatter_copy.o(!!handler_copy)
    !!handler_zi                             0x00000254   Section       28  __scatter_zi.o(!!handler_zi)
    .ARM.Collect$$_printf_percent$$00000000  0x00000270   Section        0  _printf_percent.o(.ARM.Collect$$_printf_percent$$00000000)
    .ARM.Collect$$_printf_percent$$00000009  0x00000270   Section        6  _printf_d.o(.ARM.Collect$$_printf_percent$$00000009)
    .ARM.Collect$$_printf_percent$$0000000A  0x00000276   Section        6  _printf_u.o(.ARM.Collect$$_printf_percent$$0000000A)
    .ARM.Collect$$_printf_percent$$00000017  0x0000027c   Section        4  _printf_percent_end.o(.ARM.Collect$$_printf_percent$$00000017)
    .ARM.Collect$$libinit$$00000000          0x00000280   Section        2  libinit.o(.ARM.Collect$$libinit$$00000000)
    .ARM.Collect$$libinit$$00000001          0x00000282   Section        4  libinit2.o(.ARM.Collect$$libinit$$00000001)
    .ARM.Collect$$libinit$$00000004          0x00000286   Section        0  libinit2.o(.ARM.Collect$$libinit$$00000004)
    .ARM.Collect$$libinit$$00000006          0x00000286   Section        0  libinit2.o(.ARM.Collect$$libinit$$00000006)
    .ARM.Collect$$libinit$$0000000C          0x00000286   Section        0  libinit2.o(.ARM.Collect$$libinit$$0000000C)
    .ARM.Collect$$libinit$$0000000E          0x00000286   Section        0  libinit2.o(.ARM.Collect$$libinit$$0000000E)
    .ARM.Collect$$libinit$$00000010          0x00000286   Section        0  libinit2.o(.ARM.Collect$$libinit$$00000010)
    .ARM.Collect$$libinit$$00000013          0x00000286   Section        0  libinit2.o(.ARM.Collect$$libinit$$00000013)
    .ARM.Collect$$libinit$$00000015          0x00000286   Section        0  libinit2.o(.ARM.Collect$$libinit$$00000015)
    .ARM.Collect$$libinit$$00000017          0x00000286   Section        0  libinit2.o(.ARM.Collect$$libinit$$00000017)
    .ARM.Collect$$libinit$$00000019          0x00000286   Section        0  libinit2.o(.ARM.Collect$$libinit$$00000019)
    .ARM.Collect$$libinit$$0000001B          0x00000286   Section        0  libinit2.o(.ARM.Collect$$libinit$$0000001B)
    .ARM.Collect$$libinit$$0000001D          0x00000286   Section        0  libinit2.o(.ARM.Collect$$libinit$$0000001D)
    .ARM.Collect$$libinit$$0000001F          0x00000286   Section        0  libinit2.o(.ARM.Collect$$libinit$$0000001F)
    .ARM.Collect$$libinit$$00000021          0x00000286   Section        0  libinit2.o(.ARM.Collect$$libinit$$00000021)
    .ARM.Collect$$libinit$$00000023          0x00000286   Section        0  libinit2.o(.ARM.Collect$$libinit$$00000023)
    .ARM.Collect$$libinit$$00000025          0x00000286   Section        0  libinit2.o(.ARM.Collect$$libinit$$00000025)
    .ARM.Collect$$libinit$$00000027          0x00000286   Section        0  libinit2.o(.ARM.Collect$$libinit$$00000027)
    .ARM.Collect$$libinit$$0000002E          0x00000286   Section        0  libinit2.o(.ARM.Collect$$libinit$$0000002E)
    .ARM.Collect$$libinit$$00000030          0x00000286   Section        0  libinit2.o(.ARM.Collect$$libinit$$00000030)
    .ARM.Collect$$libinit$$00000032          0x00000286   Section        0  libinit2.o(.ARM.Collect$$libinit$$00000032)
    .ARM.Collect$$libinit$$00000034          0x00000286   Section        0  libinit2.o(.ARM.Collect$$libinit$$00000034)
    .ARM.Collect$$libinit$$00000035          0x00000286   Section        2  libinit2.o(.ARM.Collect$$libinit$$00000035)
    .ARM.Collect$$libshutdown$$00000000      0x00000288   Section        2  libshutdown.o(.ARM.Collect$$libshutdown$$00000000)
    .ARM.Collect$$libshutdown$$00000002      0x0000028a   Section        0  libshutdown2.o(.ARM.Collect$$libshutdown$$00000002)
    .ARM.Collect$$libshutdown$$00000004      0x0000028a   Section        0  libshutdown2.o(.ARM.Collect$$libshutdown$$00000004)
    .ARM.Collect$$libshutdown$$00000007      0x0000028a   Section        0  libshutdown2.o(.ARM.Collect$$libshutdown$$00000007)
    .ARM.Collect$$libshutdown$$0000000A      0x0000028a   Section        0  libshutdown2.o(.ARM.Collect$$libshutdown$$0000000A)
    .ARM.Collect$$libshutdown$$0000000C      0x0000028a   Section        0  libshutdown2.o(.ARM.Collect$$libshutdown$$0000000C)
    .ARM.Collect$$libshutdown$$0000000F      0x0000028a   Section        0  libshutdown2.o(.ARM.Collect$$libshutdown$$0000000F)
    .ARM.Collect$$libshutdown$$00000010      0x0000028a   Section        2  libshutdown2.o(.ARM.Collect$$libshutdown$$00000010)
    .ARM.Collect$$rtentry$$00000000          0x0000028c   Section        0  __rtentry.o(.ARM.Collect$$rtentry$$00000000)
    .ARM.Collect$$rtentry$$00000002          0x0000028c   Section        0  __rtentry2.o(.ARM.Collect$$rtentry$$00000002)
    .ARM.Collect$$rtentry$$00000004          0x0000028c   Section        6  __rtentry4.o(.ARM.Collect$$rtentry$$00000004)
    .ARM.Collect$$rtentry$$00000009          0x00000292   Section        0  __rtentry2.o(.ARM.Collect$$rtentry$$00000009)
    .ARM.Collect$$rtentry$$0000000A          0x00000292   Section        4  __rtentry2.o(.ARM.Collect$$rtentry$$0000000A)
    .ARM.Collect$$rtentry$$0000000C          0x00000296   Section        0  __rtentry2.o(.ARM.Collect$$rtentry$$0000000C)
    .ARM.Collect$$rtentry$$0000000D          0x00000296   Section        8  __rtentry2.o(.ARM.Collect$$rtentry$$0000000D)
    .ARM.Collect$$rtexit$$00000000           0x0000029e   Section        2  rtexit.o(.ARM.Collect$$rtexit$$00000000)
    .ARM.Collect$$rtexit$$00000002           0x000002a0   Section        0  rtexit2.o(.ARM.Collect$$rtexit$$00000002)
    .ARM.Collect$$rtexit$$00000003           0x000002a0   Section        4  rtexit2.o(.ARM.Collect$$rtexit$$00000003)
    .ARM.Collect$$rtexit$$00000004           0x000002a4   Section        6  rtexit2.o(.ARM.Collect$$rtexit$$00000004)
    $v0                                      0x000002ac   Number         0  startup_msp432e401y_uvision.o(.text)
    .text                                    0x000002ac   Section       60  startup_msp432e401y_uvision.o(.text)
    .text                                    0x000002e8   Section        0  noretval__2sprintf.o(.text)
    .text                                    0x00000310   Section        0  __printf.o(.text)
    .text                                    0x00000378   Section        0  _printf_dec.o(.text)
    .text                                    0x000003f0   Section        0  heapauxi.o(.text)
    .text                                    0x000003f6   Section        0  _printf_intcommon.o(.text)
    _printf_input_char                       0x000004a9   Thumb Code    10  _printf_char_common.o(.text)
    .text                                    0x000004a8   Section        0  _printf_char_common.o(.text)
    .text                                    0x000004d8   Section        0  _sputc.o(.text)
    .text                                    0x000004e2   Section       74  sys_stackheap_outer.o(.text)
    .text                                    0x0000052c   Section        0  exit.o(.text)
    .text                                    0x00000540   Section        8  libspace.o(.text)
    .text                                    0x00000548   Section        0  sys_exit.o(.text)
    .text                                    0x00000554   Section        2  use_no_semi.o(.text)
    .text                                    0x00000556   Section        0  indicate_semi.o(.text)
    [Anonymous Symbol]                       0x00000558   Section        0  onboardleds.o(.text.FlashI2CError)
    [Anonymous Symbol]                       0x000005a8   Section        0  onboardleds.o(.text.FlashI2CRx)
    [Anonymous Symbol]                       0x000005d0   Section        0  onboardleds.o(.text.FlashI2CTx)
    [Anonymous Symbol]                       0x000005f8   Section        0  onboardleds.o(.text.FlipLED2)
    [Anonymous Symbol]                       0x0000060c   Section        0  main.o(.text.GPIOJ_IRQHandler)
    [Anonymous Symbol]                       0x00000644   Section        0  pll.o(.text.PLL_Init)
    [Anonymous Symbol]                       0x00000720   Section        0  onboardleds.o(.text.ResetLED1)
    [Anonymous Symbol]                       0x00000734   Section        0  onboardleds.o(.text.ResetLED2)
    [Anonymous Symbol]                       0x00000748   Section        0  onboardleds.o(.text.SetLED1)
    [Anonymous Symbol]                       0x0000075c   Section        0  onboardleds.o(.text.SetLED2)
    [Anonymous Symbol]                       0x00000770   Section        0  uart.o(.text.Status_Check)
    [Anonymous Symbol]                       0x0000081c   Section        0  systick.o(.text.SysTick_Init)
    [Anonymous Symbol]                       0x00000838   Section        0  systick.o(.text.SysTick_Wait)
    [Anonymous Symbol]                       0x00000858   Section        0  systick.o(.text.SysTick_Wait10ms)
    [Anonymous Symbol]                       0x00000898   Section        0  systick.o(.text.SysTick_Wait1ms)
    [Anonymous Symbol]                       0x000008d4   Section        0  system_msp432e401y.o(.text.SystemInit)
    [Anonymous Symbol]                       0x000008f8   Section        0  uart.o(.text.UART_InChar)
    [Anonymous Symbol]                       0x0000090c   Section        0  uart.o(.text.UART_Init)
    [Anonymous Symbol]                       0x000009c4   Section        0  uart.o(.text.UART_OutChar)
    [Anonymous Symbol]                       0x000009d8   Section        0  uart.o(.text.UART_printf)
    [Anonymous Symbol]                       0x00000a08   Section        0  vl53l1x_api.o(.text.VL53L1X_BootState)
    [Anonymous Symbol]                       0x00000a28   Section        0  vl53l1x_api.o(.text.VL53L1X_ClearInterrupt)
    [Anonymous Symbol]                       0x00000a34   Section        0  vl53l1x_api.o(.text.VL53L1X_GetDistance)
    [Anonymous Symbol]                       0x00000a50   Section        0  vl53l1x_api.o(.text.VL53L1X_SensorInit)
    [Anonymous Symbol]                       0x00000b7c   Section        0  vl53l1x_api.o(.text.VL53L1X_StartRanging)
    [Anonymous Symbol]                       0x00000b88   Section        0  vl53l1x_api.o(.text.VL53L1X_StopRanging)
    [Anonymous Symbol]                       0x00000b94   Section        0  vl53l1_platform_2dx4.o(.text.VL53L1_RdByte)
    [Anonymous Symbol]                       0x00000bf0   Section        0  vl53l1_platform_2dx4.o(.text.VL53L1_RdWord)
    [Anonymous Symbol]                       0x00000c8c   Section        0  vl53l1_platform_2dx4.o(.text.VL53L1_WrByte)
    [Anonymous Symbol]                       0x00000ce0   Section        0  main.o(.text.main)
    [Anonymous Symbol]                       0x00000d24   Section        0  onboardleds.o(.text.onboardLEDs_Init)
    [Anonymous Symbol]                       0x00000de0   Section        0  main.o(.text.scanYZ)
    [Anonymous Symbol]                       0x00000f90   Section        0  main.o(.text.scanner_Init)
    [Anonymous Symbol]                       0x00001100   Section        0  main.o(.text.transmitDistanceSerial)
    [Anonymous Symbol]                       0x00001180   Section        0  vl53l1_platform_2dx4.o(.text.writeRegisterIndex)
    [Anonymous Symbol]                       0x000011e0   Section        0  vl53l1_platform_2dx4.o(.text.writeRegisterIndex_nostop)
    $v0                                      0x00001240   Number         0  fpinit.o(x$fpl$fpinit)
    x$fpl$fpinit                             0x00001240   Section       26  fpinit.o(x$fpl$fpinit)
    .L__const.step.ccw_sequence              0x000012b5   Data           4  main.o(.rodata.cst4)
    .L__const.step.cw_sequence               0x000012b9   Data           4  main.o(.rodata.cst4)
    .L.str                                   0x000012bd   Data           8  main.o(.rodata.str1.1)
    [Anonymous Symbol]                       0x000012bd   Section        0  main.o(.rodata.str1.1)
    .bss                                     0x20000010   Section       96  libspace.o(.bss)
    printf_buffer                            0x20000073   Data        1023  main.o(.bss.printf_buffer)
    [Anonymous Symbol]                       0x20000073   Section        0  main.o(.bss.printf_buffer)
    printf_buffer                            0x20000472   Data        1023  uart.o(.bss.printf_buffer)
    [Anonymous Symbol]                       0x20000472   Section        0  uart.o(.bss.printf_buffer)
    Heap_Mem                                 0x200009b8   Data           0  startup_msp432e401y_uvision.o(HEAP)
    Stack_Mem                                0x200009b8   Data         512  startup_msp432e401y_uvision.o(STACK)
    HEAP                                     0x200009b8   Section        0  startup_msp432e401y_uvision.o(HEAP)
    STACK                                    0x200009b8   Section      512  startup_msp432e401y_uvision.o(STACK)
    __initial_sp                             0x20000bb8   Data           0  startup_msp432e401y_uvision.o(STACK)

    Global Symbols

    Symbol Name                              Value     Ov Type        Size  Object(Section)

    BuildAttributes$$THM_ISAv4$E$P$D$K$B$S$7EM$VFPi3$EXTD16$VFPS$VFMA$PE$A:L22UL41UL21$X:L11$S22US41US21$IEEE1$IW$~IW$USESV6$~STKCKD$USESV7$~SHL$OTIME$ROPI$EBA8$UX$STANDARDLIB$REQ8$PRES8$EABIv2 0x00000000   Number         0  anon$$obj.o ABSOLUTE
    __Vectors                                0x00000000   Data           4  startup_msp432e401y_uvision.o(RESET)
    __ARM_exceptions_init                     - Undefined Weak Reference
    __alloca_initialize                       - Undefined Weak Reference
    __arm_preinit_                            - Undefined Weak Reference
    __arm_relocate_pie_                       - Undefined Weak Reference
    __cpp_initialize__aeabi_                  - Undefined Weak Reference
    __cxa_finalize                            - Undefined Weak Reference
    __rt_locale                               - Undefined Weak Reference
    __sigvec_lookup                           - Undefined Weak Reference
    _atexit_init                              - Undefined Weak Reference
    _call_atexit_fns                          - Undefined Weak Reference
    _clock_init                               - Undefined Weak Reference
    _fp_trap_init                             - Undefined Weak Reference
    _fp_trap_shutdown                         - Undefined Weak Reference
    _get_lc_collate                           - Undefined Weak Reference
    _get_lc_ctype                             - Undefined Weak Reference
    _get_lc_monetary                          - Undefined Weak Reference
    _get_lc_numeric                           - Undefined Weak Reference
    _get_lc_time                              - Undefined Weak Reference
    _getenv_init                              - Undefined Weak Reference
    _handle_redirection                       - Undefined Weak Reference
    _init_alloc                               - Undefined Weak Reference
    _init_user_alloc                          - Undefined Weak Reference
    _initio                                   - Undefined Weak Reference
    _printf_post_padding                      - Undefined Weak Reference
    _printf_pre_padding                       - Undefined Weak Reference
    _printf_truncate_signed                   - Undefined Weak Reference
    _printf_truncate_unsigned                 - Undefined Weak Reference
    _rand_init                                - Undefined Weak Reference
    _signal_finish                            - Undefined Weak Reference
    _signal_init                              - Undefined Weak Reference
    _terminate_alloc                          - Undefined Weak Reference
    _terminate_user_alloc                     - Undefined Weak Reference
    _terminateio                              - Undefined Weak Reference
    __Vectors_End                            0x000001fc   Data           0  startup_msp432e401y_uvision.o(RESET)
    __Vectors_Size                           0x000001fc   Number         0  startup_msp432e401y_uvision.o ABSOLUTE
    __main                                   0x000001fd   Thumb Code     8  __main.o(!!!main)
    __scatterload                            0x00000205   Thumb Code     0  __scatter.o(!!!scatter)
    __scatterload_rt2                        0x00000205   Thumb Code    44  __scatter.o(!!!scatter)
    __scatterload_rt2_thumb_only             0x00000205   Thumb Code     0  __scatter.o(!!!scatter)
    __scatterload_null                       0x00000213   Thumb Code     0  __scatter.o(!!!scatter)
    __scatterload_copy                       0x00000239   Thumb Code    26  __scatter_copy.o(!!handler_copy)
    __scatterload_zeroinit                   0x00000255   Thumb Code    28  __scatter_zi.o(!!handler_zi)
    _printf_d                                0x00000271   Thumb Code     0  _printf_d.o(.ARM.Collect$$_printf_percent$$00000009)
    _printf_percent                          0x00000271   Thumb Code     0  _printf_percent.o(.ARM.Collect$$_printf_percent$$00000000)
    _printf_u                                0x00000277   Thumb Code     0  _printf_u.o(.ARM.Collect$$_printf_percent$$0000000A)
    _printf_percent_end                      0x0000027d   Thumb Code     0  _printf_percent_end.o(.ARM.Collect$$_printf_percent$$00000017)
    __rt_lib_init                            0x00000281   Thumb Code     0  libinit.o(.ARM.Collect$$libinit$$00000000)
    __rt_lib_init_fp_1                       0x00000283   Thumb Code     0  libinit2.o(.ARM.Collect$$libinit$$00000001)
    __rt_lib_init_alloca_1                   0x00000287   Thumb Code     0  libinit2.o(.ARM.Collect$$libinit$$00000030)
    __rt_lib_init_argv_1                     0x00000287   Thumb Code     0  libinit2.o(.ARM.Collect$$libinit$$0000002E)
    __rt_lib_init_atexit_1                   0x00000287   Thumb Code     0  libinit2.o(.ARM.Collect$$libinit$$0000001D)
    __rt_lib_init_clock_1                    0x00000287   Thumb Code     0  libinit2.o(.ARM.Collect$$libinit$$00000023)
    __rt_lib_init_cpp_1                      0x00000287   Thumb Code     0  libinit2.o(.ARM.Collect$$libinit$$00000034)
    __rt_lib_init_exceptions_1               0x00000287   Thumb Code     0  libinit2.o(.ARM.Collect$$libinit$$00000032)
    __rt_lib_init_fp_trap_1                  0x00000287   Thumb Code     0  libinit2.o(.ARM.Collect$$libinit$$00000021)
    __rt_lib_init_getenv_1                   0x00000287   Thumb Code     0  libinit2.o(.ARM.Collect$$libinit$$00000025)
    __rt_lib_init_heap_1                     0x00000287   Thumb Code     0  libinit2.o(.ARM.Collect$$libinit$$0000000C)
    __rt_lib_init_lc_collate_1               0x00000287   Thumb Code     0  libinit2.o(.ARM.Collect$$libinit$$00000013)
    __rt_lib_init_lc_ctype_1                 0x00000287   Thumb Code     0  libinit2.o(.ARM.Collect$$libinit$$00000015)
    __rt_lib_init_lc_monetary_1              0x00000287   Thumb Code     0  libinit2.o(.ARM.Collect$$libinit$$00000017)
    __rt_lib_init_lc_numeric_1               0x00000287   Thumb Code     0  libinit2.o(.ARM.Collect$$libinit$$00000019)
    __rt_lib_init_lc_time_1                  0x00000287   Thumb Code     0  libinit2.o(.ARM.Collect$$libinit$$0000001B)
    __rt_lib_init_preinit_1                  0x00000287   Thumb Code     0  libinit2.o(.ARM.Collect$$libinit$$00000006)
    __rt_lib_init_rand_1                     0x00000287   Thumb Code     0  libinit2.o(.ARM.Collect$$libinit$$00000010)
    __rt_lib_init_relocate_pie_1             0x00000287   Thumb Code     0  libinit2.o(.ARM.Collect$$libinit$$00000004)
    __rt_lib_init_return                     0x00000287   Thumb Code     0  libinit2.o(.ARM.Collect$$libinit$$00000035)
    __rt_lib_init_signal_1                   0x00000287   Thumb Code     0  libinit2.o(.ARM.Collect$$libinit$$0000001F)
    __rt_lib_init_stdio_1                    0x00000287   Thumb Code     0  libinit2.o(.ARM.Collect$$libinit$$00000027)
    __rt_lib_init_user_alloc_1               0x00000287   Thumb Code     0  libinit2.o(.ARM.Collect$$libinit$$0000000E)
    __rt_lib_shutdown                        0x00000289   Thumb Code     0  libshutdown.o(.ARM.Collect$$libshutdown$$00000000)
    __rt_lib_shutdown_cpp_1                  0x0000028b   Thumb Code     0  libshutdown2.o(.ARM.Collect$$libshutdown$$00000002)
    __rt_lib_shutdown_fp_trap_1              0x0000028b   Thumb Code     0  libshutdown2.o(.ARM.Collect$$libshutdown$$00000007)
    __rt_lib_shutdown_heap_1                 0x0000028b   Thumb Code     0  libshutdown2.o(.ARM.Collect$$libshutdown$$0000000F)
    __rt_lib_shutdown_return                 0x0000028b   Thumb Code     0  libshutdown2.o(.ARM.Collect$$libshutdown$$00000010)
    __rt_lib_shutdown_signal_1               0x0000028b   Thumb Code     0  libshutdown2.o(.ARM.Collect$$libshutdown$$0000000A)
    __rt_lib_shutdown_stdio_1                0x0000028b   Thumb Code     0  libshutdown2.o(.ARM.Collect$$libshutdown$$00000004)
    __rt_lib_shutdown_user_alloc_1           0x0000028b   Thumb Code     0  libshutdown2.o(.ARM.Collect$$libshutdown$$0000000C)
    __rt_entry                               0x0000028d   Thumb Code     0  __rtentry.o(.ARM.Collect$$rtentry$$00000000)
    __rt_entry_presh_1                       0x0000028d   Thumb Code     0  __rtentry2.o(.ARM.Collect$$rtentry$$00000002)
    __rt_entry_sh                            0x0000028d   Thumb Code     0  __rtentry4.o(.ARM.Collect$$rtentry$$00000004)
    __rt_entry_li                            0x00000293   Thumb Code     0  __rtentry2.o(.ARM.Collect$$rtentry$$0000000A)
    __rt_entry_postsh_1                      0x00000293   Thumb Code     0  __rtentry2.o(.ARM.Collect$$rtentry$$00000009)
    __rt_entry_main                          0x00000297   Thumb Code     0  __rtentry2.o(.ARM.Collect$$rtentry$$0000000D)
    __rt_entry_postli_1                      0x00000297   Thumb Code     0  __rtentry2.o(.ARM.Collect$$rtentry$$0000000C)
    __rt_exit                                0x0000029f   Thumb Code     0  rtexit.o(.ARM.Collect$$rtexit$$00000000)
    __rt_exit_ls                             0x000002a1   Thumb Code     0  rtexit2.o(.ARM.Collect$$rtexit$$00000003)
    __rt_exit_prels_1                        0x000002a1   Thumb Code     0  rtexit2.o(.ARM.Collect$$rtexit$$00000002)
    __rt_exit_exit                           0x000002a5   Thumb Code     0  rtexit2.o(.ARM.Collect$$rtexit$$00000004)
    Reset_Handler                            0x000002ad   Thumb Code     8  startup_msp432e401y_uvision.o(.text)
    NMI_Handler                              0x000002b5   Thumb Code     2  startup_msp432e401y_uvision.o(.text)
    HardFault_Handler                        0x000002b7   Thumb Code     2  startup_msp432e401y_uvision.o(.text)
    MemManage_Handler                        0x000002b9   Thumb Code     2  startup_msp432e401y_uvision.o(.text)
    BusFault_Handler                         0x000002bb   Thumb Code     2  startup_msp432e401y_uvision.o(.text)
    UsageFault_Handler                       0x000002bd   Thumb Code     2  startup_msp432e401y_uvision.o(.text)
    SVC_Handler                              0x000002bf   Thumb Code     2  startup_msp432e401y_uvision.o(.text)
    DebugMon_Handler                         0x000002c1   Thumb Code     2  startup_msp432e401y_uvision.o(.text)
    PendSV_Handler                           0x000002c3   Thumb Code     2  startup_msp432e401y_uvision.o(.text)
    SysTick_Handler                          0x000002c5   Thumb Code     2  startup_msp432e401y_uvision.o(.text)
    ADC0SS0_IRQHandler                       0x000002c7   Thumb Code     0  startup_msp432e401y_uvision.o(.text)
    ADC0SS1_IRQHandler                       0x000002c7   Thumb Code     0  startup_msp432e401y_uvision.o(.text)
    ADC0SS2_IRQHandler                       0x000002c7   Thumb Code     0  startup_msp432e401y_uvision.o(.text)
    ADC0SS3_IRQHandler                       0x000002c7   Thumb Code     0  startup_msp432e401y_uvision.o(.text)
    ADC1SS0_IRQHandler                       0x000002c7   Thumb Code     0  startup_msp432e401y_uvision.o(.text)
    ADC1SS1_IRQHandler                       0x000002c7   Thumb Code     0  startup_msp432e401y_uvision.o(.text)
    ADC1SS2_IRQHandler                       0x000002c7   Thumb Code     0  startup_msp432e401y_uvision.o(.text)
    ADC1SS3_IRQHandler                       0x000002c7   Thumb Code     0  startup_msp432e401y_uvision.o(.text)
    AES0_IRQHandler                          0x000002c7   Thumb Code     0  startup_msp432e401y_uvision.o(.text)
    CAN0_IRQHandler                          0x000002c7   Thumb Code     0  startup_msp432e401y_uvision.o(.text)
    CAN1_IRQHandler                          0x000002c7   Thumb Code     0  startup_msp432e401y_uvision.o(.text)
    COMP0_IRQHandler                         0x000002c7   Thumb Code     0  startup_msp432e401y_uvision.o(.text)
    COMP1_IRQHandler                         0x000002c7   Thumb Code     0  startup_msp432e401y_uvision.o(.text)
    COMP2_IRQHandler                         0x000002c7   Thumb Code     0  startup_msp432e401y_uvision.o(.text)
    DES0_IRQHandler                          0x000002c7   Thumb Code     0  startup_msp432e401y_uvision.o(.text)
    EMAC0_IRQHandler                         0x000002c7   Thumb Code     0  startup_msp432e401y_uvision.o(.text)
    EPI0_IRQHandler                          0x000002c7   Thumb Code     0  startup_msp432e401y_uvision.o(.text)
    FLASH_IRQHandler                         0x000002c7   Thumb Code     0  startup_msp432e401y_uvision.o(.text)
    GPIOA_IRQHandler                         0x000002c7   Thumb Code     0  startup_msp432e401y_uvision.o(.text)
    GPIOB_IRQHandler                         0x000002c7   Thumb Code     0  startup_msp432e401y_uvision.o(.text)
    GPIOC_IRQHandler                         0x000002c7   Thumb Code     0  startup_msp432e401y_uvision.o(.text)
    GPIOD_IRQHandler                         0x000002c7   Thumb Code     0  startup_msp432e401y_uvision.o(.text)
    GPIOE_IRQHandler                         0x000002c7   Thumb Code     0  startup_msp432e401y_uvision.o(.text)
    GPIOF_IRQHandler                         0x000002c7   Thumb Code     0  startup_msp432e401y_uvision.o(.text)
    GPIOG_IRQHandler                         0x000002c7   Thumb Code     0  startup_msp432e401y_uvision.o(.text)
    GPIOH_IRQHandler                         0x000002c7   Thumb Code     0  startup_msp432e401y_uvision.o(.text)
    GPIOK_IRQHandler                         0x000002c7   Thumb Code     0  startup_msp432e401y_uvision.o(.text)
    GPIOL_IRQHandler                         0x000002c7   Thumb Code     0  startup_msp432e401y_uvision.o(.text)
    GPIOM_IRQHandler                         0x000002c7   Thumb Code     0  startup_msp432e401y_uvision.o(.text)
    GPION_IRQHandler                         0x000002c7   Thumb Code     0  startup_msp432e401y_uvision.o(.text)
    GPIOP0_IRQHandler                        0x000002c7   Thumb Code     0  startup_msp432e401y_uvision.o(.text)
    GPIOP1_IRQHandler                        0x000002c7   Thumb Code     0  startup_msp432e401y_uvision.o(.text)
    GPIOP2_IRQHandler                        0x000002c7   Thumb Code     0  startup_msp432e401y_uvision.o(.text)
    GPIOP3_IRQHandler                        0x000002c7   Thumb Code     0  startup_msp432e401y_uvision.o(.text)
    GPIOP4_IRQHandler                        0x000002c7   Thumb Code     0  startup_msp432e401y_uvision.o(.text)
    GPIOP5_IRQHandler                        0x000002c7   Thumb Code     0  startup_msp432e401y_uvision.o(.text)
    GPIOP6_IRQHandler                        0x000002c7   Thumb Code     0  startup_msp432e401y_uvision.o(.text)
    GPIOP7_IRQHandler                        0x000002c7   Thumb Code     0  startup_msp432e401y_uvision.o(.text)
    GPIOQ0_IRQHandler                        0x000002c7   Thumb Code     0  startup_msp432e401y_uvision.o(.text)
    GPIOQ1_IRQHandler                        0x000002c7   Thumb Code     0  startup_msp432e401y_uvision.o(.text)
    GPIOQ2_IRQHandler                        0x000002c7   Thumb Code     0  startup_msp432e401y_uvision.o(.text)
    GPIOQ3_IRQHandler                        0x000002c7   Thumb Code     0  startup_msp432e401y_uvision.o(.text)
    GPIOQ4_IRQHandler                        0x000002c7   Thumb Code     0  startup_msp432e401y_uvision.o(.text)
    GPIOQ5_IRQHandler                        0x000002c7   Thumb Code     0  startup_msp432e401y_uvision.o(.text)
    GPIOQ6_IRQHandler                        0x000002c7   Thumb Code     0  startup_msp432e401y_uvision.o(.text)
    GPIOQ7_IRQHandler                        0x000002c7   Thumb Code     0  startup_msp432e401y_uvision.o(.text)
    HIBERNATE_IRQHandler                     0x000002c7   Thumb Code     0  startup_msp432e401y_uvision.o(.text)
    I2C0_IRQHandler                          0x000002c7   Thumb Code     0  startup_msp432e401y_uvision.o(.text)
    I2C1_IRQHandler                          0x000002c7   Thumb Code     0  startup_msp432e401y_uvision.o(.text)
    I2C2_IRQHandler                          0x000002c7   Thumb Code     0  startup_msp432e401y_uvision.o(.text)
    I2C3_IRQHandler                          0x000002c7   Thumb Code     0  startup_msp432e401y_uvision.o(.text)
    I2C4_IRQHandler                          0x000002c7   Thumb Code     0  startup_msp432e401y_uvision.o(.text)
    I2C5_IRQHandler                          0x000002c7   Thumb Code     0  startup_msp432e401y_uvision.o(.text)
    I2C6_IRQHandler                          0x000002c7   Thumb Code     0  startup_msp432e401y_uvision.o(.text)
    I2C7_IRQHandler                          0x000002c7   Thumb Code     0  startup_msp432e401y_uvision.o(.text)
    I2C8_IRQHandler                          0x000002c7   Thumb Code     0  startup_msp432e401y_uvision.o(.text)
    I2C9_IRQHandler                          0x000002c7   Thumb Code     0  startup_msp432e401y_uvision.o(.text)
    PWM0_0_IRQHandler                        0x000002c7   Thumb Code     0  startup_msp432e401y_uvision.o(.text)
    PWM0_1_IRQHandler                        0x000002c7   Thumb Code     0  startup_msp432e401y_uvision.o(.text)
    PWM0_2_IRQHandler                        0x000002c7   Thumb Code     0  startup_msp432e401y_uvision.o(.text)
    PWM0_3_IRQHandler                        0x000002c7   Thumb Code     0  startup_msp432e401y_uvision.o(.text)
    PWM0_FAULT_IRQHandler                    0x000002c7   Thumb Code     0  startup_msp432e401y_uvision.o(.text)
    QEI0_IRQHandler                          0x000002c7   Thumb Code     0  startup_msp432e401y_uvision.o(.text)
    SHA0_IRQHandler                          0x000002c7   Thumb Code     0  startup_msp432e401y_uvision.o(.text)
    SSI0_IRQHandler                          0x000002c7   Thumb Code     0  startup_msp432e401y_uvision.o(.text)
    SSI1_IRQHandler                          0x000002c7   Thumb Code     0  startup_msp432e401y_uvision.o(.text)
    SSI2_IRQHandler                          0x000002c7   Thumb Code     0  startup_msp432e401y_uvision.o(.text)
    SSI3_IRQHandler                          0x000002c7   Thumb Code     0  startup_msp432e401y_uvision.o(.text)
    SYSCTL_IRQHandler                        0x000002c7   Thumb Code     0  startup_msp432e401y_uvision.o(.text)
    SYSEXC_IRQHandler                        0x000002c7   Thumb Code     0  startup_msp432e401y_uvision.o(.text)
    TAMPER0_IRQHandler                       0x000002c7   Thumb Code     0  startup_msp432e401y_uvision.o(.text)
    TIMER0A_IRQHandler                       0x000002c7   Thumb Code     0  startup_msp432e401y_uvision.o(.text)
    TIMER0B_IRQHandler                       0x000002c7   Thumb Code     0  startup_msp432e401y_uvision.o(.text)
    TIMER1A_IRQHandler                       0x000002c7   Thumb Code     0  startup_msp432e401y_uvision.o(.text)
    TIMER1B_IRQHandler                       0x000002c7   Thumb Code     0  startup_msp432e401y_uvision.o(.text)
    TIMER2A_IRQHandler                       0x000002c7   Thumb Code     0  startup_msp432e401y_uvision.o(.text)
    TIMER2B_IRQHandler                       0x000002c7   Thumb Code     0  startup_msp432e401y_uvision.o(.text)
    TIMER3A_IRQHandler                       0x000002c7   Thumb Code     0  startup_msp432e401y_uvision.o(.text)
    TIMER3B_IRQHandler                       0x000002c7   Thumb Code     0  startup_msp432e401y_uvision.o(.text)
    TIMER4A_IRQHandler                       0x000002c7   Thumb Code     0  startup_msp432e401y_uvision.o(.text)
    TIMER4B_IRQHandler                       0x000002c7   Thumb Code     0  startup_msp432e401y_uvision.o(.text)
    TIMER5A_IRQHandler                       0x000002c7   Thumb Code     0  startup_msp432e401y_uvision.o(.text)
    TIMER5B_IRQHandler                       0x000002c7   Thumb Code     0  startup_msp432e401y_uvision.o(.text)
    TIMER6A_IRQHandler                       0x000002c7   Thumb Code     0  startup_msp432e401y_uvision.o(.text)
    TIMER6B_IRQHandler                       0x000002c7   Thumb Code     0  startup_msp432e401y_uvision.o(.text)
    TIMER7A_IRQHandler                       0x000002c7   Thumb Code     0  startup_msp432e401y_uvision.o(.text)
    TIMER7B_IRQHandler                       0x000002c7   Thumb Code     0  startup_msp432e401y_uvision.o(.text)
    UART0_IRQHandler                         0x000002c7   Thumb Code     0  startup_msp432e401y_uvision.o(.text)
    UART1_IRQHandler                         0x000002c7   Thumb Code     0  startup_msp432e401y_uvision.o(.text)
    UART2_IRQHandler                         0x000002c7   Thumb Code     0  startup_msp432e401y_uvision.o(.text)
    UART3_IRQHandler                         0x000002c7   Thumb Code     0  startup_msp432e401y_uvision.o(.text)
    UART4_IRQHandler                         0x000002c7   Thumb Code     0  startup_msp432e401y_uvision.o(.text)
    UART5_IRQHandler                         0x000002c7   Thumb Code     0  startup_msp432e401y_uvision.o(.text)
    UART6_IRQHandler                         0x000002c7   Thumb Code     0  startup_msp432e401y_uvision.o(.text)
    UART7_IRQHandler                         0x000002c7   Thumb Code     0  startup_msp432e401y_uvision.o(.text)
    UDMAERR_IRQHandler                       0x000002c7   Thumb Code     0  startup_msp432e401y_uvision.o(.text)
    UDMA_IRQHandler                          0x000002c7   Thumb Code     0  startup_msp432e401y_uvision.o(.text)
    USB0_IRQHandler                          0x000002c7   Thumb Code     0  startup_msp432e401y_uvision.o(.text)
    WATCHDOG_IRQHandler                      0x000002c7   Thumb Code     0  startup_msp432e401y_uvision.o(.text)
    __user_initial_stackheap                 0x000002c9   Thumb Code    10  startup_msp432e401y_uvision.o(.text)
    __2sprintf                               0x000002e9   Thumb Code    34  noretval__2sprintf.o(.text)
    __printf                                 0x00000311   Thumb Code   104  __printf.o(.text)
    _printf_int_dec                          0x00000379   Thumb Code   104  _printf_dec.o(.text)
    __use_two_region_memory                  0x000003f1   Thumb Code     2  heapauxi.o(.text)
    __rt_heap_escrow$2region                 0x000003f3   Thumb Code     2  heapauxi.o(.text)
    __rt_heap_expand$2region                 0x000003f5   Thumb Code     2  heapauxi.o(.text)
    _printf_int_common                       0x000003f7   Thumb Code   178  _printf_intcommon.o(.text)
    _printf_char_common                      0x000004b3   Thumb Code    32  _printf_char_common.o(.text)
    _sputc                                   0x000004d9   Thumb Code    10  _sputc.o(.text)
    __user_setup_stackheap                   0x000004e3   Thumb Code    74  sys_stackheap_outer.o(.text)
    exit                                     0x0000052d   Thumb Code    18  exit.o(.text)
    __user_libspace                          0x00000541   Thumb Code     8  libspace.o(.text)
    __user_perproc_libspace                  0x00000541   Thumb Code     0  libspace.o(.text)
    __user_perthread_libspace                0x00000541   Thumb Code     0  libspace.o(.text)
    _sys_exit                                0x00000549   Thumb Code     8  sys_exit.o(.text)
    __I$use$semihosting                      0x00000555   Thumb Code     0  use_no_semi.o(.text)
    __use_no_semihosting_swi                 0x00000555   Thumb Code     2  use_no_semi.o(.text)
    __semihosting_library_function           0x00000557   Thumb Code     0  indicate_semi.o(.text)
    FlashI2CError                            0x00000559   Thumb Code    80  onboardleds.o(.text.FlashI2CError)
    FlashI2CRx                               0x000005a9   Thumb Code    40  onboardleds.o(.text.FlashI2CRx)
    FlashI2CTx                               0x000005d1   Thumb Code    40  onboardleds.o(.text.FlashI2CTx)
    FlipLED2                                 0x000005f9   Thumb Code    20  onboardleds.o(.text.FlipLED2)
    GPIOJ_IRQHandler                         0x0000060d   Thumb Code    54  main.o(.text.GPIOJ_IRQHandler)
    PLL_Init                                 0x00000645   Thumb Code   218  pll.o(.text.PLL_Init)
    ResetLED1                                0x00000721   Thumb Code    18  onboardleds.o(.text.ResetLED1)
    ResetLED2                                0x00000735   Thumb Code    18  onboardleds.o(.text.ResetLED2)
    SetLED1                                  0x00000749   Thumb Code    18  onboardleds.o(.text.SetLED1)
    SetLED2                                  0x0000075d   Thumb Code    18  onboardleds.o(.text.SetLED2)
    Status_Check                             0x00000771   Thumb Code   136  uart.o(.text.Status_Check)
    SysTick_Init                             0x0000081d   Thumb Code    26  systick.o(.text.SysTick_Init)
    SysTick_Wait                             0x00000839   Thumb Code    32  systick.o(.text.SysTick_Wait)
    SysTick_Wait10ms                         0x00000859   Thumb Code    62  systick.o(.text.SysTick_Wait10ms)
    SysTick_Wait1ms                          0x00000899   Thumb Code    58  systick.o(.text.SysTick_Wait1ms)
    SystemInit                               0x000008d5   Thumb Code    36  system_msp432e401y.o(.text.SystemInit)
    UART_InChar                              0x000008f9   Thumb Code    20  uart.o(.text.UART_InChar)
    UART_Init                                0x0000090d   Thumb Code   184  uart.o(.text.UART_Init)
    UART_OutChar                             0x000009c5   Thumb Code    18  uart.o(.text.UART_OutChar)
    UART_printf                              0x000009d9   Thumb Code    48  uart.o(.text.UART_printf)
    VL53L1X_BootState                        0x00000a09   Thumb Code    32  vl53l1x_api.o(.text.VL53L1X_BootState)
    VL53L1X_ClearInterrupt                   0x00000a29   Thumb Code    12  vl53l1x_api.o(.text.VL53L1X_ClearInterrupt)
    VL53L1X_GetDistance                      0x00000a35   Thumb Code    26  vl53l1x_api.o(.text.VL53L1X_GetDistance)
    VL53L1X_SensorInit                       0x00000a51   Thumb Code   244  vl53l1x_api.o(.text.VL53L1X_SensorInit)
    VL53L1X_StartRanging                     0x00000b7d   Thumb Code    12  vl53l1x_api.o(.text.VL53L1X_StartRanging)
    VL53L1X_StopRanging                      0x00000b89   Thumb Code    12  vl53l1x_api.o(.text.VL53L1X_StopRanging)
    VL53L1_RdByte                            0x00000b95   Thumb Code    90  vl53l1_platform_2dx4.o(.text.VL53L1_RdByte)
    VL53L1_RdWord                            0x00000bf1   Thumb Code   154  vl53l1_platform_2dx4.o(.text.VL53L1_RdWord)
    VL53L1_WrByte                            0x00000c8d   Thumb Code    82  vl53l1_platform_2dx4.o(.text.VL53L1_WrByte)
    main                                     0x00000ce1   Thumb Code    66  main.o(.text.main)
    onboardLEDs_Init                         0x00000d25   Thumb Code   186  onboardleds.o(.text.onboardLEDs_Init)
    scanYZ                                   0x00000de1   Thumb Code   424  main.o(.text.scanYZ)
    scanner_Init                             0x00000f91   Thumb Code   368  main.o(.text.scanner_Init)
    transmitDistanceSerial                   0x00001101   Thumb Code   126  main.o(.text.transmitDistanceSerial)
    writeRegisterIndex                       0x00001181   Thumb Code    96  vl53l1_platform_2dx4.o(.text.writeRegisterIndex)
    writeRegisterIndex_nostop                0x000011e1   Thumb Code    96  vl53l1_platform_2dx4.o(.text.writeRegisterIndex_nostop)
    _fp_init                                 0x00001241   Thumb Code    26  fpinit.o(x$fpl$fpinit)
    __fplib_config_fpu_vfp                   0x00001259   Thumb Code     0  fpinit.o(x$fpl$fpinit)
    __fplib_config_pureend_doubles           0x00001259   Thumb Code     0  fpinit.o(x$fpl$fpinit)
    VL51L1X_DEFAULT_CONFIGURATION            0x0000125a   Data          91  vl53l1x_api.o(.rodata.VL51L1X_DEFAULT_CONFIGURATION)
    Region$$Table$$Base                      0x000012c8   Number         0  anon$$obj.o(Region$$Table)
    Region$$Table$$Limit                     0x000012e8   Number         0  anon$$obj.o(Region$$Table)
    SystemCoreClock                          0x20000000   Data           4  system_msp432e401y.o(.data.SystemCoreClock)
    motor                                    0x20000004   Data           8  main.o(.data.motor)
    scanner                                  0x2000000c   Data           2  main.o(.data.scanner)
    __libspace_start                         0x20000010   Data          96  libspace.o(.bss)
    __temporary_stack_top$libspace           0x20000070   Data           0  libspace.o(.bss)
    distance                                 0x20000070   Data           2  main.o(.bss.distance)
    measurementNum                           0x20000072   Data           1  main.o(.bss.measurementNum)
    sensorState                              0x20000871   Data           1  main.o(.bss.sensorState)
    status                                   0x20000874   Data           4  main.o(.bss.status)
    transmissionData                         0x20000878   Data         320  main.o(.bss.transmissionData)



==============================================================================

Memory Map of the image

  Image Entry point : 0x000002ad

  Load Region LR_1 (Base: 0x00000000, Size: 0x000012f8, Max: 0xffffffff, ABSOLUTE)

    Execution Region ER_RO (Exec base: 0x00000000, Load base: 0x00000000, Size: 0x000012e8, Max: 0xffffffff, ABSOLUTE)

    Exec Addr    Load Addr    Size         Type   Attr      Idx    E Section Name        Object

    0x00000000   0x00000000   0x000001fc   Data   RO          265    RESET               startup_msp432e401y_uvision.o
    0x000001fc   0x000001fc   0x00000008   Code   RO          320  * !!!main             c_w.l(__main.o)
    0x00000204   0x00000204   0x00000034   Code   RO          519    !!!scatter          c_w.l(__scatter.o)
    0x00000238   0x00000238   0x0000001a   Code   RO          521    !!handler_copy      c_w.l(__scatter_copy.o)
    0x00000252   0x00000252   0x00000002   PAD
    0x00000254   0x00000254   0x0000001c   Code   RO          523    !!handler_zi        c_w.l(__scatter_zi.o)
    0x00000270   0x00000270   0x00000000   Code   RO          317    .ARM.Collect$$_printf_percent$$00000000  c_w.l(_printf_percent.o)
    0x00000270   0x00000270   0x00000006   Code   RO          315    .ARM.Collect$$_printf_percent$$00000009  c_w.l(_printf_d.o)
    0x00000276   0x00000276   0x00000006   Code   RO          316    .ARM.Collect$$_printf_percent$$0000000A  c_w.l(_printf_u.o)
    0x0000027c   0x0000027c   0x00000004   Code   RO          349    .ARM.Collect$$_printf_percent$$00000017  c_w.l(_printf_percent_end.o)
    0x00000280   0x00000280   0x00000002   Code   RO          381    .ARM.Collect$$libinit$$00000000  c_w.l(libinit.o)
    0x00000282   0x00000282   0x00000004   Code   RO          387    .ARM.Collect$$libinit$$00000001  c_w.l(libinit2.o)
    0x00000286   0x00000286   0x00000000   Code   RO          390    .ARM.Collect$$libinit$$00000004  c_w.l(libinit2.o)
    0x00000286   0x00000286   0x00000000   Code   RO          392    .ARM.Collect$$libinit$$00000006  c_w.l(libinit2.o)
    0x00000286   0x00000286   0x00000000   Code   RO          395    .ARM.Collect$$libinit$$0000000C  c_w.l(libinit2.o)
    0x00000286   0x00000286   0x00000000   Code   RO          397    .ARM.Collect$$libinit$$0000000E  c_w.l(libinit2.o)
    0x00000286   0x00000286   0x00000000   Code   RO          399    .ARM.Collect$$libinit$$00000010  c_w.l(libinit2.o)
    0x00000286   0x00000286   0x00000000   Code   RO          402    .ARM.Collect$$libinit$$00000013  c_w.l(libinit2.o)
    0x00000286   0x00000286   0x00000000   Code   RO          404    .ARM.Collect$$libinit$$00000015  c_w.l(libinit2.o)
    0x00000286   0x00000286   0x00000000   Code   RO          406    .ARM.Collect$$libinit$$00000017  c_w.l(libinit2.o)
    0x00000286   0x00000286   0x00000000   Code   RO          408    .ARM.Collect$$libinit$$00000019  c_w.l(libinit2.o)
    0x00000286   0x00000286   0x00000000   Code   RO          410    .ARM.Collect$$libinit$$0000001B  c_w.l(libinit2.o)
    0x00000286   0x00000286   0x00000000   Code   RO          412    .ARM.Collect$$libinit$$0000001D  c_w.l(libinit2.o)
    0x00000286   0x00000286   0x00000000   Code   RO          414    .ARM.Collect$$libinit$$0000001F  c_w.l(libinit2.o)
    0x00000286   0x00000286   0x00000000   Code   RO          416    .ARM.Collect$$libinit$$00000021  c_w.l(libinit2.o)
    0x00000286   0x00000286   0x00000000   Code   RO          418    .ARM.Collect$$libinit$$00000023  c_w.l(libinit2.o)
    0x00000286   0x00000286   0x00000000   Code   RO          420    .ARM.Collect$$libinit$$00000025  c_w.l(libinit2.o)
    0x00000286   0x00000286   0x00000000   Code   RO          422    .ARM.Collect$$libinit$$00000027  c_w.l(libinit2.o)
    0x00000286   0x00000286   0x00000000   Code   RO          426    .ARM.Collect$$libinit$$0000002E  c_w.l(libinit2.o)
    0x00000286   0x00000286   0x00000000   Code   RO          428    .ARM.Collect$$libinit$$00000030  c_w.l(libinit2.o)
    0x00000286   0x00000286   0x00000000   Code   RO          430    .ARM.Collect$$libinit$$00000032  c_w.l(libinit2.o)
    0x00000286   0x00000286   0x00000000   Code   RO          432    .ARM.Collect$$libinit$$00000034  c_w.l(libinit2.o)
    0x00000286   0x00000286   0x00000002   Code   RO          433    .ARM.Collect$$libinit$$00000035  c_w.l(libinit2.o)
    0x00000288   0x00000288   0x00000002   Code   RO          455    .ARM.Collect$$libshutdown$$00000000  c_w.l(libshutdown.o)
    0x0000028a   0x0000028a   0x00000000   Code   RO          470    .ARM.Collect$$libshutdown$$00000002  c_w.l(libshutdown2.o)
    0x0000028a   0x0000028a   0x00000000   Code   RO          472    .ARM.Collect$$libshutdown$$00000004  c_w.l(libshutdown2.o)
    0x0000028a   0x0000028a   0x00000000   Code   RO          475    .ARM.Collect$$libshutdown$$00000007  c_w.l(libshutdown2.o)
    0x0000028a   0x0000028a   0x00000000   Code   RO          478    .ARM.Collect$$libshutdown$$0000000A  c_w.l(libshutdown2.o)
    0x0000028a   0x0000028a   0x00000000   Code   RO          480    .ARM.Collect$$libshutdown$$0000000C  c_w.l(libshutdown2.o)
    0x0000028a   0x0000028a   0x00000000   Code   RO          483    .ARM.Collect$$libshutdown$$0000000F  c_w.l(libshutdown2.o)
    0x0000028a   0x0000028a   0x00000002   Code   RO          484    .ARM.Collect$$libshutdown$$00000010  c_w.l(libshutdown2.o)
    0x0000028c   0x0000028c   0x00000000   Code   RO          342    .ARM.Collect$$rtentry$$00000000  c_w.l(__rtentry.o)
    0x0000028c   0x0000028c   0x00000000   Code   RO          356    .ARM.Collect$$rtentry$$00000002  c_w.l(__rtentry2.o)
    0x0000028c   0x0000028c   0x00000006   Code   RO          368    .ARM.Collect$$rtentry$$00000004  c_w.l(__rtentry4.o)
    0x00000292   0x00000292   0x00000000   Code   RO          358    .ARM.Collect$$rtentry$$00000009  c_w.l(__rtentry2.o)
    0x00000292   0x00000292   0x00000004   Code   RO          359    .ARM.Collect$$rtentry$$0000000A  c_w.l(__rtentry2.o)
    0x00000296   0x00000296   0x00000000   Code   RO          361    .ARM.Collect$$rtentry$$0000000C  c_w.l(__rtentry2.o)
    0x00000296   0x00000296   0x00000008   Code   RO          362    .ARM.Collect$$rtentry$$0000000D  c_w.l(__rtentry2.o)
    0x0000029e   0x0000029e   0x00000002   Code   RO          385    .ARM.Collect$$rtexit$$00000000  c_w.l(rtexit.o)
    0x000002a0   0x000002a0   0x00000000   Code   RO          435    .ARM.Collect$$rtexit$$00000002  c_w.l(rtexit2.o)
    0x000002a0   0x000002a0   0x00000004   Code   RO          436    .ARM.Collect$$rtexit$$00000003  c_w.l(rtexit2.o)
    0x000002a4   0x000002a4   0x00000006   Code   RO          437    .ARM.Collect$$rtexit$$00000004  c_w.l(rtexit2.o)
    0x000002aa   0x000002aa   0x00000002   PAD
    0x000002ac   0x000002ac   0x0000003c   Code   RO          266  * .text               startup_msp432e401y_uvision.o
    0x000002e8   0x000002e8   0x00000028   Code   RO          289    .text               c_w.l(noretval__2sprintf.o)
    0x00000310   0x00000310   0x00000068   Code   RO          291    .text               c_w.l(__printf.o)
    0x00000378   0x00000378   0x00000078   Code   RO          293    .text               c_w.l(_printf_dec.o)
    0x000003f0   0x000003f0   0x00000006   Code   RO          318    .text               c_w.l(heapauxi.o)
    0x000003f6   0x000003f6   0x000000b2   Code   RO          343    .text               c_w.l(_printf_intcommon.o)
    0x000004a8   0x000004a8   0x00000030   Code   RO          345    .text               c_w.l(_printf_char_common.o)
    0x000004d8   0x000004d8   0x0000000a   Code   RO          347    .text               c_w.l(_sputc.o)
    0x000004e2   0x000004e2   0x0000004a   Code   RO          372    .text               c_w.l(sys_stackheap_outer.o)
    0x0000052c   0x0000052c   0x00000012   Code   RO          374    .text               c_w.l(exit.o)
    0x0000053e   0x0000053e   0x00000002   PAD
    0x00000540   0x00000540   0x00000008   Code   RO          382    .text               c_w.l(libspace.o)
    0x00000548   0x00000548   0x0000000c   Code   RO          445    .text               c_w.l(sys_exit.o)
    0x00000554   0x00000554   0x00000002   Code   RO          460    .text               c_w.l(use_no_semi.o)
    0x00000556   0x00000556   0x00000000   Code   RO          462    .text               c_w.l(indicate_semi.o)
    0x00000556   0x00000556   0x00000002   PAD
    0x00000558   0x00000558   0x00000050   Code   RO          119    .text.FlashI2CError  onboardleds.o
    0x000005a8   0x000005a8   0x00000028   Code   RO          107    .text.FlashI2CRx    onboardleds.o
    0x000005d0   0x000005d0   0x00000028   Code   RO          105    .text.FlashI2CTx    onboardleds.o
    0x000005f8   0x000005f8   0x00000014   Code   RO          117    .text.FlipLED2      onboardleds.o
    0x0000060c   0x0000060c   0x00000036   Code   RO           24    .text.GPIOJ_IRQHandler  main.o
    0x00000642   0x00000642   0x00000002   PAD
    0x00000644   0x00000644   0x000000da   Code   RO           51    .text.PLL_Init      pll.o
    0x0000071e   0x0000071e   0x00000002   PAD
    0x00000720   0x00000720   0x00000012   Code   RO          115    .text.ResetLED1     onboardleds.o
    0x00000732   0x00000732   0x00000002   PAD
    0x00000734   0x00000734   0x00000012   Code   RO          113    .text.ResetLED2     onboardleds.o
    0x00000746   0x00000746   0x00000002   PAD
    0x00000748   0x00000748   0x00000012   Code   RO          109    .text.SetLED1       onboardleds.o
    0x0000075a   0x0000075a   0x00000002   PAD
    0x0000075c   0x0000075c   0x00000012   Code   RO          111    .text.SetLED2       onboardleds.o
    0x0000076e   0x0000076e   0x00000002   PAD
    0x00000770   0x00000770   0x000000ac   Code   RO           84    .text.Status_Check  uart.o
    0x0000081c   0x0000081c   0x0000001a   Code   RO           60    .text.SysTick_Init  systick.o
    0x00000836   0x00000836   0x00000002   PAD
    0x00000838   0x00000838   0x00000020   Code   RO           62    .text.SysTick_Wait  systick.o
    0x00000858   0x00000858   0x0000003e   Code   RO           64    .text.SysTick_Wait10ms  systick.o
    0x00000896   0x00000896   0x00000002   PAD
    0x00000898   0x00000898   0x0000003a   Code   RO           66    .text.SysTick_Wait1ms  systick.o
    0x000008d2   0x000008d2   0x00000002   PAD
    0x000008d4   0x000008d4   0x00000024   Code   RO          275    .text.SystemInit    system_msp432e401y.o
    0x000008f8   0x000008f8   0x00000014   Code   RO           78    .text.UART_InChar   uart.o
    0x0000090c   0x0000090c   0x000000b8   Code   RO           76    .text.UART_Init     uart.o
    0x000009c4   0x000009c4   0x00000012   Code   RO           80    .text.UART_OutChar  uart.o
    0x000009d6   0x000009d6   0x00000002   PAD
    0x000009d8   0x000009d8   0x00000030   Code   RO           82    .text.UART_printf   uart.o
    0x00000a08   0x00000a08   0x00000020   Code   RO          200    .text.VL53L1X_BootState  vl53l1x_api.o
    0x00000a28   0x00000a28   0x0000000c   Code   RO          176    .text.VL53L1X_ClearInterrupt  vl53l1x_api.o
    0x00000a34   0x00000a34   0x0000001a   Code   RO          204    .text.VL53L1X_GetDistance  vl53l1x_api.o
    0x00000a4e   0x00000a4e   0x00000002   PAD
    0x00000a50   0x00000a50   0x0000012c   Code   RO          174    .text.VL53L1X_SensorInit  vl53l1x_api.o
    0x00000b7c   0x00000b7c   0x0000000c   Code   RO          178    .text.VL53L1X_StartRanging  vl53l1x_api.o
    0x00000b88   0x00000b88   0x0000000c   Code   RO          182    .text.VL53L1X_StopRanging  vl53l1x_api.o
    0x00000b94   0x00000b94   0x0000005a   Code   RO          153    .text.VL53L1_RdByte  vl53l1_platform_2dx4.o
    0x00000bee   0x00000bee   0x00000002   PAD
    0x00000bf0   0x00000bf0   0x0000009a   Code   RO          155    .text.VL53L1_RdWord  vl53l1_platform_2dx4.o
    0x00000c8a   0x00000c8a   0x00000002   PAD
    0x00000c8c   0x00000c8c   0x00000052   Code   RO          147    .text.VL53L1_WrByte  vl53l1_platform_2dx4.o
    0x00000cde   0x00000cde   0x00000002   PAD
    0x00000ce0   0x00000ce0   0x00000042   Code   RO           28    .text.main          main.o
    0x00000d22   0x00000d22   0x00000002   PAD
    0x00000d24   0x00000d24   0x000000ba   Code   RO          121    .text.onboardLEDs_Init  onboardleds.o
    0x00000dde   0x00000dde   0x00000002   PAD
    0x00000de0   0x00000de0   0x000001b0   Code   RO           16    .text.scanYZ        main.o
    0x00000f90   0x00000f90   0x00000170   Code   RO           26    .text.scanner_Init  main.o
    0x00001100   0x00001100   0x0000007e   Code   RO           18    .text.transmitDistanceSerial  main.o
    0x0000117e   0x0000117e   0x00000002   PAD
    0x00001180   0x00001180   0x00000060   Code   RO          135    .text.writeRegisterIndex  vl53l1_platform_2dx4.o
    0x000011e0   0x000011e0   0x00000060   Code   RO          137    .text.writeRegisterIndex_nostop  vl53l1_platform_2dx4.o
    0x00001240   0x00001240   0x0000001a   Code   RO          443    x$fpl$fpinit        fz_wm.l(fpinit.o)
    0x0000125a   0x0000125a   0x0000005b   Data   RO          254    .rodata.VL51L1X_DEFAULT_CONFIGURATION  vl53l1x_api.o
    0x000012b5   0x000012b5   0x00000008   Data   RO           30    .rodata.cst4        main.o
    0x000012bd   0x000012bd   0x00000008   Data   RO           38    .rodata.str1.1      main.o
    0x000012c5   0x000012c5   0x00000003   PAD
    0x000012c8   0x000012c8   0x00000020   Data   RO          518    Region$$Table       anon$$obj.o


    Execution Region ER_RW (Exec base: 0x20000000, Load base: 0x000012e8, Size: 0x00000010, Max: 0xffffffff, ABSOLUTE)

    Exec Addr    Load Addr    Size         Type   Attr      Idx    E Section Name        Object

    0x20000000   0x000012e8   0x00000004   Data   RW          277    .data.SystemCoreClock  system_msp432e401y.o
    0x20000004   0x000012ec   0x00000008   Data   RW           31    .data.motor         main.o
    0x2000000c   0x000012f4   0x00000002   Data   RW           41    .data.scanner       main.o


    Execution Region ER_ZI (Exec base: 0x20000010, Load base: 0x000012f8, Size: 0x00000ba8, Max: 0xffffffff, ABSOLUTE)

    Exec Addr    Load Addr    Size         Type   Attr      Idx    E Section Name        Object

    0x20000010        -       0x00000060   Zero   RW          383    .bss                c_w.l(libspace.o)
    0x20000070        -       0x00000002   Zero   RW           35    .bss.distance       main.o
    0x20000072        -       0x00000001   Zero   RW           34    .bss.measurementNum  main.o
    0x20000073        -       0x000003ff   Zero   RW           40    .bss.printf_buffer  main.o
    0x20000472        -       0x000003ff   Zero   RW           86    .bss.printf_buffer  uart.o
    0x20000871        -       0x00000001   Zero   RW           33    .bss.sensorState    main.o
    0x20000872   0x000012f8   0x00000002   PAD
    0x20000874        -       0x00000004   Zero   RW           37    .bss.status         main.o
    0x20000878        -       0x00000140   Zero   RW           39    .bss.transmissionData  main.o
    0x200009b8        -       0x00000000   Zero   RW          264    HEAP                startup_msp432e401y_uvision.o
    0x200009b8        -       0x00000200   Zero   RW          263    STACK               startup_msp432e401y_uvision.o


==============================================================================

Image component sizes


      Code (inc. data)   RO Data    RW Data    ZI Data      Debug   Object Name

      1046          8         16         10       1351       4852   main.o
       438          0          0          0          0       2644   onboardleds.o
       218          0          0          0          0        761   pll.o
        60         22        508          0        512       1020   startup_msp432e401y_uvision.o
        36          0          0          4          0       7267   system_msp432e401y.o
       178          0          0          0          0       1508   systick.o
       442         36          0          0       1023       2240   uart.o
       518          0          0          0          0       7444   vl53l1_platform_2dx4.o
       394         56         91          0          0      18296   vl53l1x_api.o

    ----------------------------------------------------------------------
      3364        122        650         16       2888      46032   Object Totals
         0          0         32          0          0          0   (incl. Generated)
        34          0          3          2          2          0   (incl. Padding)

    ----------------------------------------------------------------------

      Code (inc. data)   RO Data    RW Data    ZI Data      Debug   Library Member Name

         8          0          0          0          0         68   __main.o
       104          0          0          0          0         84   __printf.o
         0          0          0          0          0          0   __rtentry.o
        12          0          0          0          0          0   __rtentry2.o
         6          0          0          0          0          0   __rtentry4.o
        52          8          0          0          0          0   __scatter.o
        26          0          0          0          0          0   __scatter_copy.o
        28          0          0          0          0          0   __scatter_zi.o
        48          6          0          0          0         96   _printf_char_common.o
         6          0          0          0          0          0   _printf_d.o
       120         16          0          0          0         92   _printf_dec.o
       178          0          0          0          0         88   _printf_intcommon.o
         0          0          0          0          0          0   _printf_percent.o
         4          0          0          0          0          0   _printf_percent_end.o
         6          0          0          0          0          0   _printf_u.o
        10          0          0          0          0         68   _sputc.o
        18          0          0          0          0         80   exit.o
         6          0          0          0          0        152   heapauxi.o
         0          0          0          0          0          0   indicate_semi.o
         2          0          0          0          0          0   libinit.o
         6          0          0          0          0          0   libinit2.o
         2          0          0          0          0          0   libshutdown.o
         2          0          0          0          0          0   libshutdown2.o
         8          4          0          0         96         68   libspace.o
        40          6          0          0          0         84   noretval__2sprintf.o
         2          0          0          0          0          0   rtexit.o
        10          0          0          0          0          0   rtexit2.o
        12          4          0          0          0         68   sys_exit.o
        74          0          0          0          0         80   sys_stackheap_outer.o
         2          0          0          0          0         68   use_no_semi.o
        26          0          0          0          0        116   fpinit.o

    ----------------------------------------------------------------------
       826         44          0          0         96       1212   Library Totals
         8          0          0          0          0          0   (incl. Padding)

    ----------------------------------------------------------------------

      Code (inc. data)   RO Data    RW Data    ZI Data      Debug   Library Name

       792         44          0          0         96       1096   c_w.l
        26          0          0          0          0        116   fz_wm.l

    ----------------------------------------------------------------------
       826         44          0          0         96       1212   Library Totals

    ----------------------------------------------------------------------

==============================================================================


      Code (inc. data)   RO Data    RW Data    ZI Data      Debug   

      4190        166        650         16       2984      46636   Grand Totals
      4190        166        650         16       2984      46636   ELF Image Totals
      4190        166        650         16          0          0   ROM Totals

==============================================================================

    Total RO  Size (Code + RO Data)                 4840 (   4.73kB)
    Total RW  Size (RW Data + ZI Data)              3000 (   2.93kB)
    Total ROM Size (Code + RO Data + RW Data)       4856 (   4.74kB)

==============================================================================

