Component: Arm Compiler for Embedded 6.18 Tool: armlink [5e4cc100]

==============================================================================

Section Cross References

    main.o(.ARM.exidx.text.I2C_Init) refers to main.o(.text.I2C_Init) for [Anonymous Symbol]
    main.o(.ARM.exidx.text.PortH_Init) refers to main.o(.text.PortH_Init) for [Anonymous Symbol]
    main.o(.text.step) refers to systick.o(.text.SysTick_Wait1ms) for SysTick_Wait1ms
    main.o(.ARM.exidx.text.step) refers to main.o(.text.step) for [Anonymous Symbol]
    main.o(.ARM.exidx.text.EnableInt) refers to main.o(.text.EnableInt) for [Anonymous Symbol]
    main.o(.ARM.exidx.text.DisableInt) refers to main.o(.text.DisableInt) for [Anonymous Symbol]
    main.o(.ARM.exidx.text.WaitForInt) refers to main.o(.text.WaitForInt) for [Anonymous Symbol]
    main.o(.ARM.exidx.text.PortJ_Init) refers to main.o(.text.PortJ_Init) for [Anonymous Symbol]
    main.o(.ARM.exidx.text.PortJ_Interrupt_Init) refers to main.o(.text.PortJ_Interrupt_Init) for [Anonymous Symbol]
    main.o(.text.GPIOJ_IRQHandler) refers to main.o(.data.motor) for motor
    main.o(.text.GPIOJ_IRQHandler) refers to onboardleds.o(.text.FlashLED2) for FlashLED2
    main.o(.ARM.exidx.text.GPIOJ_IRQHandler) refers to main.o(.text.GPIOJ_IRQHandler) for [Anonymous Symbol]
    main.o(.text.scanner_Init) refers to onboardleds.o(.text.onboardLEDs_Init) for onboardLEDs_Init
    main.o(.text.scanner_Init) refers to onboardleds.o(.text.SetLED1) for SetLED1
    main.o(.ARM.exidx.text.scanner_Init) refers to main.o(.text.scanner_Init) for [Anonymous Symbol]
    main.o(.text.main) refers to pll.o(.text.PLL_Init) for PLL_Init
    main.o(.text.main) refers to systick.o(.text.SysTick_Init) for SysTick_Init
    main.o(.text.main) refers to onboardleds.o(.text.onboardLEDs_Init) for onboardLEDs_Init
    main.o(.text.main) refers to onboardleds.o(.text.SetLED1) for SetLED1
    main.o(.ARM.exidx.text.main) refers to main.o(.text.main) for [Anonymous Symbol]
    pll.o(.ARM.exidx.text.PLL_Init) refers to pll.o(.text.PLL_Init) for [Anonymous Symbol]
    systick.o(.ARM.exidx.text.SysTick_Init) refers to systick.o(.text.SysTick_Init) for [Anonymous Symbol]
    systick.o(.ARM.exidx.text.SysTick_Wait) refers to systick.o(.text.SysTick_Wait) for [Anonymous Symbol]
    systick.o(.ARM.exidx.text.SysTick_Wait10ms) refers to systick.o(.text.SysTick_Wait10ms) for [Anonymous Symbol]
    systick.o(.ARM.exidx.text.SysTick_Wait1ms) refers to systick.o(.text.SysTick_Wait1ms) for [Anonymous Symbol]
    uart.o(.text) refers (Special) to _printf_percent.o(.ARM.Collect$$_printf_percent$$00000000) for _printf_percent
    uart.o(.text) refers (Special) to _printf_d.o(.ARM.Collect$$_printf_percent$$00000009) for _printf_d
    uart.o(.text) refers (Special) to _printf_dec.o(.text) for _printf_int_dec
    uart.o(.text.UART_Init) refers (Special) to _printf_percent.o(.ARM.Collect$$_printf_percent$$00000000) for _printf_percent
    uart.o(.text.UART_Init) refers (Special) to _printf_d.o(.ARM.Collect$$_printf_percent$$00000009) for _printf_d
    uart.o(.text.UART_Init) refers (Special) to _printf_dec.o(.text) for _printf_int_dec
    uart.o(.ARM.exidx.text.UART_Init) refers (Special) to _printf_percent.o(.ARM.Collect$$_printf_percent$$00000000) for _printf_percent
    uart.o(.ARM.exidx.text.UART_Init) refers (Special) to _printf_d.o(.ARM.Collect$$_printf_percent$$00000009) for _printf_d
    uart.o(.ARM.exidx.text.UART_Init) refers (Special) to _printf_dec.o(.text) for _printf_int_dec
    uart.o(.ARM.exidx.text.UART_Init) refers to uart.o(.text.UART_Init) for [Anonymous Symbol]
    uart.o(.text.UART_InChar) refers (Special) to _printf_percent.o(.ARM.Collect$$_printf_percent$$00000000) for _printf_percent
    uart.o(.text.UART_InChar) refers (Special) to _printf_d.o(.ARM.Collect$$_printf_percent$$00000009) for _printf_d
    uart.o(.text.UART_InChar) refers (Special) to _printf_dec.o(.text) for _printf_int_dec
    uart.o(.ARM.exidx.text.UART_InChar) refers (Special) to _printf_percent.o(.ARM.Collect$$_printf_percent$$00000000) for _printf_percent
    uart.o(.ARM.exidx.text.UART_InChar) refers (Special) to _printf_d.o(.ARM.Collect$$_printf_percent$$00000009) for _printf_d
    uart.o(.ARM.exidx.text.UART_InChar) refers (Special) to _printf_dec.o(.text) for _printf_int_dec
    uart.o(.ARM.exidx.text.UART_InChar) refers to uart.o(.text.UART_InChar) for [Anonymous Symbol]
    uart.o(.text.UART_OutChar) refers (Special) to _printf_percent.o(.ARM.Collect$$_printf_percent$$00000000) for _printf_percent
    uart.o(.text.UART_OutChar) refers (Special) to _printf_d.o(.ARM.Collect$$_printf_percent$$00000009) for _printf_d
    uart.o(.text.UART_OutChar) refers (Special) to _printf_dec.o(.text) for _printf_int_dec
    uart.o(.ARM.exidx.text.UART_OutChar) refers (Special) to _printf_percent.o(.ARM.Collect$$_printf_percent$$00000000) for _printf_percent
[...]
    vl53l1x_api.o(.ARM.exidx.text.VL53L1X_GetInterMeasurementInMs) refers to vl53l1x_api.o(.text.VL53L1X_GetInterMeasurementInMs) for [Anonymous Symbol]
    vl53l1x_api.o(.text.VL53L1X_BootState) refers to vl53l1_platform_2dx4.o(.text.VL53L1_RdByte) for VL53L1_RdByte
    vl53l1x_api.o(.ARM.exidx.text.VL53L1X_BootState) refers to vl53l1x_api.o(.text.VL53L1X_BootState) for [Anonymous Symbol]
    vl53l1x_api.o(.text.VL53L1X_GetSensorId) refers to vl53l1_platform_2dx4.o(.text.VL53L1_RdWord) for VL53L1_RdWord
    vl53l1x_api.o(.ARM.exidx.text.VL53L1X_GetSensorId) refers to vl53l1x_api.o(.text.VL53L1X_GetSensorId) for [Anonymous Symbol]
    vl53l1x_api.o(.text.VL53L1X_GetDistance) refers to vl53l1_platform_2dx4.o(.text.VL53L1_RdWord) for VL53L1_RdWord
    vl53l1x_api.o(.ARM.exidx.text.VL53L1X_GetDistance) refers to vl53l1x_api.o(.text.VL53L1X_GetDistance) for [Anonymous Symbol]
    vl53l1x_api.o(.text.VL53L1X_GetSignalPerSpad) refers to vl53l1_platform_2dx4.o(.text.VL53L1_RdWord) for VL53L1_RdWord
    vl53l1x_api.o(.text.VL53L1X_GetSignalPerSpad) refers to dflt_clz.o(x$fpl$dfltu) for __aeabi_ui2d
    vl53l1x_api.o(.text.VL53L1X_GetSignalPerSpad) refers to dmul.o(x$fpl$dmul) for __aeabi_dmul
    vl53l1x_api.o(.text.VL53L1X_GetSignalPerSpad) refers to ddiv.o(x$fpl$ddiv) for __aeabi_ddiv
    vl53l1x_api.o(.text.VL53L1X_GetSignalPerSpad) refers to dfix.o(x$fpl$dfix) for __aeabi_d2iz
    vl53l1x_api.o(.ARM.exidx.text.VL53L1X_GetSignalPerSpad) refers to vl53l1x_api.o(.text.VL53L1X_GetSignalPerSpad) for [Anonymous Symbol]
    vl53l1x_api.o(.text.VL53L1X_GetAmbientPerSpad) refers to vl53l1_platform_2dx4.o(.text.VL53L1_RdWord) for VL53L1_RdWord
    vl53l1x_api.o(.text.VL53L1X_GetAmbientPerSpad) refers to dflt_clz.o(x$fpl$dfltu) for __aeabi_ui2d
    vl53l1x_api.o(.text.VL53L1X_GetAmbientPerSpad) refers to dmul.o(x$fpl$dmul) for __aeabi_dmul
    vl53l1x_api.o(.text.VL53L1X_GetAmbientPerSpad) refers to ddiv.o(x$fpl$ddiv) for __aeabi_ddiv
    vl53l1x_api.o(.text.VL53L1X_GetAmbientPerSpad) refers to dfix.o(x$fpl$dfix) for __aeabi_d2iz
    vl53l1x_api.o(.ARM.exidx.text.VL53L1X_GetAmbientPerSpad) refers to vl53l1x_api.o(.text.VL53L1X_GetAmbientPerSpad) for [Anonymous Symbol]
    vl53l1x_api.o(.text.VL53L1X_GetSignalRate) refers to vl53l1_platform_2dx4.o(.text.VL53L1_RdWord) for VL53L1_RdWord
    vl53l1x_api.o(.ARM.exidx.text.VL53L1X_GetSignalRate) refers to vl53l1x_api.o(.text.VL53L1X_GetSignalRate) for [Anonymous Symbol]
    vl53l1x_api.o(.text.VL53L1X_GetSpadNb) refers to vl53l1_platform_2dx4.o(.text.VL53L1_RdWord) for VL53L1_RdWord
    vl53l1x_api.o(.ARM.exidx.text.VL53L1X_GetSpadNb) refers to vl53l1x_api.o(.text.VL53L1X_GetSpadNb) for [Anonymous Symbol]
    vl53l1x_api.o(.text.VL53L1X_GetAmbientRate) refers to vl53l1_platform_2dx4.o(.text.VL53L1_RdWord) for VL53L1_RdWord
    vl53l1x_api.o(.ARM.exidx.text.VL53L1X_GetAmbientRate) refers to vl53l1x_api.o(.text.VL53L1X_GetAmbientRate) for [Anonymous Symbol]
    vl53l1x_api.o(.text.VL53L1X_GetRangeStatus) refers to vl53l1_platform_2dx4.o(.text.VL53L1_RdByte) for VL53L1_RdByte
    vl53l1x_api.o(.text.VL53L1X_GetRangeStatus) refers to vl53l1x_api.o(.rodata.status_rtn) for status_rtn
    vl53l1x_api.o(.ARM.exidx.text.VL53L1X_GetRangeStatus) refers to vl53l1x_api.o(.text.VL53L1X_GetRangeStatus) for [Anonymous Symbol]
    vl53l1x_api.o(.text.VL53L1X_GetResult) refers to vl53l1_platform_2dx4.o(.text.VL53L1_ReadMulti) for VL53L1_ReadMulti
    vl53l1x_api.o(.text.VL53L1X_GetResult) refers to vl53l1x_api.o(.rodata.status_rtn) for status_rtn
    vl53l1x_api.o(.ARM.exidx.text.VL53L1X_GetResult) refers to vl53l1x_api.o(.text.VL53L1X_GetResult) for [Anonymous Symbol]
    vl53l1x_api.o(.text.VL53L1X_SetOffset) refers to vl53l1_platform_2dx4.o(.text.VL53L1_WrWord) for VL53L1_WrWord
    vl53l1x_api.o(.ARM.exidx.text.VL53L1X_SetOffset) refers to vl53l1x_api.o(.text.VL53L1X_SetOffset) for [Anonymous Symbol]
    vl53l1x_api.o(.text.VL53L1X_GetOffset) refers to vl53l1_platform_2dx4.o(.text.VL53L1_RdWord) for VL53L1_RdWord
    vl53l1x_api.o(.ARM.exidx.text.VL53L1X_GetOffset) refers to vl53l1x_api.o(.text.VL53L1X_GetOffset) for [Anonymous Symbol]
    vl53l1x_api.o(.text.VL53L1X_SetXtalk) refers to vl53l1_platform_2dx4.o(.text.VL53L1_WrWord) for VL53L1_WrWord
    vl53l1x_api.o(.ARM.exidx.text.VL53L1X_SetXtalk) refers to vl53l1x_api.o(.text.VL53L1X_SetXtalk) for [Anonymous Symbol]
    vl53l1x_api.o(.text.VL53L1X_GetXtalk) refers to vl53l1_platform_2dx4.o(.text.VL53L1_RdDWord) for VL53L1_RdDWord
    vl53l1x_api.o(.ARM.exidx.text.VL53L1X_GetXtalk) refers to vl53l1x_api.o(.text.VL53L1X_GetXtalk) for [Anonymous Symbol]
    vl53l1x_api.o(.text.VL53L1X_SetDistanceThreshold) refers to vl53l1_platform_2dx4.o(.text.VL53L1_RdByte) for VL53L1_RdByte
    vl53l1x_api.o(.text.VL53L1X_SetDistanceThreshold) refers to vl53l1_platform_2dx4.o(.text.VL53L1_WrByte) for VL53L1_WrByte
    vl53l1x_api.o(.text.VL53L1X_SetDistanceThreshold) refers to vl53l1_platform_2dx4.o(.text.VL53L1_WrWord) for VL53L1_WrWord
    vl53l1x_api.o(.ARM.exidx.text.VL53L1X_SetDistanceThreshold) refers to vl53l1x_api.o(.text.VL53L1X_SetDistanceThreshold) for [Anonymous Symbol]
    vl53l1x_api.o(.text.VL53L1X_GetDistanceThresholdWindow) refers to vl53l1_platform_2dx4.o(.text.VL53L1_RdByte) for VL53L1_RdByte
    vl53l1x_api.o(.ARM.exidx.text.VL53L1X_GetDistanceThresholdWindow) refers to vl53l1x_api.o(.text.VL53L1X_GetDistanceThresholdWindow) for [Anonymous Symbol]
    vl53l1x_api.o(.text.VL53L1X_GetDistanceThresholdLow) refers to vl53l1_platform_2dx4.o(.text.VL53L1_RdWord) for VL53L1_RdWord
    vl53l1x_api.o(.ARM.exidx.text.VL53L1X_GetDistanceThresholdLow) refers to vl53l1x_api.o(.text.VL53L1X_GetDistanceThresholdLow) for [Anonymous Symbol]
    vl53l1x_api.o(.text.VL53L1X_GetDistanceThresholdHigh) refers to vl53l1_platform_2dx4.o(.text.VL53L1_RdWord) for VL53L1_RdWord
    vl53l1x_api.o(.ARM.exidx.text.VL53L1X_GetDistanceThresholdHigh) refers to vl53l1x_api.o(.text.VL53L1X_GetDistanceThresholdHigh) for [Anonymous Symbol]
    vl53l1x_api.o(.text.VL53L1X_SetROICenter) refers to vl53l1_platform_2dx4.o(.text.VL53L1_WrByte) for VL53L1_WrByte
    vl53l1x_api.o(.ARM.exidx.text.VL53L1X_SetROICenter) refers to vl53l1x_api.o(.text.VL53L1X_SetROICenter) for [Anonymous Symbol]
    vl53l1x_api.o(.text.VL53L1X_GetROICenter) refers to vl53l1_platform_2dx4.o(.text.VL53L1_RdByte) for VL53L1_RdByte
    vl53l1x_api.o(.ARM.exidx.text.VL53L1X_GetROICenter) refers to vl53l1x_api.o(.text.VL53L1X_GetROICenter) for [Anonymous Symbol]
    vl53l1x_api.o(.text.VL53L1X_SetROI) refers to vl53l1_platform_2dx4.o(.text.VL53L1_RdByte) for VL53L1_RdByte
    vl53l1x_api.o(.text.VL53L1X_SetROI) refers to vl53l1_platform_2dx4.o(.text.VL53L1_WrByte) for VL53L1_WrByte
    vl53l1x_api.o(.ARM.exidx.text.VL53L1X_SetROI) refers to vl53l1x_api.o(.text.VL53L1X_SetROI) for [Anonymous Symbol]
    vl53l1x_api.o(.text.VL53L1X_GetROI_XY) refers to vl53l1_platform_2dx4.o(.text.VL53L1_RdByte) for VL53L1_RdByte
    vl53l1x_api.o(.ARM.exidx.text.VL53L1X_GetROI_XY) refers to vl53l1x_api.o(.text.VL53L1X_GetROI_XY) for [Anonymous Symbol]
    vl53l1x_api.o(.text.VL53L1X_SetSignalThreshold) refers to vl53l1_platform_2dx4.o(.text.VL53L1_WrWord) for VL53L1_WrWord
    vl53l1x_api.o(.ARM.exidx.text.VL53L1X_SetSignalThreshold) refers to vl53l1x_api.o(.text.VL53L1X_SetSignalThreshold) for [Anonymous Symbol]
    vl53l1x_api.o(.text.VL53L1X_GetSignalThreshold) refers to vl53l1_platform_2dx4.o(.text.VL53L1_RdWord) for VL53L1_RdWord
    vl53l1x_api.o(.ARM.exidx.text.VL53L1X_GetSignalThreshold) refers to vl53l1x_api.o(.text.VL53L1X_GetSignalThreshold) for [Anonymous Symbol]
    vl53l1x_api.o(.text.VL53L1X_SetSigmaThreshold) refers to vl53l1_platform_2dx4.o(.text.VL53L1_WrWord) for VL53L1_WrWord
    vl53l1x_api.o(.ARM.exidx.text.VL53L1X_SetSigmaThreshold) refers to vl53l1x_api.o(.text.VL53L1X_SetSigmaThreshold) for [Anonymous Symbol]
    vl53l1x_api.o(.text.VL53L1X_GetSigmaThreshold) refers to vl53l1_platform_2dx4.o(.text.VL53L1_RdWord) for VL53L1_RdWord
    vl53l1x_api.o(.ARM.exidx.text.VL53L1X_GetSigmaThreshold) refers to vl53l1x_api.o(.text.VL53L1X_GetSigmaThreshold) for [Anonymous Symbol]
    vl53l1x_api.o(.text.VL53L1X_StartTemperatureUpdate) refers to vl53l1_platform_2dx4.o(.text.VL53L1_WrByte) for VL53L1_WrByte
    vl53l1x_api.o(.text.VL53L1X_StartTemperatureUpdate) refers to vl53l1_platform_2dx4.o(.text.VL53L1_RdByte) for VL53L1_RdByte
    vl53l1x_api.o(.ARM.exidx.text.VL53L1X_StartTemperatureUpdate) refers to vl53l1x_api.o(.text.VL53L1X_StartTemperatureUpdate) for [Anonymous Symbol]
    startup_msp432e401y_uvision.o(STACK) refers (Special) to heapauxi.o(.text) for __use_two_region_memory
    startup_msp432e401y_uvision.o(HEAP) refers (Special) to heapauxi.o(.text) for __use_two_region_memory
    startup_msp432e401y_uvision.o(RESET) refers (Special) to heapauxi.o(.text) for __use_two_region_memory
    startup_msp432e401y_uvision.o(RESET) refers to startup_msp432e401y_uvision.o(STACK) for __initial_sp
    startup_msp432e401y_uvision.o(RESET) refers to startup_msp432e401y_uvision.o(.text) for Reset_Handler
    startup_msp432e401y_uvision.o(RESET) refers to main.o(.text.GPIOJ_IRQHandler) for GPIOJ_IRQHandler
    startup_msp432e401y_uvision.o(.text) refers (Special) to heapauxi.o(.text) for __use_two_region_memory
    startup_msp432e401y_uvision.o(.text) refers to system_msp432e401y.o(.text.SystemInit) for SystemInit
    startup_msp432e401y_uvision.o(.text) refers to __main.o(!!!main) for __main
    startup_msp432e401y_uvision.o(.text) refers to startup_msp432e401y_uvision.o(HEAP) for Heap_Mem
    startup_msp432e401y_uvision.o(.text) refers to startup_msp432e401y_uvision.o(STACK) for Stack_Mem
    system_msp432e401y.o(.text.SystemCoreClockUpdate) refers to system_msp432e401y.o(.data.SystemCoreClock) for SystemCoreClock
    system_msp432e401y.o(.ARM.exidx.text.SystemCoreClockUpdate) refers to system_msp432e401y.o(.text.SystemCoreClockUpdate) for [Anonymous Symbol]
    system_msp432e401y.o(.text.SystemInit) refers to system_msp432e401y.o(.data.SystemCoreClock) for SystemCoreClock
    system_msp432e401y.o(.ARM.exidx.text.SystemInit) refers to system_msp432e401y.o(.text.SystemInit) for [Anonymous Symbol]
    __2sprintf.o(.text) refers to _printf_char_common.o(.text) for _printf_char_common
    __2sprintf.o(.text) refers to _sputc.o(.text) for _sputc
    noretval__2sprintf.o(.text) refers to _printf_char_common.o(.text) for _printf_char_common
    noretval__2sprintf.o(.text) refers to _sputc.o(.text) for _sputc
    __printf.o(.text) refers to _printf_percent.o(.ARM.Collect$$_printf_percent$$00000000) for _printf_percent
    _printf_dec.o(.text) refers to _printf_intcommon.o(.text) for _printf_int_common
    __printf_flags.o(.text) refers to _printf_percent.o(.ARM.Collect$$_printf_percent$$00000000) for _printf_percent
    __printf_flags.o(.text) refers to __printf_flags.o(.constdata) for .constdata
    __printf_ss.o(.text) refers to _printf_percent.o(.ARM.Collect$$_printf_percent$$00000000) for _printf_percent
    __printf_flags_ss.o(.text) refers to _printf_percent.o(.ARM.Collect$$_printf_percent$$00000000) for _printf_percent
    __printf_flags_ss.o(.text) refers to __printf_flags_ss.o(.constdata) for .constdata
    __printf_wp.o(.text) refers to __printf_wp.o(i._is_digit) for _is_digit
    __printf_wp.o(.text) refers to _printf_percent.o(.ARM.Collect$$_printf_percent$$00000000) for _printf_percent
    __printf_flags_wp.o(.text) refers to __printf_wp.o(i._is_digit) for _is_digit
    __printf_flags_wp.o(.text) refers to _printf_percent.o(.ARM.Collect$$_printf_percent$$00000000) for _printf_percent
    __printf_flags_wp.o(.text) refers to __printf_flags_wp.o(.constdata) for .constdata
    __printf_ss_wp.o(.text) refers to __printf_wp.o(i._is_digit) for _is_digit
    __printf_ss_wp.o(.text) refers to _printf_percent.o(.ARM.Collect$$_printf_percent$$00000000) for _printf_percent
    __printf_flags_ss_wp.o(.text) refers to __printf_wp.o(i._is_digit) for _is_digit
    __printf_flags_ss_wp.o(.text) refers to _printf_percent.o(.ARM.Collect$$_printf_percent$$00000000) for _printf_percent
    __printf_flags_ss_wp.o(.text) refers to __printf_flags_ss_wp.o(.constdata) for .constdata
    _printf_d.o(.ARM.Collect$$_printf_percent$$00000009) refers (Weak) to _printf_dec.o(.text) for _printf_int_dec
    _printf_percent.o(.ARM.Collect$$_printf_percent$$00000000) refers (Special) to _printf_percent_end.o(.ARM.Collect$$_printf_percent$$00000017) for _printf_percent_end
    __main.o(!!!main) refers to __rtentry.o(.ARM.Collect$$rtentry$$00000000) for __rt_entry
    ddiv.o(x$fpl$drdiv) refers (Special) to usenofp.o(x$fpl$usenofp) for __I$use$fp
    ddiv.o(x$fpl$drdiv) refers to ddiv.o(x$fpl$ddiv) for ddiv_entry
    ddiv.o(x$fpl$ddiv) refers (Special) to usenofp.o(x$fpl$usenofp) for __I$use$fp
    ddiv.o(x$fpl$ddiv) refers to dretinf.o(x$fpl$dretinf) for __fpl_dretinf
    ddiv.o(x$fpl$ddiv) refers to dnaninf.o(x$fpl$dnaninf) for __fpl_dnaninf
    dfix.o(x$fpl$dfix) refers (Special) to usenofp.o(x$fpl$usenofp) for __I$use$fp
    dfix.o(x$fpl$dfix) refers to dnaninf.o(x$fpl$dnaninf) for __fpl_dnaninf
    dfix.o(x$fpl$dfixr) refers (Special) to usenofp.o(x$fpl$usenofp) for __I$use$fp
    dfix.o(x$fpl$dfixr) refers to dnaninf.o(x$fpl$dnaninf) for __fpl_dnaninf
    dfixu.o(x$fpl$dfixu) refers (Special) to usenofp.o(x$fpl$usenofp) for __I$use$fp
    dfixu.o(x$fpl$dfixu) refers to dnaninf.o(x$fpl$dnaninf) for __fpl_dnaninf
    dfixu.o(x$fpl$dfixur) refers (Special) to usenofp.o(x$fpl$usenofp) for __I$use$fp
    dfixu.o(x$fpl$dfixur) refers to dnaninf.o(x$fpl$dnaninf) for __fpl_dnaninf
    dflt_clz.o(x$fpl$dfltu) refers (Special) to usenofp.o(x$fpl$usenofp) for __I$use$fp
    dflt_clz.o(x$fpl$dflt) refers (Special) to usenofp.o(x$fpl$usenofp) for __I$use$fp
    dflt_clz.o(x$fpl$dfltn) refers (Special) to usenofp.o(x$fpl$usenofp) for __I$use$fp
    dmul.o(x$fpl$dmul) refers (Special) to usenofp.o(x$fpl$usenofp) for __I$use$fp
    dmul.o(x$fpl$dmul) refers to dretinf.o(x$fpl$dretinf) for __fpl_dretinf
    dmul.o(x$fpl$dmul) refers to dnaninf.o(x$fpl$dnaninf) for __fpl_dnaninf
    __rtentry.o(.ARM.Collect$$rtentry$$00000000) refers (Special) to __rtentry2.o(.ARM.Collect$$rtentry$$0000000A) for __rt_entry_li
    __rtentry.o(.ARM.Collect$$rtentry$$00000000) refers (Special) to __rtentry2.o(.ARM.Collect$$rtentry$$0000000D) for __rt_entry_main
    __rtentry.o(.ARM.Collect$$rtentry$$00000000) refers (Special) to __rtentry2.o(.ARM.Collect$$rtentry$$0000000C) for __rt_entry_postli_1
    __rtentry.o(.ARM.Collect$$rtentry$$00000000) refers (Special) to __rtentry2.o(.ARM.Collect$$rtentry$$00000009) for __rt_entry_postsh_1
    __rtentry.o(.ARM.Collect$$rtentry$$00000000) refers (Special) to __rtentry2.o(.ARM.Collect$$rtentry$$00000002) for __rt_entry_presh_1
    __rtentry.o(.ARM.Collect$$rtentry$$00000000) refers (Special) to __rtentry4.o(.ARM.Collect$$rtentry$$00000004) for __rt_entry_sh
    _printf_char_common.o(.text) refers to __printf.o(.text) for __printf
    dnaninf.o(x$fpl$dnaninf) refers (Special) to usenofp.o(x$fpl$usenofp) for __I$use$fp
    dretinf.o(x$fpl$dretinf) refers (Special) to usenofp.o(x$fpl$usenofp) for __I$use$fp
    __rtentry2.o(.ARM.Collect$$rtentry$$00000008) refers to boardinit2.o(.text) for _platform_post_stackheap_init
    __rtentry2.o(.ARM.Collect$$rtentry$$0000000A) refers to libinit.o(.ARM.Collect$$libinit$$00000000) for __rt_lib_init
    __rtentry2.o(.ARM.Collect$$rtentry$$0000000B) refers to boardinit3.o(.text) for _platform_post_lib_init
    __rtentry2.o(.ARM.Collect$$rtentry$$0000000D) refers to main.o(.text.main) for main
    __rtentry2.o(.ARM.Collect$$rtentry$$0000000D) refers to exit.o(.text) for exit
    __rtentry2.o(.ARM.exidx) refers to __rtentry2.o(.ARM.Collect$$rtentry$$00000001) for .ARM.Collect$$rtentry$$00000001
    __rtentry2.o(.ARM.exidx) refers to __rtentry2.o(.ARM.Collect$$rtentry$$00000008) for .ARM.Collect$$rtentry$$00000008
    __rtentry2.o(.ARM.exidx) refers to __rtentry2.o(.ARM.Collect$$rtentry$$0000000A) for .ARM.Collect$$rtentry$$0000000A
    __rtentry2.o(.ARM.exidx) refers to __rtentry2.o(.ARM.Collect$$rtentry$$0000000B) for .ARM.Collect$$rtentry$$0000000B
    __rtentry2.o(.ARM.exidx) refers to __rtentry2.o(.ARM.Collect$$rtentry$$0000000D) for .ARM.Collect$$rtentry$$0000000D
    __rtentry4.o(.ARM.Collect$$rtentry$$00000004) refers to sys_stackheap_outer.o(.text) for __user_setup_stackheap
    __rtentry4.o(.ARM.exidx) refers to __rtentry4.o(.ARM.Collect$$rtentry$$00000004) for .ARM.Collect$$rtentry$$00000004
    sys_stackheap_outer.o(.text) refers to libspace.o(.text) for __user_perproc_libspace
    sys_stackheap_outer.o(.text) refers to startup_msp432e401y_uvision.o(.text) for __user_initial_stackheap
    exit.o(.text) refers to rtexit.o(.ARM.Collect$$rtexit$$00000000) for __rt_exit
    libinit.o(.ARM.Collect$$libinit$$00000000) refers (Special) to libinit2.o(.ARM.Collect$$libinit$$00000030) for __rt_lib_init_alloca_1
    libinit.o(.ARM.Collect$$libinit$$00000000) refers (Special) to libinit2.o(.ARM.Collect$$libinit$$0000002E) for __rt_lib_init_argv_1
    libinit.o(.ARM.Collect$$libinit$$00000000) refers (Special) to libinit2.o(.ARM.Collect$$libinit$$0000001D) for __rt_lib_init_atexit_1
    libinit.o(.ARM.Collect$$libinit$$00000000) refers (Special) to libinit2.o(.ARM.Collect$$libinit$$00000023) for __rt_lib_init_clock_1
    libinit.o(.ARM.Collect$$libinit$$00000000) refers (Special) to libinit2.o(.ARM.Collect$$libinit$$00000034) for __rt_lib_init_cpp_1
    libinit.o(.ARM.Collect$$libinit$$00000000) refers (Special) to libinit2.o(.ARM.Collect$$libinit$$00000032) for __rt_lib_init_exceptions_1
    libinit.o(.ARM.Collect$$libinit$$00000000) refers (Special) to libinit2.o(.ARM.Collect$$libinit$$00000001) for __rt_lib_init_fp_1
    libinit.o(.ARM.Collect$$libinit$$00000000) refers (Special) to libinit2.o(.ARM.Collect$$libinit$$00000021) for __rt_lib_init_fp_trap_1
    libinit.o(.ARM.Collect$$libinit$$00000000) refers (Special) to libinit2.o(.ARM.Collect$$libinit$$00000025) for __rt_lib_init_getenv_1
    libinit.o(.ARM.Collect$$libinit$$00000000) refers (Special) to libinit2.o(.ARM.Collect$$libinit$$0000000C) for __rt_lib_init_heap_1
    libinit.o(.ARM.Collect$$libinit$$00000000) refers (Special) to libinit2.o(.ARM.Collect$$libinit$$00000013) for __rt_lib_init_lc_collate_1
    libinit.o(.ARM.Collect$$libinit$$00000000) refers (Special) to libinit2.o(.ARM.Collect$$libinit$$00000015) for __rt_lib_init_lc_ctype_1
    libinit.o(.ARM.Collect$$libinit$$00000000) refers (Special) to libinit2.o(.ARM.Collect$$libinit$$00000017) for __rt_lib_init_lc_monetary_1
    libinit.o(.ARM.Collect$$libinit$$00000000) refers (Special) to libinit2.o(.ARM.Collect$$libinit$$00000019) for __rt_lib_init_lc_numeric_1
    libinit.o(.ARM.Collect$$libinit$$00000000) refers (Special) to libinit2.o(.ARM.Collect$$libinit$$0000001B) for __rt_lib_init_lc_time_1
    libinit.o(.ARM.Collect$$libinit$$00000000) refers (Special) to libinit2.o(.ARM.Collect$$libinit$$00000006) for __rt_lib_init_preinit_1
    libinit.o(.ARM.Collect$$libinit$$00000000) refers (Special) to libinit2.o(.ARM.Collect$$libinit$$00000010) for __rt_lib_init_rand_1
    libinit.o(.ARM.Collect$$libinit$$00000000) refers (Special) to libinit2.o(.ARM.Collect$$libinit$$00000004) for __rt_lib_init_relocate_pie_1
    libinit.o(.ARM.Collect$$libinit$$00000000) refers (Special) to libinit2.o(.ARM.Collect$$libinit$$00000035) for __rt_lib_init_return
    libinit.o(.ARM.Collect$$libinit$$00000000) refers (Special) to libinit2.o(.ARM.Collect$$libinit$$0000001F) for __rt_lib_init_signal_1
    libinit.o(.ARM.Collect$$libinit$$00000000) refers (Special) to libinit2.o(.ARM.Collect$$libinit$$00000027) for __rt_lib_init_stdio_1
    libinit.o(.ARM.Collect$$libinit$$00000000) refers (Special) to libinit2.o(.ARM.Collect$$libinit$$0000000E) for __rt_lib_init_user_alloc_1
    libspace.o(.text) refers to libspace.o(.bss) for __libspace_start
    rtexit.o(.ARM.Collect$$rtexit$$00000000) refers (Special) to rtexit2.o(.ARM.Collect$$rtexit$$00000004) for __rt_exit_exit
    rtexit.o(.ARM.Collect$$rtexit$$00000000) refers (Special) to rtexit2.o(.ARM.Collect$$rtexit$$00000003) for __rt_exit_ls
    rtexit.o(.ARM.Collect$$rtexit$$00000000) refers (Special) to rtexit2.o(.ARM.Collect$$rtexit$$00000002) for __rt_exit_prels_1
    rtexit.o(.ARM.exidx) refers (Special) to rtexit2.o(.ARM.Collect$$rtexit$$00000004) for __rt_exit_exit
    rtexit.o(.ARM.exidx) refers (Special) to rtexit2.o(.ARM.Collect$$rtexit$$00000003) for __rt_exit_ls
    rtexit.o(.ARM.exidx) refers (Special) to rtexit2.o(.ARM.Collect$$rtexit$$00000002) for __rt_exit_prels_1
    rtexit.o(.ARM.exidx) refers to rtexit.o(.ARM.Collect$$rtexit$$00000000) for .ARM.Collect$$rtexit$$00000000
    libinit2.o(.ARM.Collect$$libinit$$00000001) refers to fpinit.o(x$fpl$fpinit) for _fp_init
    libinit2.o(.ARM.Collect$$libinit$$00000012) refers to libinit2.o(.ARM.Collect$$libinit$$00000011) for .ARM.Collect$$libinit$$00000011
    libinit2.o(.ARM.Collect$$libinit$$00000014) refers to libinit2.o(.ARM.Collect$$libinit$$00000011) for .ARM.Collect$$libinit$$00000011
    libinit2.o(.ARM.Collect$$libinit$$00000016) refers to libinit2.o(.ARM.Collect$$libinit$$00000011) for .ARM.Collect$$libinit$$00000011
    libinit2.o(.ARM.Collect$$libinit$$00000018) refers to libinit2.o(.ARM.Collect$$libinit$$00000011) for .ARM.Collect$$libinit$$00000011
    libinit2.o(.ARM.Collect$$libinit$$0000001A) refers to libinit2.o(.ARM.Collect$$libinit$$00000011) for .ARM.Collect$$libinit$$00000011
    libinit2.o(.ARM.Collect$$libinit$$00000028) refers to argv_veneer.o(.emb_text) for __ARM_argv_veneer
    libinit2.o(.ARM.Collect$$libinit$$00000029) refers to argv_veneer.o(.emb_text) for __ARM_argv_veneer
    rtexit2.o(.ARM.Collect$$rtexit$$00000003) refers to libshutdown.o(.ARM.Collect$$libshutdown$$00000000) for __rt_lib_shutdown
    rtexit2.o(.ARM.Collect$$rtexit$$00000004) refers to sys_exit.o(.text) for _sys_exit
    rtexit2.o(.ARM.exidx) refers to rtexit2.o(.ARM.Collect$$rtexit$$00000001) for .ARM.Collect$$rtexit$$00000001
    rtexit2.o(.ARM.exidx) refers to rtexit2.o(.ARM.Collect$$rtexit$$00000003) for .ARM.Collect$$rtexit$$00000003
    rtexit2.o(.ARM.exidx) refers to rtexit2.o(.ARM.Collect$$rtexit$$00000004) for .ARM.Collect$$rtexit$$00000004
    argv_veneer.o(.emb_text) refers to no_argv.o(.text) for __ARM_get_argv
    sys_exit.o(.text) refers (Special) to use_no_semi.o(.text) for __I$use$semihosting
    sys_exit.o(.text) refers (Special) to indicate_semi.o(.text) for __semihosting_library_function
    sys_exit_hlt.o(.text) refers (Special) to use_no_semi.o(.text) for __I$use$semihosting
    sys_exit_hlt.o(.text) refers (Special) to indicate_semi.o(.text) for __semihosting_library_function
    _get_argv_nomalloc.o(.text) refers (Special) to hrguard.o(.text) for __heap_region$guard
    _get_argv_nomalloc.o(.text) refers to defsig_rtmem_outer.o(.text) for __rt_SIGRTMEM
    _get_argv_nomalloc.o(.text) refers to sys_command.o(.text) for _sys_command_string
    libshutdown.o(.ARM.Collect$$libshutdown$$00000000) refers (Special) to libshutdown2.o(.ARM.Collect$$libshutdown$$00000002) for __rt_lib_shutdown_cpp_1
    libshutdown.o(.ARM.Collect$$libshutdown$$00000000) refers (Special) to libshutdown2.o(.ARM.Collect$$libshutdown$$00000007) for __rt_lib_shutdown_fp_trap_1
    libshutdown.o(.ARM.Collect$$libshutdown$$00000000) refers (Special) to libshutdown2.o(.ARM.Collect$$libshutdown$$0000000F) for __rt_lib_shutdown_heap_1
    libshutdown.o(.ARM.Collect$$libshutdown$$00000000) refers (Special) to libshutdown2.o(.ARM.Collect$$libshutdown$$00000010) for __rt_lib_shutdown_return
    libshutdown.o(.ARM.Collect$$libshutdown$$00000000) refers (Special) to libshutdown2.o(.ARM.Collect$$libshutdown$$0000000A) for __rt_lib_shutdown_signal_1
    libshutdown.o(.ARM.Collect$$libshutdown$$00000000) refers (Special) to libshutdown2.o(.ARM.Collect$$libshutdown$$00000004) for __rt_lib_shutdown_stdio_1
    libshutdown.o(.ARM.Collect$$libshutdown$$00000000) refers (Special) to libshutdown2.o(.ARM.Collect$$libshutdown$$0000000C) for __rt_lib_shutdown_user_alloc_1
    sys_command.o(.text) refers (Special) to use_no_semi.o(.text) for __I$use$semihosting
    sys_command.o(.text) refers (Special) to indicate_semi.o(.text) for __semihosting_library_function
    sys_command_hlt.o(.text) refers (Special) to use_no_semi.o(.text) for __I$use$semihosting
    sys_command_hlt.o(.text) refers (Special) to indicate_semi.o(.text) for __semihosting_library_function
    defsig_rtmem_outer.o(.text) refers to defsig_rtmem_inner.o(.text) for __rt_SIGRTMEM_inner
    defsig_rtmem_outer.o(.text) refers to defsig_exit.o(.text) for __sig_exit
    defsig_rtmem_formal.o(.text) refers to rt_raise.o(.text) for __rt_raise
    rt_raise.o(.text) refers to __raise.o(.text) for __raise
    rt_raise.o(.text) refers to sys_exit.o(.text) for _sys_exit
    defsig_exit.o(.text) refers to sys_exit.o(.text) for _sys_exit
    defsig_rtmem_inner.o(.text) refers to defsig_general.o(.text) for __default_signal_display
    __raise.o(.text) refers to defsig.o(CL$$defsig) for __default_signal_handler
    defsig_general.o(.text) refers to sys_wrch.o(.text) for _ttywrch
    sys_wrch.o(.text) refers (Special) to use_no_semi.o(.text) for __I$use$semihosting
    sys_wrch.o(.text) refers (Special) to indicate_semi.o(.text) for __semihosting_library_function
    sys_wrch_hlt.o(.text) refers (Special) to use_no_semi.o(.text) for __I$use$semihosting
    sys_wrch_hlt.o(.text) refers (Special) to indicate_semi.o(.text) for __semihosting_library_function
    defsig.o(CL$$defsig) refers to defsig_rtmem_inner.o(.text) for __rt_SIGRTMEM_inner
    defsig_abrt_inner.o(.text) refers to defsig_general.o(.text) for __default_signal_display
    defsig_fpe_inner.o(.text) refers to defsig_general.o(.text) for __default_signal_display
    defsig_rtred_inner.o(.text) refers to defsig_general.o(.text) for __default_signal_display
    defsig_stak_inner.o(.text) refers to defsig_general.o(.text) for __default_signal_display
    defsig_pvfn_inner.o(.text) refers to defsig_general.o(.text) for __default_signal_display
    defsig_cppl_inner.o(.text) refers to defsig_general.o(.text) for __default_signal_display
    defsig_segv_inner.o(.text) refers to defsig_general.o(.text) for __default_signal_display
    defsig_other.o(.text) refers to defsig_general.o(.text) for __default_signal_display


==============================================================================

Removing Unused input sections from the image.

    Removing main.o(.text), (0 bytes).
    Removing main.o(.text.I2C_Init), (108 bytes).
    Removing main.o(.ARM.exidx.text.I2C_Init), (8 bytes).
    Removing main.o(.text.PortH_Init), (70 bytes).
    Removing main.o(.ARM.exidx.text.PortH_Init), (8 bytes).
    Removing main.o(.text.step), (76 bytes).
    Removing main.o(.ARM.exidx.text.step), (8 bytes).
    Removing main.o(.text.EnableInt), (4 bytes).
    Removing main.o(.ARM.exidx.text.EnableInt), (8 bytes).
    Removing main.o(.text.DisableInt), (4 bytes).
    Removing main.o(.ARM.exidx.text.DisableInt), (8 bytes).
    Removing main.o(.text.WaitForInt), (4 bytes).
    Removing main.o(.ARM.exidx.text.WaitForInt), (8 bytes).
    Removing main.o(.text.PortJ_Init), (90 bytes).
    Removing main.o(.ARM.exidx.text.PortJ_Init), (8 bytes).
    Removing main.o(.text.PortJ_Interrupt_Init), (48 bytes).
    Removing main.o(.ARM.exidx.text.PortJ_Interrupt_Init), (8 bytes).
    Removing main.o(.ARM.exidx.text.GPIOJ_IRQHandler), (8 bytes).
    Removing main.o(.text.scanner_Init), (204 bytes).
    Removing main.o(.ARM.exidx.text.scanner_Init), (8 bytes).
    Removing main.o(.ARM.exidx.text.main), (8 bytes).
    Removing main.o(.ARM.use_no_argv), (4 bytes).
    Removing pll.o(.text), (0 bytes).
    Removing pll.o(.ARM.exidx.text.PLL_Init), (8 bytes).
    Removing systick.o(.text), (0 bytes).
    Removing systick.o(.ARM.exidx.text.SysTick_Init), (8 bytes).
    Removing systick.o(.text.SysTick_Wait), (32 bytes).
    Removing systick.o(.ARM.exidx.text.SysTick_Wait), (8 bytes).
    Removing systick.o(.ARM.exidx.text.SysTick_Wait10ms), (8 bytes).
    Removing systick.o(.text.SysTick_Wait1ms), (58 bytes).
    Removing systick.o(.ARM.exidx.text.SysTick_Wait1ms), (8 bytes).
    Removing uart.o(.text), (0 bytes).
    Removing uart.o(.text.UART_Init), (184 bytes).
    Removing uart.o(.ARM.exidx.text.UART_Init), (8 bytes).
    Removing uart.o(.text.UART_InChar), (20 bytes).
    Removing uart.o(.ARM.exidx.text.UART_InChar), (8 bytes).
    Removing uart.o(.text.UART_OutChar), (18 bytes).
    Removing uart.o(.ARM.exidx.text.UART_OutChar), (8 bytes).
    Removing uart.o(.text.UART_printf), (48 bytes).
    Removing uart.o(.ARM.exidx.text.UART_printf), (8 bytes).
    Removing uart.o(.text.Status_Check), (172 bytes).
    Removing uart.o(.ARM.exidx.text.Status_Check), (8 bytes).
    Removing uart.o(.bss.printf_buffer), (1023 bytes).
    Removing onboardleds.o(.text), (0 bytes).
    Removing onboardleds.o(.text.FlashLED1), (56 bytes).
    Removing onboardleds.o(.ARM.exidx.text.FlashLED1), (8 bytes).
    Removing onboardleds.o(.ARM.exidx.text.FlashLED2), (8 bytes).
    Removing onboardleds.o(.text.FlashLED3), (56 bytes).
    Removing onboardleds.o(.ARM.exidx.text.FlashLED3), (8 bytes).
    Removing onboardleds.o(.text.FlashLED4), (56 bytes).
    Removing onboardleds.o(.ARM.exidx.text.FlashLED4), (8 bytes).
    Removing onboardleds.o(.text.FlashAllLEDs), (64 bytes).
    Removing onboardleds.o(.ARM.exidx.text.FlashAllLEDs), (8 bytes).
    Removing onboardleds.o(.text.FlashI2CTx), (40 bytes).
    Removing onboardleds.o(.ARM.exidx.text.FlashI2CTx), (8 bytes).
    Removing onboardleds.o(.text.FlashI2CRx), (40 bytes).
    Removing onboardleds.o(.ARM.exidx.text.FlashI2CRx), (8 bytes).
    Removing onboardleds.o(.ARM.exidx.text.SetLED1), (8 bytes).
    Removing onboardleds.o(.text.SetLED2), (14 bytes).
    Removing onboardleds.o(.ARM.exidx.text.SetLED2), (8 bytes).
    Removing onboardleds.o(.text.FlashI2CError), (80 bytes).
    Removing onboardleds.o(.ARM.exidx.text.FlashI2CError), (8 bytes).
    Removing onboardleds.o(.ARM.exidx.text.onboardLEDs_Init), (8 bytes).
    Removing vl53l1_platform_2dx4.o(.text), (0 bytes).
    Removing vl53l1_platform_2dx4.o(.text.beginTxI2C), (24 bytes).
    Removing vl53l1_platform_2dx4.o(.ARM.exidx.text.beginTxI2C), (8 bytes).
    Removing vl53l1_platform_2dx4.o(.text.beginRxI2C), (24 bytes).
    Removing vl53l1_platform_2dx4.o(.ARM.exidx.text.beginRxI2C), (8 bytes).
    Removing vl53l1_platform_2dx4.o(.text.writeRegisterIndex), (104 bytes).
    Removing vl53l1_platform_2dx4.o(.ARM.exidx.text.writeRegisterIndex), (8 bytes).
    Removing vl53l1_platform_2dx4.o(.text.writeRegisterIndex_nostop), (104 bytes).
    Removing vl53l1_platform_2dx4.o(.ARM.exidx.text.writeRegisterIndex_nostop), (8 bytes).
    Removing vl53l1_platform_2dx4.o(.text.writeI2C), (184 bytes).
    Removing vl53l1_platform_2dx4.o(.ARM.exidx.text.writeI2C), (8 bytes).
    Removing vl53l1_platform_2dx4.o(.text.readI2C), (68 bytes).
    Removing vl53l1_platform_2dx4.o(.ARM.exidx.text.readI2C), (8 bytes).
    Removing vl53l1_platform_2dx4.o(.text.VL53L1_WriteMulti), (44 bytes).
    Removing vl53l1_platform_2dx4.o(.ARM.exidx.text.VL53L1_WriteMulti), (8 bytes).
    Removing vl53l1_platform_2dx4.o(.text.VL53L1_ReadMulti), (126 bytes).
    Removing vl53l1_platform_2dx4.o(.ARM.exidx.text.VL53L1_ReadMulti), (8 bytes).
    Removing vl53l1_platform_2dx4.o(.text.VL53L1_WrByte), (86 bytes).
    Removing vl53l1_platform_2dx4.o(.ARM.exidx.text.VL53L1_WrByte), (8 bytes).
    Removing vl53l1_platform_2dx4.o(.text.VL53L1_WrWord), (134 bytes).
    Removing vl53l1_platform_2dx4.o(.ARM.exidx.text.VL53L1_WrWord), (8 bytes).
    Removing vl53l1_platform_2dx4.o(.text.VL53L1_WrDWord), (32 bytes).
    Removing vl53l1_platform_2dx4.o(.ARM.exidx.text.VL53L1_WrDWord), (8 bytes).
    Removing vl53l1_platform_2dx4.o(.text.VL53L1_RdByte), (90 bytes).
    Removing vl53l1_platform_2dx4.o(.ARM.exidx.text.VL53L1_RdByte), (8 bytes).
    Removing vl53l1_platform_2dx4.o(.text.VL53L1_RdWord), (158 bytes).
    Removing vl53l1_platform_2dx4.o(.ARM.exidx.text.VL53L1_RdWord), (8 bytes).
    Removing vl53l1_platform_2dx4.o(.text.VL53L1_RdDWord), (264 bytes).
    Removing vl53l1_platform_2dx4.o(.ARM.exidx.text.VL53L1_RdDWord), (8 bytes).
    Removing vl53l1_platform_2dx4.o(.text.VL53L1_WaitMs), (30 bytes).
    Removing vl53l1_platform_2dx4.o(.ARM.exidx.text.VL53L1_WaitMs), (8 bytes).
    Removing vl53l1_platform_2dx4.o(.bss._I2CBuffer), (256 bytes).
    Removing vl53l1x_api.o(.text), (0 bytes).
    Removing vl53l1x_api.o(.text.VL53L1X_GetSWVersion), (18 bytes).
    Removing vl53l1x_api.o(.ARM.exidx.text.VL53L1X_GetSWVersion), (8 bytes).
    Removing vl53l1x_api.o(.text.VL53L1X_SetI2CAddress), (12 bytes).
    Removing vl53l1x_api.o(.ARM.exidx.text.VL53L1X_SetI2CAddress), (8 bytes).
    Removing vl53l1x_api.o(.text.VL53L1X_SensorInit), (300 bytes).
    Removing vl53l1x_api.o(.ARM.exidx.text.VL53L1X_SensorInit), (8 bytes).
    Removing vl53l1x_api.o(.text.VL53L1X_ClearInterrupt), (12 bytes).
    Removing vl53l1x_api.o(.ARM.exidx.text.VL53L1X_ClearInterrupt), (8 bytes).
    Removing vl53l1x_api.o(.text.VL53L1X_StartRanging), (12 bytes).
    Removing vl53l1x_api.o(.ARM.exidx.text.VL53L1X_StartRanging), (8 bytes).
    Removing vl53l1x_api.o(.text.VL53L1X_CheckForDataReady), (62 bytes).
    Removing vl53l1x_api.o(.ARM.exidx.text.VL53L1X_CheckForDataReady), (8 bytes).
    Removing vl53l1x_api.o(.text.VL53L1X_StopRanging), (12 bytes).
    Removing vl53l1x_api.o(.ARM.exidx.text.VL53L1X_StopRanging), (8 bytes).
    Removing vl53l1x_api.o(.text.VL53L1X_SetInterruptPolarity), (56 bytes).
    Removing vl53l1x_api.o(.ARM.exidx.text.VL53L1X_SetInterruptPolarity), (8 bytes).
    Removing vl53l1x_api.o(.text.VL53L1X_GetInterruptPolarity), (36 bytes).
    Removing vl53l1x_api.o(.ARM.exidx.text.VL53L1X_GetInterruptPolarity), (8 bytes).
    Removing vl53l1x_api.o(.text.VL53L1X_SetTimingBudgetInMs), (260 bytes).
    Removing vl53l1x_api.o(.ARM.exidx.text.VL53L1X_SetTimingBudgetInMs), (8 bytes).
    Removing vl53l1x_api.o(.text.VL53L1X_GetDistanceMode), (40 bytes).
    Removing vl53l1x_api.o(.ARM.exidx.text.VL53L1X_GetDistanceMode), (8 bytes).
    Removing vl53l1x_api.o(.text.VL53L1X_GetTimingBudgetInMs), (158 bytes).
    Removing vl53l1x_api.o(.ARM.exidx.text.VL53L1X_GetTimingBudgetInMs), (8 bytes).
    Removing vl53l1x_api.o(.text.VL53L1X_SetDistanceMode), (312 bytes).
    Removing vl53l1x_api.o(.ARM.exidx.text.VL53L1X_SetDistanceMode), (8 bytes).
    Removing vl53l1x_api.o(.text.VL53L1X_SetInterMeasurementInMs), (80 bytes).
    Removing vl53l1x_api.o(.ARM.exidx.text.VL53L1X_SetInterMeasurementInMs), (8 bytes).
    Removing vl53l1x_api.o(.text.VL53L1X_GetInterMeasurementInMs), (112 bytes).
    Removing vl53l1x_api.o(.ARM.exidx.text.VL53L1X_GetInterMeasurementInMs), (8 bytes).
    Removing vl53l1x_api.o(.text.VL53L1X_BootState), (32 bytes).
    Removing vl53l1x_api.o(.ARM.exidx.text.VL53L1X_BootState), (8 bytes).
    Removing vl53l1x_api.o(.text.VL53L1X_GetSensorId), (34 bytes).
    Removing vl53l1x_api.o(.ARM.exidx.text.VL53L1X_GetSensorId), (8 bytes).
    Removing vl53l1x_api.o(.text.VL53L1X_GetDistance), (26 bytes).
    Removing vl53l1x_api.o(.ARM.exidx.text.VL53L1X_GetDistance), (8 bytes).
    Removing vl53l1x_api.o(.text.VL53L1X_GetSignalPerSpad), (112 bytes).
    Removing vl53l1x_api.o(.ARM.exidx.text.VL53L1X_GetSignalPerSpad), (8 bytes).
    Removing vl53l1x_api.o(.text.VL53L1X_GetAmbientPerSpad), (112 bytes).
    Removing vl53l1x_api.o(.ARM.exidx.text.VL53L1X_GetAmbientPerSpad), (8 bytes).
    Removing vl53l1x_api.o(.text.VL53L1X_GetSignalRate), (28 bytes).
    Removing vl53l1x_api.o(.ARM.exidx.text.VL53L1X_GetSignalRate), (8 bytes).
    Removing vl53l1x_api.o(.text.VL53L1X_GetSpadNb), (26 bytes).
    Removing vl53l1x_api.o(.ARM.exidx.text.VL53L1X_GetSpadNb), (8 bytes).
    Removing vl53l1x_api.o(.text.VL53L1X_GetAmbientRate), (28 bytes).
    Removing vl53l1x_api.o(.ARM.exidx.text.VL53L1X_GetAmbientRate), (8 bytes).
    Removing vl53l1x_api.o(.text.VL53L1X_GetRangeStatus), (52 bytes).
    Removing vl53l1x_api.o(.ARM.exidx.text.VL53L1X_GetRangeStatus), (8 bytes).
    Removing vl53l1x_api.o(.text.VL53L1X_GetResult), (96 bytes).
    Removing vl53l1x_api.o(.ARM.exidx.text.VL53L1X_GetResult), (8 bytes).
    Removing vl53l1x_api.o(.text.VL53L1X_SetOffset), (40 bytes).
    Removing vl53l1x_api.o(.ARM.exidx.text.VL53L1X_SetOffset), (8 bytes).
    Removing vl53l1x_api.o(.text.VL53L1X_GetOffset), (30 bytes).
    Removing vl53l1x_api.o(.ARM.exidx.text.VL53L1X_GetOffset), (8 bytes).
    Removing vl53l1x_api.o(.text.VL53L1X_SetXtalk), (50 bytes).
    Removing vl53l1x_api.o(.ARM.exidx.text.VL53L1X_SetXtalk), (8 bytes).
    Removing vl53l1x_api.o(.text.VL53L1X_GetXtalk), (34 bytes).
    Removing vl53l1x_api.o(.ARM.exidx.text.VL53L1X_GetXtalk), (8 bytes).
    Removing vl53l1x_api.o(.text.VL53L1X_SetDistanceThreshold), (100 bytes).
    Removing vl53l1x_api.o(.ARM.exidx.text.VL53L1X_SetDistanceThreshold), (8 bytes).
    Removing vl53l1x_api.o(.text.VL53L1X_GetDistanceThresholdWindow), (30 bytes).
    Removing vl53l1x_api.o(.ARM.exidx.text.VL53L1X_GetDistanceThresholdWindow), (8 bytes).
    Removing vl53l1x_api.o(.text.VL53L1X_GetDistanceThresholdLow), (26 bytes).
    Removing vl53l1x_api.o(.ARM.exidx.text.VL53L1X_GetDistanceThresholdLow), (8 bytes).
    Removing vl53l1x_api.o(.text.VL53L1X_GetDistanceThresholdHigh), (26 bytes).
    Removing vl53l1x_api.o(.ARM.exidx.text.VL53L1X_GetDistanceThresholdHigh), (8 bytes).
    Removing vl53l1x_api.o(.text.VL53L1X_SetROICenter), (12 bytes).
    Removing vl53l1x_api.o(.ARM.exidx.text.VL53L1X_SetROICenter), (8 bytes).
    Removing vl53l1x_api.o(.text.VL53L1X_GetROICenter), (26 bytes).
    Removing vl53l1x_api.o(.ARM.exidx.text.VL53L1X_GetROICenter), (8 bytes).
    Removing vl53l1x_api.o(.text.VL53L1X_SetROI), (90 bytes).
    Removing vl53l1x_api.o(.ARM.exidx.text.VL53L1X_SetROI), (8 bytes).
    Removing vl53l1x_api.o(.text.VL53L1X_GetROI_XY), (42 bytes).
    Removing vl53l1x_api.o(.ARM.exidx.text.VL53L1X_GetROI_XY), (8 bytes).
    Removing vl53l1x_api.o(.text.VL53L1X_SetSignalThreshold), (14 bytes).
    Removing vl53l1x_api.o(.ARM.exidx.text.VL53L1X_SetSignalThreshold), (8 bytes).
    Removing vl53l1x_api.o(.text.VL53L1X_GetSignalThreshold), (28 bytes).
    Removing vl53l1x_api.o(.ARM.exidx.text.VL53L1X_GetSignalThreshold), (8 bytes).
    Removing vl53l1x_api.o(.text.VL53L1X_SetSigmaThreshold), (26 bytes).
    Removing vl53l1x_api.o(.ARM.exidx.text.VL53L1X_SetSigmaThreshold), (8 bytes).
    Removing vl53l1x_api.o(.text.VL53L1X_GetSigmaThreshold), (28 bytes).
    Removing vl53l1x_api.o(.ARM.exidx.text.VL53L1X_GetSigmaThreshold), (8 bytes).
    Removing vl53l1x_api.o(.text.VL53L1X_StartTemperatureUpdate), (142 bytes).
    Removing vl53l1x_api.o(.ARM.exidx.text.VL53L1X_StartTemperatureUpdate), (8 bytes).
    Removing vl53l1x_api.o(.rodata.VL51L1X_DEFAULT_CONFIGURATION), (91 bytes).
    Removing vl53l1x_api.o(.rodata.status_rtn), (24 bytes).
    Removing system_msp432e401y.o(.text), (0 bytes).
    Removing system_msp432e401y.o(.text.SystemCoreClockUpdate), (152 bytes).
    Removing system_msp432e401y.o(.ARM.exidx.text.SystemCoreClockUpdate), (8 bytes).
    Removing system_msp432e401y.o(.ARM.exidx.text.SystemInit), (8 bytes).

186 unused section(s) (total 8068 bytes) removed from the image.

==============================================================================

Image Symbol Table

    Local Symbols

    Symbol Name                              Value     Ov Type        Size  Object(Section)

    ../clib/angel/boardlib.s                 0x00000000   Number         0  boardinit1.o ABSOLUTE
    ../clib/angel/boardlib.s                 0x00000000   Number         0  boardinit2.o ABSOLUTE
    ../clib/angel/boardlib.s                 0x00000000   Number         0  boardinit3.o ABSOLUTE
    ../clib/angel/boardlib.s                 0x00000000   Number         0  boardshut.o ABSOLUTE
    ../clib/angel/handlers.s                 0x00000000   Number         0  __scatter_copy.o ABSOLUTE
    ../clib/angel/handlers.s                 0x00000000   Number         0  __scatter_zi.o ABSOLUTE
    ../clib/angel/kernel.s                   0x00000000   Number         0  __rtentry.o ABSOLUTE
    ../clib/angel/kernel.s                   0x00000000   Number         0  __rtentry2.o ABSOLUTE
    ../clib/angel/kernel.s                   0x00000000   Number         0  __rtentry4.o ABSOLUTE
    ../clib/angel/kernel.s                   0x00000000   Number         0  rtexit.o ABSOLUTE
    ../clib/angel/kernel.s                   0x00000000   Number         0  rtexit2.o ABSOLUTE
    ../clib/angel/rt.s                       0x00000000   Number         0  rt_raise.o ABSOLUTE
    ../clib/angel/scatter.s                  0x00000000   Number         0  __scatter.o ABSOLUTE
    ../clib/angel/startup.s                  0x00000000   Number         0  __main.o ABSOLUTE
    ../clib/angel/sys.s                      0x00000000   Number         0  sys_stackheap_outer.o ABSOLUTE
    ../clib/angel/sys.s                      0x00000000   Number         0  libspace.o ABSOLUTE
    ../clib/angel/sys.s                      0x00000000   Number         0  use_no_semi.o ABSOLUTE
    ../clib/angel/sys.s                      0x00000000   Number         0  indicate_semi.o ABSOLUTE
    ../clib/angel/sysapp.c                   0x00000000   Number         0  sys_exit.o ABSOLUTE
    ../clib/angel/sysapp.c                   0x00000000   Number         0  sys_exit_hlt.o ABSOLUTE
    ../clib/angel/sysapp.c                   0x00000000   Number         0  sys_command.o ABSOLUTE
    ../clib/angel/sysapp.c                   0x00000000   Number         0  sys_command_hlt.o ABSOLUTE
    ../clib/angel/sysapp.c                   0x00000000   Number         0  sys_wrch.o ABSOLUTE
    ../clib/angel/sysapp.c                   0x00000000   Number         0  sys_wrch_hlt.o ABSOLUTE
    ../clib/armsys.c                         0x00000000   Number         0  argv_veneer.o ABSOLUTE
    ../clib/armsys.c                         0x00000000   Number         0  argv_veneer.o ABSOLUTE
    ../clib/armsys.c                         0x00000000   Number         0  _get_argv_nomalloc.o ABSOLUTE
    ../clib/armsys.c                         0x00000000   Number         0  no_argv.o ABSOLUTE
    ../clib/heapalloc.c                      0x00000000   Number         0  hrguard.o ABSOLUTE
    ../clib/heapaux.c                        0x00000000   Number         0  heapauxi.o ABSOLUTE
    ../clib/libinit.s                        0x00000000   Number         0  libinit.o ABSOLUTE
    ../clib/libinit.s                        0x00000000   Number         0  libinit2.o ABSOLUTE
    ../clib/libinit.s                        0x00000000   Number         0  libshutdown.o ABSOLUTE
    ../clib/libinit.s                        0x00000000   Number         0  libshutdown2.o ABSOLUTE
    ../clib/printf.c                         0x00000000   Number         0  __2sprintf.o ABSOLUTE
    ../clib/printf.c                         0x00000000   Number         0  noretval__2sprintf.o ABSOLUTE
    ../clib/printf.c                         0x00000000   Number         0  __printf.o ABSOLUTE
    ../clib/printf.c                         0x00000000   Number         0  _printf_dec.o ABSOLUTE
    ../clib/printf.c                         0x00000000   Number         0  __printf_flags.o ABSOLUTE
    ../clib/printf.c                         0x00000000   Number         0  __printf_ss.o ABSOLUTE
    ../clib/printf.c                         0x00000000   Number         0  __printf_flags_ss.o ABSOLUTE
    ../clib/printf.c                         0x00000000   Number         0  __printf_wp.o ABSOLUTE
    ../clib/printf.c                         0x00000000   Number         0  __printf_flags_wp.o ABSOLUTE
    ../clib/printf.c                         0x00000000   Number         0  __printf_ss_wp.o ABSOLUTE
    ../clib/printf.c                         0x00000000   Number         0  __printf_flags_ss_wp.o ABSOLUTE
    ../clib/printf.c                         0x00000000   Number         0  _printf_intcommon.o ABSOLUTE
    ../clib/printf.c                         0x00000000   Number         0  _printf_char_common.o ABSOLUTE
    ../clib/printf.c                         0x00000000   Number         0  _sputc.o ABSOLUTE
    ../clib/printf.c                         0x00000000   Number         0  __printf_nopercent.o ABSOLUTE
    ../clib/printf_percent.s                 0x00000000   Number         0  _printf_d.o ABSOLUTE
    ../clib/printf_percent.s                 0x00000000   Number         0  _printf_percent.o ABSOLUTE
    ../clib/printf_percent.s                 0x00000000   Number         0  _printf_percent_end.o ABSOLUTE
    ../clib/signal.c                         0x00000000   Number         0  defsig_rtmem_outer.o ABSOLUTE
    ../clib/signal.c                         0x00000000   Number         0  defsig_rtmem_formal.o ABSOLUTE
    ../clib/signal.c                         0x00000000   Number         0  defsig_exit.o ABSOLUTE
    ../clib/signal.c                         0x00000000   Number         0  defsig_rtmem_inner.o ABSOLUTE
    ../clib/signal.c                         0x00000000   Number         0  __raise.o ABSOLUTE
    ../clib/signal.c                         0x00000000   Number         0  defsig_general.o ABSOLUTE
    ../clib/signal.c                         0x00000000   Number         0  defsig_abrt_inner.o ABSOLUTE
    ../clib/signal.c                         0x00000000   Number         0  defsig_fpe_inner.o ABSOLUTE
    ../clib/signal.c                         0x00000000   Number         0  defsig_rtred_inner.o ABSOLUTE
    ../clib/signal.c                         0x00000000   Number         0  defsig_stak_inner.o ABSOLUTE
    ../clib/signal.c                         0x00000000   Number         0  defsig_pvfn_inner.o ABSOLUTE
    ../clib/signal.c                         0x00000000   Number         0  defsig_cppl_inner.o ABSOLUTE
    ../clib/signal.c                         0x00000000   Number         0  defsig_segv_inner.o ABSOLUTE
    ../clib/signal.c                         0x00000000   Number         0  defsig_other.o ABSOLUTE
    ../clib/signal.s                         0x00000000   Number         0  defsig.o ABSOLUTE
    ../clib/stdlib.c                         0x00000000   Number         0  exit.o ABSOLUTE
    ../fplib/ddiv.s                          0x00000000   Number         0  ddiv.o ABSOLUTE
    ../fplib/dfix.s                          0x00000000   Number         0  dfix.o ABSOLUTE
    ../fplib/dfixu.s                         0x00000000   Number         0  dfixu.o ABSOLUTE
    ../fplib/dflt.s                          0x00000000   Number         0  dflt_clz.o ABSOLUTE
    ../fplib/dmul.s                          0x00000000   Number         0  dmul.o ABSOLUTE
    ../fplib/dnaninf.s                       0x00000000   Number         0  dnaninf.o ABSOLUTE
    ../fplib/dretinf.s                       0x00000000   Number         0  dretinf.o ABSOLUTE
    ../fplib/fpinit.s                        0x00000000   Number         0  fpinit.o ABSOLUTE
    ../fplib/usenofp.s                       0x00000000   Number         0  usenofp.o ABSOLUTE
    PLL.c                                    0x00000000   Number         0  pll.o ABSOLUTE
    RTE/Device/MSP432E401Y/startup_msp432e401y_uvision.s 0x00000000   Number         0  startup_msp432e401y_uvision.o ABSOLUTE
    SysTick.c                                0x00000000   Number         0  systick.o ABSOLUTE
    VL53L1X_api.c                            0x00000000   Number         0  vl53l1x_api.o ABSOLUTE
    dc.s                                     0x00000000   Number         0  dc.o ABSOLUTE
    main.c                                   0x00000000   Number         0  main.o ABSOLUTE
    onboardLEDs.c                            0x00000000   Number         0  onboardleds.o ABSOLUTE
    system_msp432e401y.c                     0x00000000   Number         0  system_msp432e401y.o ABSOLUTE
    uart.c                                   0x00000000   Number         0  uart.o ABSOLUTE
    vl53l1_platform_2dx4.c                   0x00000000   Number         0  vl53l1_platform_2dx4.o ABSOLUTE
    RESET                                    0x00000000   Section      508  startup_msp432e401y_uvision.o(RESET)
    !!!main                                  0x000001fc   Section        8  __main.o(!!!main)
    !!!scatter                               0x00000204   Section       52  __scatter.o(!!!scatter)
    !!handler_copy                           0x00000238   Section       26  __scatter_copy.o(!!handler_copy)
    !!handler_zi                             0x00000254   Section       28  __scatter_zi.o(!!handler_zi)
    .ARM.Collect$$libinit$$00000000          0x00000270   Section        2  libinit.o(.ARM.Collect$$libinit$$00000000)
    .ARM.Collect$$libinit$$00000001          0x00000272   Section        4  libinit2.o(.ARM.Collect$$libinit$$00000001)
    .ARM.Collect$$libinit$$00000004          0x00000276   Section        0  libinit2.o(.ARM.Collect$$libinit$$00000004)
    .ARM.Collect$$libinit$$00000006          0x00000276   Section        0  libinit2.o(.ARM.Collect$$libinit$$00000006)
    .ARM.Collect$$libinit$$0000000C          0x00000276   Section        0  libinit2.o(.ARM.Collect$$libinit$$0000000C)
    .ARM.Collect$$libinit$$0000000E          0x00000276   Section        0  libinit2.o(.ARM.Collect$$libinit$$0000000E)
    .ARM.Collect$$libinit$$00000010          0x00000276   Section        0  libinit2.o(.ARM.Collect$$libinit$$00000010)
    .ARM.Collect$$libinit$$00000013          0x00000276   Section        0  libinit2.o(.ARM.Collect$$libinit$$00000013)
    .ARM.Collect$$libinit$$00000015          0x00000276   Section        0  libinit2.o(.ARM.Collect$$libinit$$00000015)
    .ARM.Collect$$libinit$$00000017          0x00000276   Section        0  libinit2.o(.ARM.Collect$$libinit$$00000017)
    .ARM.Collect$$libinit$$00000019          0x00000276   Section        0  libinit2.o(.ARM.Collect$$libinit$$00000019)
    .ARM.Collect$$libinit$$0000001B          0x00000276   Section        0  libinit2.o(.ARM.Collect$$libinit$$0000001B)
    .ARM.Collect$$libinit$$0000001D          0x00000276   Section        0  libinit2.o(.ARM.Collect$$libinit$$0000001D)
    .ARM.Collect$$libinit$$0000001F          0x00000276   Section        0  libinit2.o(.ARM.Collect$$libinit$$0000001F)
    .ARM.Collect$$libinit$$00000021          0x00000276   Section        0  libinit2.o(.ARM.Collect$$libinit$$00000021)
    .ARM.Collect$$libinit$$00000023          0x00000276   Section        0  libinit2.o(.ARM.Collect$$libinit$$00000023)
    .ARM.Collect$$libinit$$00000025          0x00000276   Section        0  libinit2.o(.ARM.Collect$$libinit$$00000025)
    .ARM.Collect$$libinit$$00000027          0x00000276   Section        0  libinit2.o(.ARM.Collect$$libinit$$00000027)
    .ARM.Collect$$libinit$$0000002E          0x00000276   Section        0  libinit2.o(.ARM.Collect$$libinit$$0000002E)
    .ARM.Collect$$libinit$$00000030          0x00000276   Section        0  libinit2.o(.ARM.Collect$$libinit$$00000030)
    .ARM.Collect$$libinit$$00000032          0x00000276   Section        0  libinit2.o(.ARM.Collect$$libinit$$00000032)
    .ARM.Collect$$libinit$$00000034          0x00000276   Section        0  libinit2.o(.ARM.Collect$$libinit$$00000034)
    .ARM.Collect$$libinit$$00000035          0x00000276   Section        2  libinit2.o(.ARM.Collect$$libinit$$00000035)
    .ARM.Collect$$libshutdown$$00000000      0x00000278   Section        2  libshutdown.o(.ARM.Collect$$libshutdown$$00000000)
    .ARM.Collect$$libshutdown$$00000002      0x0000027a   Section        0  libshutdown2.o(.ARM.Collect$$libshutdown$$00000002)
    .ARM.Collect$$libshutdown$$00000004      0x0000027a   Section        0  libshutdown2.o(.ARM.Collect$$libshutdown$$00000004)
    .ARM.Collect$$libshutdown$$00000007      0x0000027a   Section        0  libshutdown2.o(.ARM.Collect$$libshutdown$$00000007)
    .ARM.Collect$$libshutdown$$0000000A      0x0000027a   Section        0  libshutdown2.o(.ARM.Collect$$libshutdown$$0000000A)
    .ARM.Collect$$libshutdown$$0000000C      0x0000027a   Section        0  libshutdown2.o(.ARM.Collect$$libshutdown$$0000000C)
    .ARM.Collect$$libshutdown$$0000000F      0x0000027a   Section        0  libshutdown2.o(.ARM.Collect$$libshutdown$$0000000F)
    .ARM.Collect$$libshutdown$$00000010      0x0000027a   Section        2  libshutdown2.o(.ARM.Collect$$libshutdown$$00000010)
    .ARM.Collect$$rtentry$$00000000          0x0000027c   Section        0  __rtentry.o(.ARM.Collect$$rtentry$$00000000)
    .ARM.Collect$$rtentry$$00000002          0x0000027c   Section        0  __rtentry2.o(.ARM.Collect$$rtentry$$00000002)
    .ARM.Collect$$rtentry$$00000004          0x0000027c   Section        6  __rtentry4.o(.ARM.Collect$$rtentry$$00000004)
    .ARM.Collect$$rtentry$$00000009          0x00000282   Section        0  __rtentry2.o(.ARM.Collect$$rtentry$$00000009)
    .ARM.Collect$$rtentry$$0000000A          0x00000282   Section        4  __rtentry2.o(.ARM.Collect$$rtentry$$0000000A)
    .ARM.Collect$$rtentry$$0000000C          0x00000286   Section        0  __rtentry2.o(.ARM.Collect$$rtentry$$0000000C)
    .ARM.Collect$$rtentry$$0000000D          0x00000286   Section        8  __rtentry2.o(.ARM.Collect$$rtentry$$0000000D)
    .ARM.Collect$$rtexit$$00000000           0x0000028e   Section        2  rtexit.o(.ARM.Collect$$rtexit$$00000000)
    .ARM.Collect$$rtexit$$00000002           0x00000290   Section        0  rtexit2.o(.ARM.Collect$$rtexit$$00000002)
    .ARM.Collect$$rtexit$$00000003           0x00000290   Section        4  rtexit2.o(.ARM.Collect$$rtexit$$00000003)
    .ARM.Collect$$rtexit$$00000004           0x00000294   Section        6  rtexit2.o(.ARM.Collect$$rtexit$$00000004)
    $v0                                      0x0000029c   Number         0  startup_msp432e401y_uvision.o(.text)
    .text                                    0x0000029c   Section       60  startup_msp432e401y_uvision.o(.text)
    .text                                    0x000002d8   Section        0  heapauxi.o(.text)
    .text                                    0x000002de   Section       74  sys_stackheap_outer.o(.text)
    .text                                    0x00000328   Section        0  exit.o(.text)
    .text                                    0x0000033c   Section        8  libspace.o(.text)
    .text                                    0x00000344   Section        0  sys_exit.o(.text)
    .text                                    0x00000350   Section        2  use_no_semi.o(.text)
    .text                                    0x00000352   Section        0  indicate_semi.o(.text)
    [Anonymous Symbol]                       0x00000354   Section        0  onboardleds.o(.text.FlashLED2)
    [Anonymous Symbol]                       0x0000038c   Section        0  main.o(.text.GPIOJ_IRQHandler)
    [Anonymous Symbol]                       0x000003b0   Section        0  pll.o(.text.PLL_Init)
    [Anonymous Symbol]                       0x0000048c   Section        0  onboardleds.o(.text.SetLED1)
    [Anonymous Symbol]                       0x0000049c   Section        0  systick.o(.text.SysTick_Init)
    [Anonymous Symbol]                       0x000004b8   Section        0  systick.o(.text.SysTick_Wait10ms)
    [Anonymous Symbol]                       0x000004f8   Section        0  system_msp432e401y.o(.text.SystemInit)
    [Anonymous Symbol]                       0x0000051c   Section        0  main.o(.text.main)
    [Anonymous Symbol]                       0x000005ec   Section        0  onboardleds.o(.text.onboardLEDs_Init)
    $v0                                      0x000006a6   Number         0  fpinit.o(x$fpl$fpinit)
    x$fpl$fpinit                             0x000006a6   Section       26  fpinit.o(x$fpl$fpinit)
    .bss                                     0x20000010   Section       96  libspace.o(.bss)
    Heap_Mem                                 0x20000070   Data           0  startup_msp432e401y_uvision.o(HEAP)
    Stack_Mem                                0x20000070   Data         512  startup_msp432e401y_uvision.o(STACK)
    HEAP                                     0x20000070   Section        0  startup_msp432e401y_uvision.o(HEAP)
    STACK                                    0x20000070   Section      512  startup_msp432e401y_uvision.o(STACK)
    __initial_sp                             0x20000270   Data           0  startup_msp432e401y_uvision.o(STACK)

    Global Symbols

    Symbol Name                              Value     Ov Type        Size  Object(Section)

    BuildAttributes$$THM_ISAv4$E$P$D$K$B$S$7EM$VFPi3$EXTD16$VFPS$VFMA$PE$A:L22UL41UL21$X:L11$S22US41US21$IEEE1$IW$~IW$USESV6$~STKCKD$USESV7$~SHL$OTIME$ROPI$EBA8$UX$STANDARDLIB$REQ8$PRES8$EABIv2 0x00000000   Number         0  anon$$obj.o ABSOLUTE
    __Vectors                                0x00000000   Data           4  startup_msp432e401y_uvision.o(RESET)
    __ARM_exceptions_init                     - Undefined Weak Reference
    __alloca_initialize                       - Undefined Weak Reference
    __arm_preinit_                            - Undefined Weak Reference
    __arm_relocate_pie_                       - Undefined Weak Reference
    __cpp_initialize__aeabi_                  - Undefined Weak Reference
    __cxa_finalize                            - Undefined Weak Reference
    __rt_locale                               - Undefined Weak Reference
    __sigvec_lookup                           - Undefined Weak Reference
    _atexit_init                              - Undefined Weak Reference
    _call_atexit_fns                          - Undefined Weak Reference
    _clock_init                               - Undefined Weak Reference
    _fp_trap_init                             - Undefined Weak Reference
    _fp_trap_shutdown                         - Undefined Weak Reference
    _get_lc_collate                           - Undefined Weak Reference
    _get_lc_ctype                             - Undefined Weak Reference
    _get_lc_monetary                          - Undefined Weak Reference
    _get_lc_numeric                           - Undefined Weak Reference
    _get_lc_time                              - Undefined Weak Reference
    _getenv_init                              - Undefined Weak Reference
    _handle_redirection                       - Undefined Weak Reference
    _init_alloc                               - Undefined Weak Reference
    _init_user_alloc                          - Undefined Weak Reference
    _initio                                   - Undefined Weak Reference
    _printf_post_padding                      - Undefined Weak Reference
    _printf_pre_padding                       - Undefined Weak Reference
    _printf_truncate_signed                   - Undefined Weak Reference
    _printf_truncate_unsigned                 - Undefined Weak Reference
    _rand_init                                - Undefined Weak Reference
    _signal_finish                            - Undefined Weak Reference
    _signal_init                              - Undefined Weak Reference
    _terminate_alloc                          - Undefined Weak Reference
    _terminate_user_alloc                     - Undefined Weak Reference
    _terminateio                              - Undefined Weak Reference
    __Vectors_End                            0x000001fc   Data           0  startup_msp432e401y_uvision.o(RESET)
    __Vectors_Size                           0x000001fc   Number         0  startup_msp432e401y_uvision.o ABSOLUTE
    __main                                   0x000001fd   Thumb Code     8  __main.o(!!!main)
    __scatterload                            0x00000205   Thumb Code     0  __scatter.o(!!!scatter)
    __scatterload_rt2                        0x00000205   Thumb Code    44  __scatter.o(!!!scatter)
    __scatterload_rt2_thumb_only             0x00000205   Thumb Code     0  __scatter.o(!!!scatter)
    __scatterload_null                       0x00000213   Thumb Code     0  __scatter.o(!!!scatter)
    __scatterload_copy                       0x00000239   Thumb Code    26  __scatter_copy.o(!!handler_copy)
    __scatterload_zeroinit                   0x00000255   Thumb Code    28  __scatter_zi.o(!!handler_zi)
    __rt_lib_init                            0x00000271   Thumb Code     0  libinit.o(.ARM.Collect$$libinit$$00000000)
    __rt_lib_init_fp_1                       0x00000273   Thumb Code     0  libinit2.o(.ARM.Collect$$libinit$$00000001)
    __rt_lib_init_alloca_1                   0x00000277   Thumb Code     0  libinit2.o(.ARM.Collect$$libinit$$00000030)
    __rt_lib_init_argv_1                     0x00000277   Thumb Code     0  libinit2.o(.ARM.Collect$$libinit$$0000002E)
    __rt_lib_init_atexit_1                   0x00000277   Thumb Code     0  libinit2.o(.ARM.Collect$$libinit$$0000001D)
    __rt_lib_init_clock_1                    0x00000277   Thumb Code     0  libinit2.o(.ARM.Collect$$libinit$$00000023)
    __rt_lib_init_cpp_1                      0x00000277   Thumb Code     0  libinit2.o(.ARM.Collect$$libinit$$00000034)
    __rt_lib_init_exceptions_1               0x00000277   Thumb Code     0  libinit2.o(.ARM.Collect$$libinit$$00000032)
    __rt_lib_init_fp_trap_1                  0x00000277   Thumb Code     0  libinit2.o(.ARM.Collect$$libinit$$00000021)
    __rt_lib_init_getenv_1                   0x00000277   Thumb Code     0  libinit2.o(.ARM.Collect$$libinit$$00000025)
    __rt_lib_init_heap_1                     0x00000277   Thumb Code     0  libinit2.o(.ARM.Collect$$libinit$$0000000C)
    __rt_lib_init_lc_collate_1               0x00000277   Thumb Code     0  libinit2.o(.ARM.Collect$$libinit$$00000013)
    __rt_lib_init_lc_ctype_1                 0x00000277   Thumb Code     0  libinit2.o(.ARM.Collect$$libinit$$00000015)
    __rt_lib_init_lc_monetary_1              0x00000277   Thumb Code     0  libinit2.o(.ARM.Collect$$libinit$$00000017)
    __rt_lib_init_lc_numeric_1               0x00000277   Thumb Code     0  libinit2.o(.ARM.Collect$$libinit$$00000019)
    __rt_lib_init_lc_time_1                  0x00000277   Thumb Code     0  libinit2.o(.ARM.Collect$$libinit$$0000001B)
    __rt_lib_init_preinit_1                  0x00000277   Thumb Code     0  libinit2.o(.ARM.Collect$$libinit$$00000006)
    __rt_lib_init_rand_1                     0x00000277   Thumb Code     0  libinit2.o(.ARM.Collect$$libinit$$00000010)
    __rt_lib_init_relocate_pie_1             0x00000277   Thumb Code     0  libinit2.o(.ARM.Collect$$libinit$$00000004)
    __rt_lib_init_return                     0x00000277   Thumb Code     0  libinit2.o(.ARM.Collect$$libinit$$00000035)
    __rt_lib_init_signal_1                   0x00000277   Thumb Code     0  libinit2.o(.ARM.Collect$$libinit$$0000001F)
    __rt_lib_init_stdio_1                    0x00000277   Thumb Code     0  libinit2.o(.ARM.Collect$$libinit$$00000027)
    __rt_lib_init_user_alloc_1               0x00000277   Thumb Code     0  libinit2.o(.ARM.Collect$$libinit$$0000000E)
    __rt_lib_shutdown                        0x00000279   Thumb Code     0  libshutdown.o(.ARM.Collect$$libshutdown$$00000000)
    __rt_lib_shutdown_cpp_1                  0x0000027b   Thumb Code     0  libshutdown2.o(.ARM.Collect$$libshutdown$$00000002)
    __rt_lib_shutdown_fp_trap_1              0x0000027b   Thumb Code     0  libshutdown2.o(.ARM.Collect$$libshutdown$$00000007)
    __rt_lib_shutdown_heap_1                 0x0000027b   Thumb Code     0  libshutdown2.o(.ARM.Collect$$libshutdown$$0000000F)
    __rt_lib_shutdown_return                 0x0000027b   Thumb Code     0  libshutdown2.o(.ARM.Collect$$libshutdown$$00000010)
    __rt_lib_shutdown_signal_1               0x0000027b   Thumb Code     0  libshutdown2.o(.ARM.Collect$$libshutdown$$0000000A)
    __rt_lib_shutdown_stdio_1                0x0000027b   Thumb Code     0  libshutdown2.o(.ARM.Collect$$libshutdown$$00000004)
    __rt_lib_shutdown_user_alloc_1           0x0000027b   Thumb Code     0  libshutdown2.o(.ARM.Collect$$libshutdown$$0000000C)
    __rt_entry                               0x0000027d   Thumb Code     0  __rtentry.o(.ARM.Collect$$rtentry$$00000000)
    __rt_entry_presh_1                       0x0000027d   Thumb Code     0  __rtentry2.o(.ARM.Collect$$rtentry$$00000002)
    __rt_entry_sh                            0x0000027d   Thumb Code     0  __rtentry4.o(.ARM.Collect$$rtentry$$00000004)
    __rt_entry_li                            0x00000283   Thumb Code     0  __rtentry2.o(.ARM.Collect$$rtentry$$0000000A)
    __rt_entry_postsh_1                      0x00000283   Thumb Code     0  __rtentry2.o(.ARM.Collect$$rtentry$$00000009)
    __rt_entry_main                          0x00000287   Thumb Code     0  __rtentry2.o(.ARM.Collect$$rtentry$$0000000D)
    __rt_entry_postli_1                      0x00000287   Thumb Code     0  __rtentry2.o(.ARM.Collect$$rtentry$$0000000C)
    __rt_exit                                0x0000028f   Thumb Code     0  rtexit.o(.ARM.Collect$$rtexit$$00000000)
    __rt_exit_ls                             0x00000291   Thumb Code     0  rtexit2.o(.ARM.Collect$$rtexit$$00000003)
    __rt_exit_prels_1                        0x00000291   Thumb Code     0  rtexit2.o(.ARM.Collect$$rtexit$$00000002)
    __rt_exit_exit                           0x00000295   Thumb Code     0  rtexit2.o(.ARM.Collect$$rtexit$$00000004)
    Reset_Handler                            0x0000029d   Thumb Code     8  startup_msp432e401y_uvision.o(.text)
    NMI_Handler                              0x000002a5   Thumb Code     2  startup_msp432e401y_uvision.o(.text)
    HardFault_Handler                        0x000002a7   Thumb Code     2  startup_msp432e401y_uvision.o(.text)
    MemManage_Handler                        0x000002a9   Thumb Code     2  startup_msp432e401y_uvision.o(.text)
    BusFault_Handler                         0x000002ab   Thumb Code     2  startup_msp432e401y_uvision.o(.text)
    UsageFault_Handler                       0x000002ad   Thumb Code     2  startup_msp432e401y_uvision.o(.text)
    SVC_Handler                              0x000002af   Thumb Code     2  startup_msp432e401y_uvision.o(.text)
    DebugMon_Handler                         0x000002b1   Thumb Code     2  startup_msp432e401y_uvision.o(.text)
    PendSV_Handler                           0x000002b3   Thumb Code     2  startup_msp432e401y_uvision.o(.text)
    SysTick_Handler                          0x000002b5   Thumb Code     2  startup_msp432e401y_uvision.o(.text)
    ADC0SS0_IRQHandler                       0x000002b7   Thumb Code     0  startup_msp432e401y_uvision.o(.text)
    ADC0SS1_IRQHandler                       0x000002b7   Thumb Code     0  startup_msp432e401y_uvision.o(.text)
    ADC0SS2_IRQHandler                       0x000002b7   Thumb Code     0  startup_msp432e401y_uvision.o(.text)
    ADC0SS3_IRQHandler                       0x000002b7   Thumb Code     0  startup_msp432e401y_uvision.o(.text)
    ADC1SS0_IRQHandler                       0x000002b7   Thumb Code     0  startup_msp432e401y_uvision.o(.text)
    ADC1SS1_IRQHandler                       0x000002b7   Thumb Code     0  startup_msp432e401y_uvision.o(.text)
    ADC1SS2_IRQHandler                       0x000002b7   Thumb Code     0  startup_msp432e401y_uvision.o(.text)
    ADC1SS3_IRQHandler                       0x000002b7   Thumb Code     0  startup_msp432e401y_uvision.o(.text)
    AES0_IRQHandler                          0x000002b7   Thumb Code     0  startup_msp432e401y_uvision.o(.text)
    CAN0_IRQHandler                          0x000002b7   Thumb Code     0  startup_msp432e401y_uvision.o(.text)
    CAN1_IRQHandler                          0x000002b7   Thumb Code     0  startup_msp432e401y_uvision.o(.text)
    COMP0_IRQHandler                         0x000002b7   Thumb Code     0  startup_msp432e401y_uvision.o(.text)
    COMP1_IRQHandler                         0x000002b7   Thumb Code     0  startup_msp432e401y_uvision.o(.text)
    COMP2_IRQHandler                         0x000002b7   Thumb Code     0  startup_msp432e401y_uvision.o(.text)
    DES0_IRQHandler                          0x000002b7   Thumb Code     0  startup_msp432e401y_uvision.o(.text)
    EMAC0_IRQHandler                         0x000002b7   Thumb Code     0  startup_msp432e401y_uvision.o(.text)
    EPI0_IRQHandler                          0x000002b7   Thumb Code     0  startup_msp432e401y_uvision.o(.text)
    FLASH_IRQHandler                         0x000002b7   Thumb Code     0  startup_msp432e401y_uvision.o(.text)
    GPIOA_IRQHandler                         0x000002b7   Thumb Code     0  startup_msp432e401y_uvision.o(.text)
    GPIOB_IRQHandler                         0x000002b7   Thumb Code     0  startup_msp432e401y_uvision.o(.text)
    GPIOC_IRQHandler                         0x000002b7   Thumb Code     0  startup_msp432e401y_uvision.o(.text)
    GPIOD_IRQHandler                         0x000002b7   Thumb Code     0  startup_msp432e401y_uvision.o(.text)
    GPIOE_IRQHandler                         0x000002b7   Thumb Code     0  startup_msp432e401y_uvision.o(.text)
    GPIOF_IRQHandler                         0x000002b7   Thumb Code     0  startup_msp432e401y_uvision.o(.text)
    GPIOG_IRQHandler                         0x000002b7   Thumb Code     0  startup_msp432e401y_uvision.o(.text)
    GPIOH_IRQHandler                         0x000002b7   Thumb Code     0  startup_msp432e401y_uvision.o(.text)
    GPIOK_IRQHandler                         0x000002b7   Thumb Code     0  startup_msp432e401y_uvision.o(.text)
    GPIOL_IRQHandler                         0x000002b7   Thumb Code     0  startup_msp432e401y_uvision.o(.text)
    GPIOM_IRQHandler                         0x000002b7   Thumb Code     0  startup_msp432e401y_uvision.o(.text)
    GPION_IRQHandler                         0x000002b7   Thumb Code     0  startup_msp432e401y_uvision.o(.text)
    GPIOP0_IRQHandler                        0x000002b7   Thumb Code     0  startup_msp432e401y_uvision.o(.text)
    GPIOP1_IRQHandler                        0x000002b7   Thumb Code     0  startup_msp432e401y_uvision.o(.text)
    GPIOP2_IRQHandler                        0x000002b7   Thumb Code     0  startup_msp432e401y_uvision.o(.text)
    GPIOP3_IRQHandler                        0x000002b7   Thumb Code     0  startup_msp432e401y_uvision.o(.text)
    GPIOP4_IRQHandler                        0x000002b7   Thumb Code     0  startup_msp432e401y_uvision.o(.text)
    GPIOP5_IRQHandler                        0x000002b7   Thumb Code     0  startup_msp432e401y_uvision.o(.text)
    GPIOP6_IRQHandler                        0x000002b7   Thumb Code     0  startup_msp432e401y_uvision.o(.text)
    GPIOP7_IRQHandler                        0x000002b7   Thumb Code     0  startup_msp432e401y_uvision.o(.text)
    GPIOQ0_IRQHandler                        0x000002b7   Thumb Code     0  startup_msp432e401y_uvision.o(.text)
    GPIOQ1_IRQHandler                        0x000002b7   Thumb Code     0  startup_msp432e401y_uvision.o(.text)
    GPIOQ2_IRQHandler                        0x000002b7   Thumb Code     0  startup_msp432e401y_uvision.o(.text)
    GPIOQ3_IRQHandler                        0x000002b7   Thumb Code     0  startup_msp432e401y_uvision.o(.text)
    GPIOQ4_IRQHandler                        0x000002b7   Thumb Code     0  startup_msp432e401y_uvision.o(.text)
    GPIOQ5_IRQHandler                        0x000002b7   Thumb Code     0  startup_msp432e401y_uvision.o(.text)
    GPIOQ6_IRQHandler                        0x000002b7   Thumb Code     0  startup_msp432e401y_uvision.o(.text)
    GPIOQ7_IRQHandler                        0x000002b7   Thumb Code     0  startup_msp432e401y_uvision.o(.text)
    HIBERNATE_IRQHandler                     0x000002b7   Thumb Code     0  startup_msp432e401y_uvision.o(.text)
    I2C0_IRQHandler                          0x000002b7   Thumb Code     0  startup_msp432e401y_uvision.o(.text)
    I2C1_IRQHandler                          0x000002b7   Thumb Code     0  startup_msp432e401y_uvision.o(.text)
    I2C2_IRQHandler                          0x000002b7   Thumb Code     0  startup_msp432e401y_uvision.o(.text)
    I2C3_IRQHandler                          0x000002b7   Thumb Code     0  startup_msp432e401y_uvision.o(.text)
    I2C4_IRQHandler                          0x000002b7   Thumb Code     0  startup_msp432e401y_uvision.o(.text)
    I2C5_IRQHandler                          0x000002b7   Thumb Code     0  startup_msp432e401y_uvision.o(.text)
    I2C6_IRQHandler                          0x000002b7   Thumb Code     0  startup_msp432e401y_uvision.o(.text)
    I2C7_IRQHandler                          0x000002b7   Thumb Code     0  startup_msp432e401y_uvision.o(.text)
    I2C8_IRQHandler                          0x000002b7   Thumb Code     0  startup_msp432e401y_uvision.o(.text)
    I2C9_IRQHandler                          0x000002b7   Thumb Code     0  startup_msp432e401y_uvision.o(.text)
    PWM0_0_IRQHandler                        0x000002b7   Thumb Code     0  startup_msp432e401y_uvision.o(.text)
    PWM0_1_IRQHandler                        0x000002b7   Thumb Code     0  startup_msp432e401y_uvision.o(.text)
    PWM0_2_IRQHandler                        0x000002b7   Thumb Code     0  startup_msp432e401y_uvision.o(.text)
    PWM0_3_IRQHandler                        0x000002b7   Thumb Code     0  startup_msp432e401y_uvision.o(.text)
    PWM0_FAULT_IRQHandler                    0x000002b7   Thumb Code     0  startup_msp432e401y_uvision.o(.text)
    QEI0_IRQHandler                          0x000002b7   Thumb Code     0  startup_msp432e401y_uvision.o(.text)
    SHA0_IRQHandler                          0x000002b7   Thumb Code     0  startup_msp432e401y_uvision.o(.text)
    SSI0_IRQHandler                          0x000002b7   Thumb Code     0  startup_msp432e401y_uvision.o(.text)
    SSI1_IRQHandler                          0x000002b7   Thumb Code     0  startup_msp432e401y_uvision.o(.text)
    SSI2_IRQHandler                          0x000002b7   Thumb Code     0  startup_msp432e401y_uvision.o(.text)
    SSI3_IRQHandler                          0x000002b7   Thumb Code     0  startup_msp432e401y_uvision.o(.text)
    SYSCTL_IRQHandler                        0x000002b7   Thumb Code     0  startup_msp432e401y_uvision.o(.text)
    SYSEXC_IRQHandler                        0x000002b7   Thumb Code     0  startup_msp432e401y_uvision.o(.text)
    TAMPER0_IRQHandler                       0x000002b7   Thumb Code     0  startup_msp432e401y_uvision.o(.text)
    TIMER0A_IRQHandler                       0x000002b7   Thumb Code     0  startup_msp432e401y_uvision.o(.text)
    TIMER0B_IRQHandler                       0x000002b7   Thumb Code     0  startup_msp432e401y_uvision.o(.text)
    TIMER1A_IRQHandler                       0x000002b7   Thumb Code     0  startup_msp432e401y_uvision.o(.text)
    TIMER1B_IRQHandler                       0x000002b7   Thumb Code     0  startup_msp432e401y_uvision.o(.text)
    TIMER2A_IRQHandler                       0x000002b7   Thumb Code     0  startup_msp432e401y_uvision.o(.text)
    TIMER2B_IRQHandler                       0x000002b7   Thumb Code     0  startup_msp432e401y_uvision.o(.text)
    TIMER3A_IRQHandler                       0x000002b7   Thumb Code     0  startup_msp432e401y_uvision.o(.text)
    TIMER3B_IRQHandler                       0x000002b7   Thumb Code     0  startup_msp432e401y_uvision.o(.text)
    TIMER4A_IRQHandler                       0x000002b7   Thumb Code     0  startup_msp432e401y_uvision.o(.text)
    TIMER4B_IRQHandler                       0x000002b7   Thumb Code     0  startup_msp432e401y_uvision.o(.text)
    TIMER5A_IRQHandler                       0x000002b7   Thumb Code     0  startup_msp432e401y_uvision.o(.text)
    TIMER5B_IRQHandler                       0x000002b7   Thumb Code     0  startup_msp432e401y_uvision.o(.text)
    TIMER6A_IRQHandler                       0x000002b7   Thumb Code     0  startup_msp432e401y_uvision.o(.text)
    TIMER6B_IRQHandler                       0x000002b7   Thumb Code     0  startup_msp432e401y_uvision.o(.text)
    TIMER7A_IRQHandler                       0x000002b7   Thumb Code     0  startup_msp432e401y_uvision.o(.text)
    TIMER7B_IRQHandler                       0x000002b7   Thumb Code     0  startup_msp432e401y_uvision.o(.text)
    UART0_IRQHandler                         0x000002b7   Thumb Code     0  startup_msp432e401y_uvision.o(.text)
    UART1_IRQHandler                         0x000002b7   Thumb Code     0  startup_msp432e401y_uvision.o(.text)
    UART2_IRQHandler                         0x000002b7   Thumb Code     0  startup_msp432e401y_uvision.o(.text)
    UART3_IRQHandler                         0x000002b7   Thumb Code     0  startup_msp432e401y_uvision.o(.text)
    UART4_IRQHandler                         0x000002b7   Thumb Code     0  startup_msp432e401y_uvision.o(.text)
    UART5_IRQHandler                         0x000002b7   Thumb Code     0  startup_msp432e401y_uvision.o(.text)
    UART6_IRQHandler                         0x000002b7   Thumb Code     0  startup_msp432e401y_uvision.o(.text)
    UART7_IRQHandler                         0x000002b7   Thumb Code     0  startup_msp432e401y_uvision.o(.text)
    UDMAERR_IRQHandler                       0x000002b7   Thumb Code     0  startup_msp432e401y_uvision.o(.text)
    UDMA_IRQHandler                          0x000002b7   Thumb Code     0  startup_msp432e401y_uvision.o(.text)
    USB0_IRQHandler                          0x000002b7   Thumb Code     0  startup_msp432e401y_uvision.o(.text)
    WATCHDOG_IRQHandler                      0x000002b7   Thumb Code     0  startup_msp432e401y_uvision.o(.text)
    __user_initial_stackheap                 0x000002b9   Thumb Code    10  startup_msp432e401y_uvision.o(.text)
    __use_two_region_memory                  0x000002d9   Thumb Code     2  heapauxi.o(.text)
    __rt_heap_escrow$2region                 0x000002db   Thumb Code     2  heapauxi.o(.text)
    __rt_heap_expand$2region                 0x000002dd   Thumb Code     2  heapauxi.o(.text)
    __user_setup_stackheap                   0x000002df   Thumb Code    74  sys_stackheap_outer.o(.text)
    exit                                     0x00000329   Thumb Code    18  exit.o(.text)
    __user_libspace                          0x0000033d   Thumb Code     8  libspace.o(.text)
    __user_perproc_libspace                  0x0000033d   Thumb Code     0  libspace.o(.text)
    __user_perthread_libspace                0x0000033d   Thumb Code     0  libspace.o(.text)
    _sys_exit                                0x00000345   Thumb Code     8  sys_exit.o(.text)
    __I$use$semihosting                      0x00000351   Thumb Code     0  use_no_semi.o(.text)
    __use_no_semihosting_swi                 0x00000351   Thumb Code     2  use_no_semi.o(.text)
    __semihosting_library_function           0x00000353   Thumb Code     0  indicate_semi.o(.text)
    FlashLED2                                0x00000355   Thumb Code    56  onboardleds.o(.text.FlashLED2)
    GPIOJ_IRQHandler                         0x0000038d   Thumb Code    36  main.o(.text.GPIOJ_IRQHandler)
    PLL_Init                                 0x000003b1   Thumb Code   218  pll.o(.text.PLL_Init)
    SetLED1                                  0x0000048d   Thumb Code    14  onboardleds.o(.text.SetLED1)
    SysTick_Init                             0x0000049d   Thumb Code    26  systick.o(.text.SysTick_Init)
    SysTick_Wait10ms                         0x000004b9   Thumb Code    62  systick.o(.text.SysTick_Wait10ms)
    SystemInit                               0x000004f9   Thumb Code    36  system_msp432e401y.o(.text.SystemInit)
    main                                     0x0000051d   Thumb Code   206  main.o(.text.main)
    onboardLEDs_Init                         0x000005ed   Thumb Code   186  onboardleds.o(.text.onboardLEDs_Init)
    _fp_init                                 0x000006a7   Thumb Code    26  fpinit.o(x$fpl$fpinit)
    __fplib_config_fpu_vfp                   0x000006bf   Thumb Code     0  fpinit.o(x$fpl$fpinit)
    __fplib_config_pureend_doubles           0x000006bf   Thumb Code     0  fpinit.o(x$fpl$fpinit)
    Region$$Table$$Base                      0x000006c0   Number         0  anon$$obj.o(Region$$Table)
    Region$$Table$$Limit                     0x000006e0   Number         0  anon$$obj.o(Region$$Table)
    SystemCoreClock                          0x20000000   Data           4  system_msp432e401y.o(.data.SystemCoreClock)
    motor                                    0x20000004   Data           8  main.o(.data.motor)
    __libspace_start                         0x20000010   Data          96  libspace.o(.bss)
    __temporary_stack_top$libspace           0x20000070   Data           0  libspace.o(.bss)



==============================================================================

Memory Map of the image

  Image Entry point : 0x0000029d

  Load Region LR_1 (Base: 0x00000000, Size: 0x000006ec, Max: 0xffffffff, ABSOLUTE)

    Execution Region ER_RO (Exec base: 0x00000000, Load base: 0x00000000, Size: 0x000006e0, Max: 0xffffffff, ABSOLUTE)

    Exec Addr    Load Addr    Size         Type   Attr      Idx    E Section Name        Object

    0x00000000   0x00000000   0x000001fc   Data   RO          242    RESET               startup_msp432e401y_uvision.o
    0x000001fc   0x000001fc   0x00000008   Code   RO          296  * !!!main             c_w.l(__main.o)
    0x00000204   0x00000204   0x00000034   Code   RO          495    !!!scatter          c_w.l(__scatter.o)
    0x00000238   0x00000238   0x0000001a   Code   RO          497    !!handler_copy      c_w.l(__scatter_copy.o)
    0x00000252   0x00000252   0x00000002   PAD
    0x00000254   0x00000254   0x0000001c   Code   RO          499    !!handler_zi        c_w.l(__scatter_zi.o)
    0x00000270   0x00000270   0x00000002   Code   RO          357    .ARM.Collect$$libinit$$00000000  c_w.l(libinit.o)
    0x00000272   0x00000272   0x00000004   Code   RO          363    .ARM.Collect$$libinit$$00000001  c_w.l(libinit2.o)
    0x00000276   0x00000276   0x00000000   Code   RO          366    .ARM.Collect$$libinit$$00000004  c_w.l(libinit2.o)
    0x00000276   0x00000276   0x00000000   Code   RO          368    .ARM.Collect$$libinit$$00000006  c_w.l(libinit2.o)
    0x00000276   0x00000276   0x00000000   Code   RO          371    .ARM.Collect$$libinit$$0000000C  c_w.l(libinit2.o)
    0x00000276   0x00000276   0x00000000   Code   RO          373    .ARM.Collect$$libinit$$0000000E  c_w.l(libinit2.o)
    0x00000276   0x00000276   0x00000000   Code   RO          375    .ARM.Collect$$libinit$$00000010  c_w.l(libinit2.o)
    0x00000276   0x00000276   0x00000000   Code   RO          378    .ARM.Collect$$libinit$$00000013  c_w.l(libinit2.o)
    0x00000276   0x00000276   0x00000000   Code   RO          380    .ARM.Collect$$libinit$$00000015  c_w.l(libinit2.o)
    0x00000276   0x00000276   0x00000000   Code   RO          382    .ARM.Collect$$libinit$$00000017  c_w.l(libinit2.o)
    0x00000276   0x00000276   0x00000000   Code   RO          384    .ARM.Collect$$libinit$$00000019  c_w.l(libinit2.o)
    0x00000276   0x00000276   0x00000000   Code   RO          386    .ARM.Collect$$libinit$$0000001B  c_w.l(libinit2.o)
    0x00000276   0x00000276   0x00000000   Code   RO          388    .ARM.Collect$$libinit$$0000001D  c_w.l(libinit2.o)
    0x00000276   0x00000276   0x00000000   Code   RO          390    .ARM.Collect$$libinit$$0000001F  c_w.l(libinit2.o)
    0x00000276   0x00000276   0x00000000   Code   RO          392    .ARM.Collect$$libinit$$00000021  c_w.l(libinit2.o)
    0x00000276   0x00000276   0x00000000   Code   RO          394    .ARM.Collect$$libinit$$00000023  c_w.l(libinit2.o)
    0x00000276   0x00000276   0x00000000   Code   RO          396    .ARM.Collect$$libinit$$00000025  c_w.l(libinit2.o)
    0x00000276   0x00000276   0x00000000   Code   RO          398    .ARM.Collect$$libinit$$00000027  c_w.l(libinit2.o)
    0x00000276   0x00000276   0x00000000   Code   RO          402    .ARM.Collect$$libinit$$0000002E  c_w.l(libinit2.o)
    0x00000276   0x00000276   0x00000000   Code   RO          404    .ARM.Collect$$libinit$$00000030  c_w.l(libinit2.o)
    0x00000276   0x00000276   0x00000000   Code   RO          406    .ARM.Collect$$libinit$$00000032  c_w.l(libinit2.o)
    0x00000276   0x00000276   0x00000000   Code   RO          408    .ARM.Collect$$libinit$$00000034  c_w.l(libinit2.o)
    0x00000276   0x00000276   0x00000002   Code   RO          409    .ARM.Collect$$libinit$$00000035  c_w.l(libinit2.o)
    0x00000278   0x00000278   0x00000002   Code   RO          431    .ARM.Collect$$libshutdown$$00000000  c_w.l(libshutdown.o)
    0x0000027a   0x0000027a   0x00000000   Code   RO          446    .ARM.Collect$$libshutdown$$00000002  c_w.l(libshutdown2.o)
    0x0000027a   0x0000027a   0x00000000   Code   RO          448    .ARM.Collect$$libshutdown$$00000004  c_w.l(libshutdown2.o)
    0x0000027a   0x0000027a   0x00000000   Code   RO          451    .ARM.Collect$$libshutdown$$00000007  c_w.l(libshutdown2.o)
    0x0000027a   0x0000027a   0x00000000   Code   RO          454    .ARM.Collect$$libshutdown$$0000000A  c_w.l(libshutdown2.o)
    0x0000027a   0x0000027a   0x00000000   Code   RO          456    .ARM.Collect$$libshutdown$$0000000C  c_w.l(libshutdown2.o)
    0x0000027a   0x0000027a   0x00000000   Code   RO          459    .ARM.Collect$$libshutdown$$0000000F  c_w.l(libshutdown2.o)
    0x0000027a   0x0000027a   0x00000002   Code   RO          460    .ARM.Collect$$libshutdown$$00000010  c_w.l(libshutdown2.o)
    0x0000027c   0x0000027c   0x00000000   Code   RO          318    .ARM.Collect$$rtentry$$00000000  c_w.l(__rtentry.o)
    0x0000027c   0x0000027c   0x00000000   Code   RO          332    .ARM.Collect$$rtentry$$00000002  c_w.l(__rtentry2.o)
    0x0000027c   0x0000027c   0x00000006   Code   RO          344    .ARM.Collect$$rtentry$$00000004  c_w.l(__rtentry4.o)
    0x00000282   0x00000282   0x00000000   Code   RO          334    .ARM.Collect$$rtentry$$00000009  c_w.l(__rtentry2.o)
    0x00000282   0x00000282   0x00000004   Code   RO          335    .ARM.Collect$$rtentry$$0000000A  c_w.l(__rtentry2.o)
    0x00000286   0x00000286   0x00000000   Code   RO          337    .ARM.Collect$$rtentry$$0000000C  c_w.l(__rtentry2.o)
    0x00000286   0x00000286   0x00000008   Code   RO          338    .ARM.Collect$$rtentry$$0000000D  c_w.l(__rtentry2.o)
    0x0000028e   0x0000028e   0x00000002   Code   RO          361    .ARM.Collect$$rtexit$$00000000  c_w.l(rtexit.o)
    0x00000290   0x00000290   0x00000000   Code   RO          411    .ARM.Collect$$rtexit$$00000002  c_w.l(rtexit2.o)
    0x00000290   0x00000290   0x00000004   Code   RO          412    .ARM.Collect$$rtexit$$00000003  c_w.l(rtexit2.o)
    0x00000294   0x00000294   0x00000006   Code   RO          413    .ARM.Collect$$rtexit$$00000004  c_w.l(rtexit2.o)
    0x0000029a   0x0000029a   0x00000002   PAD
    0x0000029c   0x0000029c   0x0000003c   Code   RO          243  * .text               startup_msp432e401y_uvision.o
    0x000002d8   0x000002d8   0x00000006   Code   RO          294    .text               c_w.l(heapauxi.o)
    0x000002de   0x000002de   0x0000004a   Code   RO          348    .text               c_w.l(sys_stackheap_outer.o)
    0x00000328   0x00000328   0x00000012   Code   RO          350    .text               c_w.l(exit.o)
    0x0000033a   0x0000033a   0x00000002   PAD
    0x0000033c   0x0000033c   0x00000008   Code   RO          358    .text               c_w.l(libspace.o)
    0x00000344   0x00000344   0x0000000c   Code   RO          421    .text               c_w.l(sys_exit.o)
    0x00000350   0x00000350   0x00000002   Code   RO          436    .text               c_w.l(use_no_semi.o)
    0x00000352   0x00000352   0x00000000   Code   RO          438    .text               c_w.l(indicate_semi.o)
    0x00000352   0x00000352   0x00000002   PAD
    0x00000354   0x00000354   0x00000038   Code   RO           80    .text.FlashLED2     onboardleds.o
    0x0000038c   0x0000038c   0x00000024   Code   RO           18    .text.GPIOJ_IRQHandler  main.o
    0x000003b0   0x000003b0   0x000000da   Code   RO           34    .text.PLL_Init      pll.o
    0x0000048a   0x0000048a   0x00000002   PAD
    0x0000048c   0x0000048c   0x0000000e   Code   RO           92    .text.SetLED1       onboardleds.o
    0x0000049a   0x0000049a   0x00000002   PAD
    0x0000049c   0x0000049c   0x0000001a   Code   RO           43    .text.SysTick_Init  systick.o
    0x000004b6   0x000004b6   0x00000002   PAD
    0x000004b8   0x000004b8   0x0000003e   Code   RO           47    .text.SysTick_Wait10ms  systick.o
    0x000004f6   0x000004f6   0x00000002   PAD
    0x000004f8   0x000004f8   0x00000024   Code   RO          252    .text.SystemInit    system_msp432e401y.o
    0x0000051c   0x0000051c   0x000000ce   Code   RO           22    .text.main          main.o
    0x000005ea   0x000005ea   0x00000002   PAD
    0x000005ec   0x000005ec   0x000000ba   Code   RO           98    .text.onboardLEDs_Init  onboardleds.o
    0x000006a6   0x000006a6   0x0000001a   Code   RO          419    x$fpl$fpinit        fz_wm.l(fpinit.o)
    0x000006c0   0x000006c0   0x00000020   Data   RO          494    Region$$Table       anon$$obj.o


    Execution Region ER_RW (Exec base: 0x20000000, Load base: 0x000006e0, Size: 0x0000000c, Max: 0xffffffff, ABSOLUTE)

    Exec Addr    Load Addr    Size         Type   Attr      Idx    E Section Name        Object

    0x20000000   0x000006e0   0x00000004   Data   RW          254    .data.SystemCoreClock  system_msp432e401y.o
    0x20000004   0x000006e4   0x00000008   Data   RW           24    .data.motor         main.o


    Execution Region ER_ZI (Exec base: 0x20000010, Load base: 0x000006ec, Size: 0x00000260, Max: 0xffffffff, ABSOLUTE)

    Exec Addr    Load Addr    Size         Type   Attr      Idx    E Section Name        Object

    0x20000010        -       0x00000060   Zero   RW          359    .bss                c_w.l(libspace.o)
    0x20000070        -       0x00000000   Zero   RW          241    HEAP                startup_msp432e401y_uvision.o
    0x20000070        -       0x00000200   Zero   RW          240    STACK               startup_msp432e401y_uvision.o


==============================================================================

Image component sizes


      Code (inc. data)   RO Data    RW Data    ZI Data      Debug   Object Name

       242          0          0          8          0       3106   main.o
       256          0          0          0          0       2417   onboardleds.o
       218          0          0          0          0        761   pll.o
        60         22        508          0        512       1020   startup_msp432e401y_uvision.o
        36          0          0          4          0       7267   system_msp432e401y.o
        88          0          0          0          0       1508   systick.o

    ----------------------------------------------------------------------
       910         22        540         12        512      16079   Object Totals
         0          0         32          0          0          0   (incl. Generated)
        10          0          0          0          0          0   (incl. Padding)

    ----------------------------------------------------------------------

      Code (inc. data)   RO Data    RW Data    ZI Data      Debug   Library Member Name

         8          0          0          0          0         68   __main.o
         0          0          0          0          0          0   __rtentry.o
        12          0          0          0          0          0   __rtentry2.o
         6          0          0          0          0          0   __rtentry4.o
        52          8          0          0          0          0   __scatter.o
        26          0          0          0          0          0   __scatter_copy.o
        28          0          0          0          0          0   __scatter_zi.o
        18          0          0          0          0         80   exit.o
         6          0          0          0          0        152   heapauxi.o
         0          0          0          0          0          0   indicate_semi.o
         2          0          0          0          0          0   libinit.o
         6          0          0          0          0          0   libinit2.o
         2          0          0          0          0          0   libshutdown.o
         2          0          0          0          0          0   libshutdown2.o
         8          4          0          0         96         68   libspace.o
         2          0          0          0          0          0   rtexit.o
        10          0          0          0          0          0   rtexit2.o
        12          4          0          0          0         68   sys_exit.o
        74          0          0          0          0         80   sys_stackheap_outer.o
         2          0          0          0          0         68   use_no_semi.o
        26          0          0          0          0        116   fpinit.o

    ----------------------------------------------------------------------
       310         16          0          0         96        700   Library Totals
         8          0          0          0          0          0   (incl. Padding)

    ----------------------------------------------------------------------

      Code (inc. data)   RO Data    RW Data    ZI Data      Debug   Library Name

       276         16          0          0         96        584   c_w.l
        26          0          0          0          0        116   fz_wm.l

    ----------------------------------------------------------------------
       310         16          0          0         96        700   Library Totals

    ----------------------------------------------------------------------

==============================================================================


      Code (inc. data)   RO Data    RW Data    ZI Data      Debug   

      1220         38        540         12        608      16543   Grand Totals
      1220         38        540         12        608      16543   ELF Image Totals
      1220         38        540         12          0          0   ROM Totals

==============================================================================

    Total RO  Size (Code + RO Data)                 1760 (   1.72kB)
    Total RW  Size (RW Data + ZI Data)               620 (   0.61kB)
    Total ROM Size (Code + RO Data + RW Data)       1772 (   1.73kB)

==============================================================================

